Component: ARM Compiler 5.06 update 7 (build 960) Tool: armlink [4d3601]

==============================================================================

Section Cross References

    startup_stm32f10x_hd.o(STACK) refers (Special) to heapauxi.o(.text) for __use_two_region_memory
    startup_stm32f10x_hd.o(HEAP) refers (Special) to heapauxi.o(.text) for __use_two_region_memory
    startup_stm32f10x_hd.o(RESET) refers (Special) to heapauxi.o(.text) for __use_two_region_memory
    startup_stm32f10x_hd.o(RESET) refers to startup_stm32f10x_hd.o(STACK) for __initial_sp
    startup_stm32f10x_hd.o(RESET) refers to startup_stm32f10x_hd.o(.text) for Reset_Handler
    startup_stm32f10x_hd.o(RESET) refers to usart.o(i.USART1_IRQHandler) for USART1_IRQHandler
    startup_stm32f10x_hd.o(.text) refers (Special) to heapauxi.o(.text) for __use_two_region_memory
    startup_stm32f10x_hd.o(.text) refers to __main.o(!!!main) for __main
    startup_stm32f10x_hd.o(.text) refers to startup_stm32f10x_hd.o(HEAP) for Heap_Mem
    startup_stm32f10x_hd.o(.text) refers to startup_stm32f10x_hd.o(STACK) for Stack_Mem
    test.o(i.main) refers to sys.o(i.Stm32_Clock_Init) for Stm32_Clock_Init
    test.o(i.main) refers to delay.o(i.delay_init) for delay_init
    test.o(i.main) refers to lcd.o(i.LCD_Init) for LCD_Init
    test.o(i.main) refers to lcd.o(i.LCD_Display_Dir) for LCD_Display_Dir
    test.o(i.main) refers to lcd.o(i.LCD_Clear) for LCD_Clear
    test.o(i.main) refers to test code.o(i.main_test) for main_test
    test.o(i.main) refers to test code.o(i.Color_Test) for Color_Test
    test.o(i.main) refers to test code.o(i.FillRec_Test) for FillRec_Test
    test.o(i.main) refers to test code.o(i.English_Font_test) for English_Font_test
    test.o(i.main) refers to test code.o(i.Switch_test) for Switch_test
    test.o(i.main) refers to test code.o(i.Rotate_Test) for Rotate_Test
    test.o(i.main) refers to lcd.o(i.Load_Drow_Dialog) for Load_Drow_Dialog
    test.o(i.main) refers to test code.o(i.rtp_test) for rtp_test
    test.o(i.main) refers to touch.o(.data) for tp_dev
    test.o(i.main) refers to lcd.o(.data) for POINT_COLOR
    delay.o(i.delay_init) refers to delay.o(.data) for fac_us
    delay.o(i.delay_ms) refers to delay.o(.data) for fac_ms
    delay.o(i.delay_us) refers to delay.o(.data) for fac_us
    sys.o(i.MYRCC_DeInit) refers to sys.o(i.MY_NVIC_SetVectorTable) for MY_NVIC_SetVectorTable
    sys.o(i.MY_NVIC_Init) refers to sys.o(i.MY_NVIC_PriorityGroupConfig) for MY_NVIC_PriorityGroupConfig
    sys.o(i.Stm32_Clock_Init) refers to sys.o(i.MYRCC_DeInit) for MYRCC_DeInit
    sys.o(i.Sys_Standby) refers to sys.o(i.WFI_SET) for WFI_SET
    usart.o(i.USART1_IRQHandler) refers (Special) to use_no_semi_2.o(.text) for __use_no_semihosting
    usart.o(i.USART1_IRQHandler) refers to usart.o(.data) for USART_RX_STA
    usart.o(i.USART1_IRQHandler) refers to usart.o(.bss) for USART_RX_BUF
    usart.o(i._sys_exit) refers (Special) to use_no_semi_2.o(.text) for __use_no_semihosting
    usart.o(i.fputc) refers (Special) to use_no_semi_2.o(.text) for __use_no_semihosting
    usart.o(i.uart_init) refers (Special) to use_no_semi_2.o(.text) for __use_no_semihosting
    usart.o(i.uart_init) refers to fflt_clz.o(x$fpl$ffltu) for __aeabi_ui2f
    usart.o(i.uart_init) refers to fdiv.o(x$fpl$fdiv) for __aeabi_fdiv
    usart.o(i.uart_init) refers to ffixu.o(x$fpl$ffixu) for __aeabi_f2uiz
    usart.o(i.uart_init) refers to faddsub_clz.o(x$fpl$frsb) for __aeabi_frsub
    usart.o(i.uart_init) refers to fmul.o(x$fpl$fmul) for __aeabi_fmul
    usart.o(i.uart_init) refers to sys.o(i.MY_NVIC_Init) for MY_NVIC_Init
    usart.o(.bss) refers (Special) to use_no_semi_2.o(.text) for __use_no_semihosting
    usart.o(.data) refers (Special) to use_no_semi_2.o(.text) for __use_no_semihosting
    lcd.o(i.GUI_DrawFont16) refers to lcd.o(i.LCD_Set_Window) for LCD_Set_Window
    lcd.o(i.GUI_DrawFont16) refers to lcd.o(i.LCD_WriteRAM_Prepare) for LCD_WriteRAM_Prepare
    lcd.o(i.GUI_DrawFont16) refers to lcd.o(i.LCD_WriteRAM) for LCD_WriteRAM
    lcd.o(i.GUI_DrawFont16) refers to lcd.o(i.LCD_DrawPoint) for LCD_DrawPoint
    lcd.o(i.GUI_DrawFont16) refers to lcd.o(.data) for tfont16
    lcd.o(i.GUI_DrawFont16) refers to lcd.o(.bss) for lcddev
    lcd.o(i.GUI_DrawFont24) refers to lcd.o(i.LCD_Set_Window) for LCD_Set_Window
    lcd.o(i.GUI_DrawFont24) refers to lcd.o(i.LCD_WriteRAM_Prepare) for LCD_WriteRAM_Prepare
    lcd.o(i.GUI_DrawFont24) refers to lcd.o(i.LCD_WriteRAM) for LCD_WriteRAM
    lcd.o(i.GUI_DrawFont24) refers to lcd.o(i.LCD_DrawPoint) for LCD_DrawPoint
    lcd.o(i.GUI_DrawFont24) refers to lcd.o(.data) for tfont24
    lcd.o(i.GUI_DrawFont24) refers to lcd.o(.bss) for lcddev
    lcd.o(i.GUI_DrawFont32) refers to lcd.o(i.LCD_Set_Window) for LCD_Set_Window
    lcd.o(i.GUI_DrawFont32) refers to lcd.o(i.LCD_WriteRAM_Prepare) for LCD_WriteRAM_Prepare
    lcd.o(i.GUI_DrawFont32) refers to lcd.o(i.LCD_WriteRAM) for LCD_WriteRAM
[...]
    libinit.o(.ARM.Collect$$libinit$$00000000) refers (Special) to libinit2.o(.ARM.Collect$$libinit$$00000030) for __rt_lib_init_exceptions_1
    libinit.o(.ARM.Collect$$libinit$$00000000) refers (Special) to libinit2.o(.ARM.Collect$$libinit$$00000002) for __rt_lib_init_fp_1
    libinit.o(.ARM.Collect$$libinit$$00000000) refers (Special) to libinit2.o(.ARM.Collect$$libinit$$0000001F) for __rt_lib_init_fp_trap_1
    libinit.o(.ARM.Collect$$libinit$$00000000) refers (Special) to libinit2.o(.ARM.Collect$$libinit$$00000023) for __rt_lib_init_getenv_1
    libinit.o(.ARM.Collect$$libinit$$00000000) refers (Special) to libinit2.o(.ARM.Collect$$libinit$$0000000A) for __rt_lib_init_heap_1
    libinit.o(.ARM.Collect$$libinit$$00000000) refers (Special) to libinit2.o(.ARM.Collect$$libinit$$00000011) for __rt_lib_init_lc_collate_1
    libinit.o(.ARM.Collect$$libinit$$00000000) refers (Special) to libinit2.o(.ARM.Collect$$libinit$$00000013) for __rt_lib_init_lc_ctype_1
    libinit.o(.ARM.Collect$$libinit$$00000000) refers (Special) to libinit2.o(.ARM.Collect$$libinit$$00000015) for __rt_lib_init_lc_monetary_1
    libinit.o(.ARM.Collect$$libinit$$00000000) refers (Special) to libinit2.o(.ARM.Collect$$libinit$$00000017) for __rt_lib_init_lc_numeric_1
    libinit.o(.ARM.Collect$$libinit$$00000000) refers (Special) to libinit2.o(.ARM.Collect$$libinit$$00000019) for __rt_lib_init_lc_time_1
    libinit.o(.ARM.Collect$$libinit$$00000000) refers (Special) to libinit2.o(.ARM.Collect$$libinit$$00000004) for __rt_lib_init_preinit_1
    libinit.o(.ARM.Collect$$libinit$$00000000) refers (Special) to libinit2.o(.ARM.Collect$$libinit$$0000000E) for __rt_lib_init_rand_1
    libinit.o(.ARM.Collect$$libinit$$00000000) refers (Special) to libinit2.o(.ARM.Collect$$libinit$$00000033) for __rt_lib_init_return
    libinit.o(.ARM.Collect$$libinit$$00000000) refers (Special) to libinit2.o(.ARM.Collect$$libinit$$0000001D) for __rt_lib_init_signal_1
    libinit.o(.ARM.Collect$$libinit$$00000000) refers (Special) to libinit2.o(.ARM.Collect$$libinit$$00000025) for __rt_lib_init_stdio_1
    libinit.o(.ARM.Collect$$libinit$$00000000) refers (Special) to libinit2.o(.ARM.Collect$$libinit$$0000000C) for __rt_lib_init_user_alloc_1
    rtexit.o(.ARM.Collect$$rtexit$$00000000) refers (Special) to rtexit2.o(.ARM.Collect$$rtexit$$00000004) for __rt_exit_exit
    rtexit.o(.ARM.Collect$$rtexit$$00000000) refers (Special) to rtexit2.o(.ARM.Collect$$rtexit$$00000003) for __rt_exit_ls
    rtexit.o(.ARM.Collect$$rtexit$$00000000) refers (Special) to rtexit2.o(.ARM.Collect$$rtexit$$00000002) for __rt_exit_prels_1
    rtexit.o(.ARM.exidx) refers (Special) to rtexit2.o(.ARM.Collect$$rtexit$$00000004) for __rt_exit_exit
    rtexit.o(.ARM.exidx) refers (Special) to rtexit2.o(.ARM.Collect$$rtexit$$00000003) for __rt_exit_ls
    rtexit.o(.ARM.exidx) refers (Special) to rtexit2.o(.ARM.Collect$$rtexit$$00000002) for __rt_exit_prels_1
    rtexit.o(.ARM.exidx) refers to rtexit.o(.ARM.Collect$$rtexit$$00000000) for .ARM.Collect$$rtexit$$00000000
    libinit2.o(.ARM.Collect$$libinit$$00000010) refers to libinit2.o(.ARM.Collect$$libinit$$0000000F) for .ARM.Collect$$libinit$$0000000F
    libinit2.o(.ARM.Collect$$libinit$$00000012) refers to libinit2.o(.ARM.Collect$$libinit$$0000000F) for .ARM.Collect$$libinit$$0000000F
    libinit2.o(.ARM.Collect$$libinit$$00000014) refers to libinit2.o(.ARM.Collect$$libinit$$0000000F) for .ARM.Collect$$libinit$$0000000F
    libinit2.o(.ARM.Collect$$libinit$$00000016) refers to libinit2.o(.ARM.Collect$$libinit$$0000000F) for .ARM.Collect$$libinit$$0000000F
    libinit2.o(.ARM.Collect$$libinit$$00000018) refers to libinit2.o(.ARM.Collect$$libinit$$0000000F) for .ARM.Collect$$libinit$$0000000F
    libinit2.o(.ARM.Collect$$libinit$$00000026) refers to argv_veneer.o(.emb_text) for __ARM_argv_veneer
    libinit2.o(.ARM.Collect$$libinit$$00000027) refers to argv_veneer.o(.emb_text) for __ARM_argv_veneer
    rtexit2.o(.ARM.Collect$$rtexit$$00000003) refers to libshutdown.o(.ARM.Collect$$libshutdown$$00000000) for __rt_lib_shutdown
    rtexit2.o(.ARM.Collect$$rtexit$$00000004) refers to usart.o(i._sys_exit) for _sys_exit
    rtexit2.o(.ARM.exidx) refers to rtexit2.o(.ARM.Collect$$rtexit$$00000001) for .ARM.Collect$$rtexit$$00000001
    rtexit2.o(.ARM.exidx) refers to rtexit2.o(.ARM.Collect$$rtexit$$00000003) for .ARM.Collect$$rtexit$$00000003
    rtexit2.o(.ARM.exidx) refers to rtexit2.o(.ARM.Collect$$rtexit$$00000004) for .ARM.Collect$$rtexit$$00000004
    argv_veneer.o(.emb_text) refers to no_argv.o(.text) for __ARM_get_argv
    _get_argv_nomalloc.o(.text) refers (Special) to hrguard.o(.text) for __heap_region$guard
    _get_argv_nomalloc.o(.text) refers to defsig_rtmem_outer.o(.text) for __rt_SIGRTMEM
    _get_argv_nomalloc.o(.text) refers to sys_command.o(.text) for _sys_command_string
    libshutdown.o(.ARM.Collect$$libshutdown$$00000000) refers (Special) to libshutdown2.o(.ARM.Collect$$libshutdown$$00000004) for __rt_lib_shutdown_cpp_1
    libshutdown.o(.ARM.Collect$$libshutdown$$00000000) refers (Special) to libshutdown2.o(.ARM.Collect$$libshutdown$$00000002) for __rt_lib_shutdown_fini_1
    libshutdown.o(.ARM.Collect$$libshutdown$$00000000) refers (Special) to libshutdown2.o(.ARM.Collect$$libshutdown$$00000009) for __rt_lib_shutdown_fp_trap_1
    libshutdown.o(.ARM.Collect$$libshutdown$$00000000) refers (Special) to libshutdown2.o(.ARM.Collect$$libshutdown$$00000011) for __rt_lib_shutdown_heap_1
    libshutdown.o(.ARM.Collect$$libshutdown$$00000000) refers (Special) to libshutdown2.o(.ARM.Collect$$libshutdown$$00000012) for __rt_lib_shutdown_return
    libshutdown.o(.ARM.Collect$$libshutdown$$00000000) refers (Special) to libshutdown2.o(.ARM.Collect$$libshutdown$$0000000C) for __rt_lib_shutdown_signal_1
    libshutdown.o(.ARM.Collect$$libshutdown$$00000000) refers (Special) to libshutdown2.o(.ARM.Collect$$libshutdown$$00000006) for __rt_lib_shutdown_stdio_1
    libshutdown.o(.ARM.Collect$$libshutdown$$00000000) refers (Special) to libshutdown2.o(.ARM.Collect$$libshutdown$$0000000E) for __rt_lib_shutdown_user_alloc_1
    sys_command.o(.text) refers (Special) to use_no_semi.o(.text) for __I$use$semihosting
    sys_command.o(.text) refers (Special) to indicate_semi.o(.text) for __semihosting_library_function
    defsig_rtmem_outer.o(.text) refers to defsig_rtmem_inner.o(.text) for __rt_SIGRTMEM_inner
    defsig_rtmem_outer.o(.text) refers to defsig_exit.o(.text) for __sig_exit
    defsig_rtmem_formal.o(.text) refers to rt_raise.o(.text) for __rt_raise
    rt_raise.o(.text) refers to __raise.o(.text) for __raise
    rt_raise.o(.text) refers to usart.o(i._sys_exit) for _sys_exit
    defsig_exit.o(.text) refers to usart.o(i._sys_exit) for _sys_exit
    defsig_rtmem_inner.o(.text) refers to defsig_general.o(.text) for __default_signal_display
    __raise.o(.text) refers to defsig.o(CL$$defsig) for __default_signal_handler
    defsig_general.o(.text) refers to sys_wrch.o(.text) for _ttywrch
    sys_wrch.o(.text) refers (Special) to use_no_semi.o(.text) for __I$use$semihosting
    sys_wrch.o(.text) refers (Special) to indicate_semi.o(.text) for __semihosting_library_function
    defsig.o(CL$$defsig) refers to defsig_rtmem_inner.o(.text) for __rt_SIGRTMEM_inner
    defsig_abrt_inner.o(.text) refers to defsig_general.o(.text) for __default_signal_display
    defsig_fpe_inner.o(.text) refers to defsig_general.o(.text) for __default_signal_display
    defsig_rtred_inner.o(.text) refers to defsig_general.o(.text) for __default_signal_display
    defsig_stak_inner.o(.text) refers to defsig_general.o(.text) for __default_signal_display
    defsig_pvfn_inner.o(.text) refers to defsig_general.o(.text) for __default_signal_display
    defsig_cppl_inner.o(.text) refers to defsig_general.o(.text) for __default_signal_display
    defsig_segv_inner.o(.text) refers to defsig_general.o(.text) for __default_signal_display
    defsig_other.o(.text) refers to defsig_general.o(.text) for __default_signal_display


==============================================================================

Removing Unused input sections from the image.

    Removing sys.o(.emb_text), (6 bytes).
    Removing sys.o(i.Ex_NVIC_Config), (160 bytes).
    Removing sys.o(i.INTX_DISABLE), (4 bytes).
    Removing sys.o(i.INTX_ENABLE), (4 bytes).
    Removing sys.o(i.MY_NVIC_Init), (120 bytes).
    Removing sys.o(i.MY_NVIC_PriorityGroupConfig), (40 bytes).
    Removing sys.o(i.Sys_Soft_Reset), (16 bytes).
    Removing sys.o(i.Sys_Standby), (76 bytes).
    Removing sys.o(i.WFI_SET), (4 bytes).
    Removing usart.o(i.fputc), (28 bytes).
    Removing usart.o(i.uart_init), (220 bytes).
    Removing lcd.o(i.LCD_Color_Fill), (92 bytes).
    Removing lcd.o(i.LCD_RD_DATA), (112 bytes).
    Removing lcd.o(i.LCD_ReadPoint), (304 bytes).
    Removing lcd.o(i.LCD_Read_ID), (68 bytes).
    Removing lcd.o(i.LCD_ShowxNum), (190 bytes).
    Removing lcd.o(i.lcd_draw_bline), (212 bytes).
    Removing lcd.o(i.opt_delay), (14 bytes).
    Removing ctp.o(i.FT6336_Init), (44 bytes).
    Removing ctp.o(i.FT6336_RD_Reg), (88 bytes).
    Removing ctp.o(i.FT6336_Scan), (408 bytes).
    Removing ctp.o(i.FT6336_WR_Reg), (82 bytes).
    Removing ctp.o(.constdata), (10 bytes).
    Removing ctp.o(.data), (1 bytes).
    Removing ctiic.o(i.CT_Delay), (10 bytes).
    Removing ctiic.o(i.CT_IIC_Ack), (80 bytes).
    Removing ctiic.o(i.CT_IIC_Init), (76 bytes).
    Removing ctiic.o(i.CT_IIC_NAck), (80 bytes).
    Removing ctiic.o(i.CT_IIC_Read_Byte), (108 bytes).
    Removing ctiic.o(i.CT_IIC_Send_Byte), (96 bytes).
    Removing ctiic.o(i.CT_IIC_Start), (76 bytes).
    Removing ctiic.o(i.CT_IIC_Stop), (72 bytes).
    Removing ctiic.o(i.CT_IIC_Wait_Ack), (96 bytes).
    Removing w25qx.o(i.SPI_Read), (52 bytes).
    Removing w25qx.o(i.SPI_Write), (60 bytes).
    Removing w25qx.o(i.W25Q16_Read), (80 bytes).
    Removing w25qx.o(i.W25Q16_ReadSR), (44 bytes).
    Removing w25qx.o(i.W25Q16_Write), (184 bytes).
    Removing w25qx.o(i.W25QX_Erase_Sector), (80 bytes).
    Removing w25qx.o(i.W25QX_Flash_ReadID), (68 bytes).
    Removing w25qx.o(i.W25QX_Flash_Write_Page), (88 bytes).
    Removing w25qx.o(i.W25QX_Write_NoCheck), (66 bytes).
    Removing w25qx.o(i.W25QX_init), (108 bytes).
    Removing w25qx.o(i.W25q16_Erasure), (64 bytes).
    Removing w25qx.o(i.Write_Disable), (32 bytes).
    Removing w25qx.o(i.Write_Enable), (32 bytes).
    Removing w25qx.o(.bss), (4096 bytes).
    Removing touch.o(i.TP_Save_Adjdata), (2 bytes).
    Removing test code.o(i.Chinese_Font_test), (188 bytes).
    Removing test code.o(i.Pic_test), (68 bytes).
    Removing test code.o(i.Read_Test), (284 bytes).
    Removing test code.o(i.ctp_test), (248 bytes).

52 unused section(s) (total 8841 bytes) removed from the image.

==============================================================================

Image Symbol Table

    Local Symbols

    Symbol Name                              Value     Ov Type        Size  Object(Section)

    ../clib/angel/boardlib.s                 0x00000000   Number         0  boardinit3.o ABSOLUTE
    ../clib/angel/boardlib.s                 0x00000000   Number         0  boardshut.o ABSOLUTE
    ../clib/angel/boardlib.s                 0x00000000   Number         0  boardinit1.o ABSOLUTE
    ../clib/angel/boardlib.s                 0x00000000   Number         0  boardinit2.o ABSOLUTE
    ../clib/angel/dczerorl2.s                0x00000000   Number         0  __dczerorl2.o ABSOLUTE
    ../clib/angel/handlers.s                 0x00000000   Number         0  __scatter_zi.o ABSOLUTE
    ../clib/angel/kernel.s                   0x00000000   Number         0  rtexit2.o ABSOLUTE
    ../clib/angel/kernel.s                   0x00000000   Number         0  __rtentry2.o ABSOLUTE
    ../clib/angel/kernel.s                   0x00000000   Number         0  rtexit.o ABSOLUTE
    ../clib/angel/kernel.s                   0x00000000   Number         0  __rtentry.o ABSOLUTE
    ../clib/angel/kernel.s                   0x00000000   Number         0  __rtentry4.o ABSOLUTE
    ../clib/angel/rt.s                       0x00000000   Number         0  rt_errno_addr.o ABSOLUTE
    ../clib/angel/rt.s                       0x00000000   Number         0  rt_errno_addr_intlibspace.o ABSOLUTE
    ../clib/angel/rt.s                       0x00000000   Number         0  rt_raise.o ABSOLUTE
    ../clib/angel/scatter.s                  0x00000000   Number         0  __scatter.o ABSOLUTE
    ../clib/angel/startup.s                  0x00000000   Number         0  __main.o ABSOLUTE
    ../clib/angel/sys.s                      0x00000000   Number         0  libspace.o ABSOLUTE
    ../clib/angel/sys.s                      0x00000000   Number         0  sys_stackheap_outer.o ABSOLUTE
    ../clib/angel/sys.s                      0x00000000   Number         0  indicate_semi.o ABSOLUTE
    ../clib/angel/sys.s                      0x00000000   Number         0  use_no_semi_2.o ABSOLUTE
    ../clib/angel/sys.s                      0x00000000   Number         0  use_no_semi.o ABSOLUTE
    ../clib/angel/sysapp.c                   0x00000000   Number         0  sys_command.o ABSOLUTE
    ../clib/angel/sysapp.c                   0x00000000   Number         0  sys_wrch.o ABSOLUTE
    ../clib/armsys.c                         0x00000000   Number         0  no_argv.o ABSOLUTE
    ../clib/armsys.c                         0x00000000   Number         0  _get_argv_nomalloc.o ABSOLUTE
    ../clib/armsys.c                         0x00000000   Number         0  argv_veneer.o ABSOLUTE
    ../clib/armsys.c                         0x00000000   Number         0  argv_veneer.o ABSOLUTE
    ../clib/fenv.c                           0x00000000   Number         0  _rserrno.o ABSOLUTE
    ../clib/heapalloc.c                      0x00000000   Number         0  hrguard.o ABSOLUTE
    ../clib/heapaux.c                        0x00000000   Number         0  heapauxi.o ABSOLUTE
    ../clib/libinit.s                        0x00000000   Number         0  libshutdown.o ABSOLUTE
    ../clib/libinit.s                        0x00000000   Number         0  libinit.o ABSOLUTE
    ../clib/libinit.s                        0x00000000   Number         0  libshutdown2.o ABSOLUTE
    ../clib/libinit.s                        0x00000000   Number         0  libinit2.o ABSOLUTE
    ../clib/memcpset.s                       0x00000000   Number         0  rt_memclr_w.o ABSOLUTE
    ../clib/memcpset.s                       0x00000000   Number         0  rt_memcpy_w.o ABSOLUTE
    ../clib/misc.s                           0x00000000   Number         0  printf_stubs.o ABSOLUTE
    ../clib/printf.c                         0x00000000   Number         0  _printf_hex_int_ll.o ABSOLUTE
    ../clib/printf.c                         0x00000000   Number         0  _printf_hex_int.o ABSOLUTE
    ../clib/printf.c                         0x00000000   Number         0  _printf_hex_ll.o ABSOLUTE
    ../clib/printf.c                         0x00000000   Number         0  _printf_pad.o ABSOLUTE
    ../clib/printf.c                         0x00000000   Number         0  _sputc.o ABSOLUTE
    ../clib/printf.c                         0x00000000   Number         0  __printf_wp.o ABSOLUTE
    ../clib/printf.c                         0x00000000   Number         0  _printf_char_common.o ABSOLUTE
    ../clib/printf.c                         0x00000000   Number         0  _printf_intcommon.o ABSOLUTE
    ../clib/printf.c                         0x00000000   Number         0  __printf.o ABSOLUTE
    ../clib/printf.c                         0x00000000   Number         0  __2sprintf.o ABSOLUTE
    ../clib/printf.c                         0x00000000   Number         0  __printf_flags_wp.o ABSOLUTE
    ../clib/printf.c                         0x00000000   Number         0  __printf_flags_ss_wp.o ABSOLUTE
    ../clib/printf.c                         0x00000000   Number         0  __printf_ss_wp.o ABSOLUTE
    ../clib/printf.c                         0x00000000   Number         0  __printf_flags_ss.o ABSOLUTE
    ../clib/printf.c                         0x00000000   Number         0  __printf_ss.o ABSOLUTE
    ../clib/printf.c                         0x00000000   Number         0  __printf_flags.o ABSOLUTE
    ../clib/printf.c                         0x00000000   Number         0  _printf_hex_int_ll_ptr.o ABSOLUTE
    ../clib/printf.c                         0x00000000   Number         0  __printf_nopercent.o ABSOLUTE
    ../clib/printf.c                         0x00000000   Number         0  _printf_hex_ll_ptr.o ABSOLUTE
    ../clib/printf.c                         0x00000000   Number         0  noretval__2sprintf.o ABSOLUTE
    ../clib/printf.c                         0x00000000   Number         0  _printf_hex_int_ptr.o ABSOLUTE
    ../clib/printf.c                         0x00000000   Number         0  _printf_hex_ptr.o ABSOLUTE
    ../clib/printf_percent.s                 0x00000000   Number         0  _printf_x.o ABSOLUTE
    ../clib/printf_percent.s                 0x00000000   Number         0  _printf_percent_end.o ABSOLUTE
    ../clib/printf_percent.s                 0x00000000   Number         0  _printf_percent.o ABSOLUTE
    ../clib/signal.c                         0x00000000   Number         0  defsig_rtmem_outer.o ABSOLUTE
    ../clib/signal.c                         0x00000000   Number         0  defsig_other.o ABSOLUTE
    ../clib/signal.c                         0x00000000   Number         0  defsig_segv_inner.o ABSOLUTE
    ../clib/signal.c                         0x00000000   Number         0  __raise.o ABSOLUTE
    ../clib/signal.c                         0x00000000   Number         0  defsig_cppl_inner.o ABSOLUTE
    ../clib/signal.c                         0x00000000   Number         0  defsig_stak_inner.o ABSOLUTE
    ../clib/signal.c                         0x00000000   Number         0  defsig_rtred_inner.o ABSOLUTE
    ../clib/signal.c                         0x00000000   Number         0  defsig_fpe_inner.o ABSOLUTE
    ../clib/signal.c                         0x00000000   Number         0  defsig_abrt_inner.o ABSOLUTE
    ../clib/signal.c                         0x00000000   Number         0  defsig_pvfn_inner.o ABSOLUTE
    ../clib/signal.c                         0x00000000   Number         0  defsig_general.o ABSOLUTE
    ../clib/signal.c                         0x00000000   Number         0  defsig_rtmem_inner.o ABSOLUTE
    ../clib/signal.c                         0x00000000   Number         0  defsig_exit.o ABSOLUTE
    ../clib/signal.c                         0x00000000   Number         0  defsig_rtmem_formal.o ABSOLUTE
    ../clib/signal.s                         0x00000000   Number         0  defsig.o ABSOLUTE
    ../clib/stdlib.c                         0x00000000   Number         0  exit.o ABSOLUTE
    ../clib/string.c                         0x00000000   Number         0  strlen.o ABSOLUTE
    ../fplib/dcmpi.s                         0x00000000   Number         0  dcmpi.o ABSOLUTE
    ../fplib/dfixu.s                         0x00000000   Number         0  dfixu.o ABSOLUTE
    ../fplib/dflt.s                          0x00000000   Number         0  dflt_clz.o ABSOLUTE
    ../fplib/dleqf.s                         0x00000000   Number         0  dleqf.o ABSOLUTE
    ../fplib/dmul.s                          0x00000000   Number         0  dmul.o ABSOLUTE
    ../fplib/dnaninf.s                       0x00000000   Number         0  dnaninf.o ABSOLUTE
    ../fplib/dretinf.s                       0x00000000   Number         0  dretinf.o ABSOLUTE
    ../fplib/drleqf.s                        0x00000000   Number         0  drleqf.o ABSOLUTE
    ../fplib/dsqrt.s                         0x00000000   Number         0  dsqrt_noumaal.o ABSOLUTE
    ../fplib/f2d.s                           0x00000000   Number         0  f2d.o ABSOLUTE
    ../fplib/faddsub.s                       0x00000000   Number         0  faddsub_clz.o ABSOLUTE
    ../fplib/fdiv.s                          0x00000000   Number         0  fdiv.o ABSOLUTE
    ../fplib/ffix.s                          0x00000000   Number         0  ffix.o ABSOLUTE
    ../fplib/ffixu.s                         0x00000000   Number         0  ffixu.o ABSOLUTE
    ../fplib/fflt.s                          0x00000000   Number         0  fflt_clz.o ABSOLUTE
    ../fplib/fmul.s                          0x00000000   Number         0  fmul.o ABSOLUTE
    ../fplib/fnaninf.s                       0x00000000   Number         0  fnaninf.o ABSOLUTE
    ../fplib/fpinit.s                        0x00000000   Number         0  fpinit.o ABSOLUTE
    ../fplib/fretinf.s                       0x00000000   Number         0  fretinf.o ABSOLUTE
    ../fplib/usenofp.s                       0x00000000   Number         0  usenofp.o ABSOLUTE
    ../mathlib/sqrt.c                        0x00000000   Number         0  sqrt.o ABSOLUTE
    ../mathlib/sqrt.c                        0x00000000   Number         0  sqrt_x.o ABSOLUTE
    ..\HARDWARE\LCD\LCD.c                    0x00000000   Number         0  lcd.o ABSOLUTE
    ..\HARDWARE\TEST\test code.c             0x00000000   Number         0  test code.o ABSOLUTE
    ..\HARDWARE\TOUCH\ctiic.c                0x00000000   Number         0  ctiic.o ABSOLUTE
    ..\HARDWARE\TOUCH\ctp.c                  0x00000000   Number         0  ctp.o ABSOLUTE
    ..\HARDWARE\TOUCH\touch.c                0x00000000   Number         0  touch.o ABSOLUTE
    ..\HARDWARE\W25QX\w25qx.c                0x00000000   Number         0  w25qx.o ABSOLUTE
    ..\SYSTEM\delay\delay.c                  0x00000000   Number         0  delay.o ABSOLUTE
    ..\SYSTEM\sys\sys.c                      0x00000000   Number         0  sys.o ABSOLUTE
    ..\SYSTEM\usart\usart.c                  0x00000000   Number         0  usart.o ABSOLUTE
    ..\\SYSTEM\\sys\\sys.c                   0x00000000   Number         0  sys.o ABSOLUTE
    dc.s                                     0x00000000   Number         0  dc.o ABSOLUTE
    startup_stm32f10x_hd.s                   0x00000000   Number         0  startup_stm32f10x_hd.o ABSOLUTE
    test.c                                   0x00000000   Number         0  test.o ABSOLUTE
    RESET                                    0x08000000   Section      304  startup_stm32f10x_hd.o(RESET)
    !!!main                                  0x08000130   Section        8  __main.o(!!!main)
    !!!scatter                               0x08000138   Section       52  __scatter.o(!!!scatter)
    !!dczerorl2                              0x0800016c   Section       90  __dczerorl2.o(!!dczerorl2)
    !!handler_zi                             0x080001c8   Section       28  __scatter_zi.o(!!handler_zi)
    .ARM.Collect$$libinit$$00000000          0x080001e4   Section        2  libinit.o(.ARM.Collect$$libinit$$00000000)
    .ARM.Collect$$libinit$$00000002          0x080001e6   Section        0  libinit2.o(.ARM.Collect$$libinit$$00000002)
    .ARM.Collect$$libinit$$00000004          0x080001e6   Section        0  libinit2.o(.ARM.Collect$$libinit$$00000004)
    .ARM.Collect$$libinit$$0000000A          0x080001e6   Section        0  libinit2.o(.ARM.Collect$$libinit$$0000000A)
    .ARM.Collect$$libinit$$0000000C          0x080001e6   Section        0  libinit2.o(.ARM.Collect$$libinit$$0000000C)
    .ARM.Collect$$libinit$$0000000E          0x080001e6   Section        0  libinit2.o(.ARM.Collect$$libinit$$0000000E)
    .ARM.Collect$$libinit$$00000011          0x080001e6   Section        0  libinit2.o(.ARM.Collect$$libinit$$00000011)
    .ARM.Collect$$libinit$$00000013          0x080001e6   Section        0  libinit2.o(.ARM.Collect$$libinit$$00000013)
    .ARM.Collect$$libinit$$00000015          0x080001e6   Section        0  libinit2.o(.ARM.Collect$$libinit$$00000015)
    .ARM.Collect$$libinit$$00000017          0x080001e6   Section        0  libinit2.o(.ARM.Collect$$libinit$$00000017)
    .ARM.Collect$$libinit$$00000019          0x080001e6   Section        0  libinit2.o(.ARM.Collect$$libinit$$00000019)
    .ARM.Collect$$libinit$$0000001B          0x080001e6   Section        0  libinit2.o(.ARM.Collect$$libinit$$0000001B)
    .ARM.Collect$$libinit$$0000001D          0x080001e6   Section        0  libinit2.o(.ARM.Collect$$libinit$$0000001D)
    .ARM.Collect$$libinit$$0000001F          0x080001e6   Section        0  libinit2.o(.ARM.Collect$$libinit$$0000001F)
    .ARM.Collect$$libinit$$00000021          0x080001e6   Section        0  libinit2.o(.ARM.Collect$$libinit$$00000021)
    .ARM.Collect$$libinit$$00000023          0x080001e6   Section        0  libinit2.o(.ARM.Collect$$libinit$$00000023)
    .ARM.Collect$$libinit$$00000025          0x080001e6   Section        0  libinit2.o(.ARM.Collect$$libinit$$00000025)
    .ARM.Collect$$libinit$$0000002C          0x080001e6   Section        0  libinit2.o(.ARM.Collect$$libinit$$0000002C)
    .ARM.Collect$$libinit$$0000002E          0x080001e6   Section        0  libinit2.o(.ARM.Collect$$libinit$$0000002E)
    .ARM.Collect$$libinit$$00000030          0x080001e6   Section        0  libinit2.o(.ARM.Collect$$libinit$$00000030)
    .ARM.Collect$$libinit$$00000032          0x080001e6   Section        0  libinit2.o(.ARM.Collect$$libinit$$00000032)
    .ARM.Collect$$libinit$$00000033          0x080001e6   Section        2  libinit2.o(.ARM.Collect$$libinit$$00000033)
    .ARM.Collect$$libshutdown$$00000000      0x080001e8   Section        2  libshutdown.o(.ARM.Collect$$libshutdown$$00000000)
    .ARM.Collect$$libshutdown$$00000002      0x080001ea   Section        0  libshutdown2.o(.ARM.Collect$$libshutdown$$00000002)
    .ARM.Collect$$libshutdown$$00000004      0x080001ea   Section        0  libshutdown2.o(.ARM.Collect$$libshutdown$$00000004)
    .ARM.Collect$$libshutdown$$00000006      0x080001ea   Section        0  libshutdown2.o(.ARM.Collect$$libshutdown$$00000006)
    .ARM.Collect$$libshutdown$$00000009      0x080001ea   Section        0  libshutdown2.o(.ARM.Collect$$libshutdown$$00000009)
    .ARM.Collect$$libshutdown$$0000000C      0x080001ea   Section        0  libshutdown2.o(.ARM.Collect$$libshutdown$$0000000C)
    .ARM.Collect$$libshutdown$$0000000E      0x080001ea   Section        0  libshutdown2.o(.ARM.Collect$$libshutdown$$0000000E)
    .ARM.Collect$$libshutdown$$00000011      0x080001ea   Section        0  libshutdown2.o(.ARM.Collect$$libshutdown$$00000011)
    .ARM.Collect$$libshutdown$$00000012      0x080001ea   Section        2  libshutdown2.o(.ARM.Collect$$libshutdown$$00000012)
    .ARM.Collect$$rtentry$$00000000          0x080001ec   Section        0  __rtentry.o(.ARM.Collect$$rtentry$$00000000)
    .ARM.Collect$$rtentry$$00000002          0x080001ec   Section        0  __rtentry2.o(.ARM.Collect$$rtentry$$00000002)
    .ARM.Collect$$rtentry$$00000004          0x080001ec   Section        6  __rtentry4.o(.ARM.Collect$$rtentry$$00000004)
    .ARM.Collect$$rtentry$$00000009          0x080001f2   Section        0  __rtentry2.o(.ARM.Collect$$rtentry$$00000009)
    .ARM.Collect$$rtentry$$0000000A          0x080001f2   Section        4  __rtentry2.o(.ARM.Collect$$rtentry$$0000000A)
    .ARM.Collect$$rtentry$$0000000C          0x080001f6   Section        0  __rtentry2.o(.ARM.Collect$$rtentry$$0000000C)
    .ARM.Collect$$rtentry$$0000000D          0x080001f6   Section        8  __rtentry2.o(.ARM.Collect$$rtentry$$0000000D)
    .ARM.Collect$$rtexit$$00000000           0x080001fe   Section        2  rtexit.o(.ARM.Collect$$rtexit$$00000000)
    .ARM.Collect$$rtexit$$00000002           0x08000200   Section        0  rtexit2.o(.ARM.Collect$$rtexit$$00000002)
    .ARM.Collect$$rtexit$$00000003           0x08000200   Section        4  rtexit2.o(.ARM.Collect$$rtexit$$00000003)
    .ARM.Collect$$rtexit$$00000004           0x08000204   Section        6  rtexit2.o(.ARM.Collect$$rtexit$$00000004)
    .text                                    0x0800020c   Section       56  startup_stm32f10x_hd.o(.text)
    .text                                    0x08000244   Section        2  use_no_semi_2.o(.text)
    .text                                    0x08000246   Section        0  strlen.o(.text)
    .text                                    0x08000284   Section      100  rt_memcpy_w.o(.text)
    .text                                    0x080002e8   Section        0  heapauxi.o(.text)
    .text                                    0x080002ee   Section        2  use_no_semi.o(.text)
    .text                                    0x080002f0   Section        0  _rserrno.o(.text)
    .text                                    0x08000308   Section        8  rt_errno_addr_intlibspace.o(.text)
    .text                                    0x08000310   Section        8  libspace.o(.text)
    .text                                    0x08000318   Section       74  sys_stackheap_outer.o(.text)
    .text                                    0x08000362   Section        0  exit.o(.text)
    i.Color_Test                             0x08000374   Section        0  test code.o(i.Color_Test)
    i.DispBand                               0x0800042c   Section        0  test code.o(i.DispBand)
    i.DrawTestPage                           0x080004c8   Section        0  test code.o(i.DrawTestPage)
    i.English_Font_test                      0x080005f0   Section        0  test code.o(i.English_Font_test)
    i.FillRec_Test                           0x08000778   Section        0  test code.o(i.FillRec_Test)
    i.GUI_DrawFont16                         0x08000974   Section        0  lcd.o(i.GUI_DrawFont16)
    i.GUI_DrawFont24                         0x08000a70   Section        0  lcd.o(i.GUI_DrawFont24)
    i.GUI_DrawFont32                         0x08000b7c   Section        0  lcd.o(i.GUI_DrawFont32)
    i.Gui_Drawbmp16                          0x08000c78   Section        0  lcd.o(i.Gui_Drawbmp16)
    i.Gui_StrCenter                          0x08000cc8   Section        0  lcd.o(i.Gui_StrCenter)
    i.JTAG_Set                               0x08000d28   Section        0  sys.o(i.JTAG_Set)
    i.LCD_Clear                              0x08000d58   Section        0  lcd.o(i.LCD_Clear)
    i.LCD_DisplayOff                         0x08000d88   Section        0  lcd.o(i.LCD_DisplayOff)
    i.LCD_DisplayOn                          0x08000d92   Section        0  lcd.o(i.LCD_DisplayOn)
    i.LCD_Display_Dir                        0x08000d9c   Section        0  lcd.o(i.LCD_Display_Dir)
    i.LCD_DrawLine                           0x08000e84   Section        0  lcd.o(i.LCD_DrawLine)
    i.LCD_DrawPoint                          0x08000f34   Section        0  lcd.o(i.LCD_DrawPoint)
    i.LCD_DrawRectangle                      0x08000f54   Section        0  lcd.o(i.LCD_DrawRectangle)
    i.LCD_Draw_Circle                        0x08000f90   Section        0  lcd.o(i.LCD_Draw_Circle)
    i.LCD_Fast_DrawPoint                     0x08001028   Section        0  lcd.o(i.LCD_Fast_DrawPoint)
    i.LCD_Fill                               0x08001048   Section        0  lcd.o(i.LCD_Fill)
    i.LCD_Init                               0x08001100   Section        0  lcd.o(i.LCD_Init)
    i.LCD_Pow                                0x08001384   Section        0  lcd.o(i.LCD_Pow)
    i.LCD_SetCursor                          0x0800139c   Section        0  lcd.o(i.LCD_SetCursor)
    i.LCD_Set_Window                         0x080013d0   Section        0  lcd.o(i.LCD_Set_Window)
    i.LCD_ShowChar                           0x08001434   Section        0  lcd.o(i.LCD_ShowChar)
    i.LCD_ShowNum                            0x0800155c   Section        0  lcd.o(i.LCD_ShowNum)
    i.LCD_ShowString                         0x080015f0   Section        0  lcd.o(i.LCD_ShowString)
    i.LCD_WR_DATA                            0x08001658   Section        0  lcd.o(i.LCD_WR_DATA)
    i.LCD_WR_REG                             0x080016b0   Section        0  lcd.o(i.LCD_WR_REG)
    i.LCD_WriteRAM                           0x08001708   Section        0  lcd.o(i.LCD_WriteRAM)
    i.LCD_WriteRAM_Prepare                   0x08001714   Section        0  lcd.o(i.LCD_WriteRAM_Prepare)
    i.LCD_WriteReg                           0x08001724   Section        0  lcd.o(i.LCD_WriteReg)
    i.Load_Drow_Dialog                       0x08001738   Section        0  lcd.o(i.Load_Drow_Dialog)
    i.MYRCC_DeInit                           0x08001784   Section        0  sys.o(i.MYRCC_DeInit)
    i.MY_NVIC_SetVectorTable                 0x080017ec   Section        0  sys.o(i.MY_NVIC_SetVectorTable)
    i.Rotate_Test                            0x08001800   Section        0  test code.o(i.Rotate_Test)
    i.Show_Str                               0x08001880   Section        0  lcd.o(i.Show_Str)
    i.Stm32_Clock_Init                       0x08001974   Section        0  sys.o(i.Stm32_Clock_Init)
    i.Switch_test                            0x08001a04   Section        0  test code.o(i.Switch_test)
    i.TP_Adj_Info_Show                       0x08001a30   Section        0  touch.o(i.TP_Adj_Info_Show)
    i.TP_Adjust                              0x08001bd8   Section        0  touch.o(i.TP_Adjust)
    i.TP_Draw_Big_Point                      0x08002430   Section        0  touch.o(i.TP_Draw_Big_Point)
    i.TP_Drow_Touch_Point                    0x0800246c   Section        0  touch.o(i.TP_Drow_Touch_Point)
    i.TP_Get_Adjdata                         0x080024dc   Section        0  touch.o(i.TP_Get_Adjdata)
    i.TP_Init                                0x080024e0   Section        0  touch.o(i.TP_Init)
    i.TP_Read_AD                             0x08002540   Section        0  touch.o(i.TP_Read_AD)
    i.TP_Read_XOY                            0x080025d0   Section        0  touch.o(i.TP_Read_XOY)
    i.TP_Read_XY                             0x08002648   Section        0  touch.o(i.TP_Read_XY)
    i.TP_Read_XY2                            0x08002678   Section        0  touch.o(i.TP_Read_XY2)
    i.TP_Scan                                0x08002738   Section        0  touch.o(i.TP_Scan)
    i.TP_Write_Byte                          0x08002848   Section        0  touch.o(i.TP_Write_Byte)
    i.USART1_IRQHandler                      0x08002894   Section        0  usart.o(i.USART1_IRQHandler)
    i._sys_exit                              0x08002918   Section        0  usart.o(i._sys_exit)
    i.delay_init                             0x08002920   Section        0  delay.o(i.delay_init)
    i.delay_ms                               0x08002960   Section        0  delay.o(i.delay_ms)
    i.delay_us                               0x0800299c   Section        0  delay.o(i.delay_us)
    i.gui_draw_hline                         0x080029d8   Section        0  lcd.o(i.gui_draw_hline)
    i.gui_fill_circle                        0x080029fc   Section        0  lcd.o(i.gui_fill_circle)
    i.main                                   0x08002aac   Section        0  test.o(i.main)
    i.main_test                              0x08002b30   Section        0  test code.o(i.main_test)
    i.rtp_test                               0x08002bfc   Section        0  test code.o(i.rtp_test)
    i.sqrt                                   0x08002c68   Section        0  sqrt.o(i.sqrt)
    x$fpl$dcmpinf                            0x08002cb4   Section       24  dcmpi.o(x$fpl$dcmpinf)
    x$fpl$dfixu                              0x08002ccc   Section       90  dfixu.o(x$fpl$dfixu)
    x$fpl$dfltu                              0x08002d26   Section       38  dflt_clz.o(x$fpl$dfltu)
    x$fpl$dleqf                              0x08002d4c   Section      120  dleqf.o(x$fpl$dleqf)
    x$fpl$dmul                               0x08002dc4   Section      340  dmul.o(x$fpl$dmul)
    x$fpl$dnaninf                            0x08002f18   Section      156  dnaninf.o(x$fpl$dnaninf)
    x$fpl$dretinf                            0x08002fb4   Section       12  dretinf.o(x$fpl$dretinf)
    x$fpl$drleqf                             0x08002fc0   Section      108  drleqf.o(x$fpl$drleqf)
    x$fpl$dsqrt                              0x0800302c   Section      460  dsqrt_noumaal.o(x$fpl$dsqrt)
    x$fpl$f2d                                0x080031f8   Section       86  f2d.o(x$fpl$f2d)
    x$fpl$fadd                               0x08003250   Section      196  faddsub_clz.o(x$fpl$fadd)
    _fadd1                                   0x0800325f   Thumb Code     0  faddsub_clz.o(x$fpl$fadd)
    x$fpl$fdiv                               0x08003314   Section      388  fdiv.o(x$fpl$fdiv)
    _fdiv1                                   0x08003315   Thumb Code     0  fdiv.o(x$fpl$fdiv)
    x$fpl$ffix                               0x08003498   Section       54  ffix.o(x$fpl$ffix)
    x$fpl$ffixu                              0x080034d0   Section       62  ffixu.o(x$fpl$ffixu)
    x$fpl$fflt                               0x08003510   Section       48  fflt_clz.o(x$fpl$fflt)
    x$fpl$ffltu                              0x08003540   Section       38  fflt_clz.o(x$fpl$ffltu)
    x$fpl$fmul                               0x08003568   Section      258  fmul.o(x$fpl$fmul)
    x$fpl$fnaninf                            0x0800366a   Section      140  fnaninf.o(x$fpl$fnaninf)
    x$fpl$fretinf                            0x080036f6   Section       10  fretinf.o(x$fpl$fretinf)
    x$fpl$fsub                               0x08003700   Section      234  faddsub_clz.o(x$fpl$fsub)
    _fsub1                                   0x0800370f   Thumb Code     0  faddsub_clz.o(x$fpl$fsub)
    .constdata                               0x080037ea   Section     6080  lcd.o(.constdata)
    x$fpl$usenofp                            0x080037ea   Section        0  usenofp.o(x$fpl$usenofp)
    .constdata                               0x08004fac   Section        4  touch.o(.constdata)
    .constdata                               0x08004fb0   Section       60  test code.o(.constdata)
    .conststring                             0x08004fec   Section      121  touch.o(.conststring)
    .conststring                             0x08005068   Section       55  test code.o(.conststring)
    .data                                    0x20000000   Section        4  delay.o(.data)
    fac_us                                   0x20000000   Data           1  delay.o(.data)
    fac_ms                                   0x20000002   Data           2  delay.o(.data)
    .data                                    0x20000004   Section        6  usart.o(.data)
    .data                                    0x2000000a   Section     3324  lcd.o(.data)
    .data                                    0x20000d08   Section       54  touch.o(.data)
    .data                                    0x20000d3e   Section     3226  test code.o(.data)
    .bss                                     0x200019d8   Section      200  usart.o(.bss)
    .bss                                     0x20001aa0   Section       14  lcd.o(.bss)
    .bss                                     0x20001ab0   Section       96  libspace.o(.bss)
    HEAP                                     0x20001b10   Section      512  startup_stm32f10x_hd.o(HEAP)
    Heap_Mem                                 0x20001b10   Data         512  startup_stm32f10x_hd.o(HEAP)
    STACK                                    0x20001d10   Section     1024  startup_stm32f10x_hd.o(STACK)
    Stack_Mem                                0x20001d10   Data        1024  startup_stm32f10x_hd.o(STACK)
    __initial_sp                             0x20002110   Data           0  startup_stm32f10x_hd.o(STACK)

    Global Symbols

    Symbol Name                              Value     Ov Type        Size  Object(Section)

    BuildAttributes$$THM_ISAv4$P$D$K$B$S$PE$A:L22UL41UL21$X:L11$S22US41US21$IEEE1$IW$USESV6$~STKCKD$USESV7$~SHL$OTIME$ROPI$IEEEJ$EBA8$UX$STANDARDLIB$REQ8$PRES8$EABIv2 0x00000000   Number         0  anon$$obj.o ABSOLUTE
    __ARM_use_no_argv                        0x00000000   Number         0  test.o ABSOLUTE
    _printf_flags                            0x00000000   Number         0  printf_stubs.o ABSOLUTE
    _printf_return_value                     0x00000000   Number         0  printf_stubs.o ABSOLUTE
    _printf_sizespec                         0x00000000   Number         0  printf_stubs.o ABSOLUTE
    _printf_widthprec                        0x00000000   Number         0  printf_stubs.o ABSOLUTE
    __ARM_exceptions_init                     - Undefined Weak Reference
    __alloca_initialize                       - Undefined Weak Reference
    __arm_fini_                               - Undefined Weak Reference
    __arm_preinit_                            - Undefined Weak Reference
    __cpp_initialize__aeabi_                  - Undefined Weak Reference
    __cxa_finalize                            - Undefined Weak Reference
    __rt_locale                               - Undefined Weak Reference
    __sigvec_lookup                           - Undefined Weak Reference
    _atexit_init                              - Undefined Weak Reference
    _call_atexit_fns                          - Undefined Weak Reference
    _clock_init                               - Undefined Weak Reference
    _fp_trap_init                             - Undefined Weak Reference
    _fp_trap_shutdown                         - Undefined Weak Reference
    _get_lc_collate                           - Undefined Weak Reference
    _get_lc_ctype                             - Undefined Weak Reference
    _get_lc_monetary                          - Undefined Weak Reference
    _get_lc_numeric                           - Undefined Weak Reference
    _get_lc_time                              - Undefined Weak Reference
    _getenv_init                              - Undefined Weak Reference
    _handle_redirection                       - Undefined Weak Reference
    _init_alloc                               - Undefined Weak Reference
    _init_user_alloc                          - Undefined Weak Reference
    _initio                                   - Undefined Weak Reference
    _printf_truncate_unsigned                 - Undefined Weak Reference
    _rand_init                                - Undefined Weak Reference
    _signal_finish                            - Undefined Weak Reference
    _signal_init                              - Undefined Weak Reference
    _terminate_alloc                          - Undefined Weak Reference
    _terminate_user_alloc                     - Undefined Weak Reference
    _terminateio                              - Undefined Weak Reference
    __Vectors_Size                           0x00000130   Number         0  startup_stm32f10x_hd.o ABSOLUTE
    __Vectors                                0x08000000   Data           4  startup_stm32f10x_hd.o(RESET)
    __Vectors_End                            0x08000130   Data           0  startup_stm32f10x_hd.o(RESET)
    __main                                   0x08000131   Thumb Code     8  __main.o(!!!main)
    __scatterload                            0x08000139   Thumb Code     0  __scatter.o(!!!scatter)
    __scatterload_rt2                        0x08000139   Thumb Code    44  __scatter.o(!!!scatter)
    __scatterload_rt2_thumb_only             0x08000139   Thumb Code     0  __scatter.o(!!!scatter)
    __scatterload_null                       0x08000147   Thumb Code     0  __scatter.o(!!!scatter)
    __decompress                             0x0800016d   Thumb Code    90  __dczerorl2.o(!!dczerorl2)
    __decompress1                            0x0800016d   Thumb Code     0  __dczerorl2.o(!!dczerorl2)
    __scatterload_zeroinit                   0x080001c9   Thumb Code    28  __scatter_zi.o(!!handler_zi)
    __rt_lib_init                            0x080001e5   Thumb Code     0  libinit.o(.ARM.Collect$$libinit$$00000000)
    __rt_lib_init_alloca_1                   0x080001e7   Thumb Code     0  libinit2.o(.ARM.Collect$$libinit$$0000002E)
    __rt_lib_init_argv_1                     0x080001e7   Thumb Code     0  libinit2.o(.ARM.Collect$$libinit$$0000002C)
    __rt_lib_init_atexit_1                   0x080001e7   Thumb Code     0  libinit2.o(.ARM.Collect$$libinit$$0000001B)
    __rt_lib_init_clock_1                    0x080001e7   Thumb Code     0  libinit2.o(.ARM.Collect$$libinit$$00000021)
    __rt_lib_init_cpp_1                      0x080001e7   Thumb Code     0  libinit2.o(.ARM.Collect$$libinit$$00000032)
    __rt_lib_init_exceptions_1               0x080001e7   Thumb Code     0  libinit2.o(.ARM.Collect$$libinit$$00000030)
    __rt_lib_init_fp_1                       0x080001e7   Thumb Code     0  libinit2.o(.ARM.Collect$$libinit$$00000002)
    __rt_lib_init_fp_trap_1                  0x080001e7   Thumb Code     0  libinit2.o(.ARM.Collect$$libinit$$0000001F)
    __rt_lib_init_getenv_1                   0x080001e7   Thumb Code     0  libinit2.o(.ARM.Collect$$libinit$$00000023)
    __rt_lib_init_heap_1                     0x080001e7   Thumb Code     0  libinit2.o(.ARM.Collect$$libinit$$0000000A)
    __rt_lib_init_lc_collate_1               0x080001e7   Thumb Code     0  libinit2.o(.ARM.Collect$$libinit$$00000011)
    __rt_lib_init_lc_ctype_1                 0x080001e7   Thumb Code     0  libinit2.o(.ARM.Collect$$libinit$$00000013)
    __rt_lib_init_lc_monetary_1              0x080001e7   Thumb Code     0  libinit2.o(.ARM.Collect$$libinit$$00000015)
    __rt_lib_init_lc_numeric_1               0x080001e7   Thumb Code     0  libinit2.o(.ARM.Collect$$libinit$$00000017)
    __rt_lib_init_lc_time_1                  0x080001e7   Thumb Code     0  libinit2.o(.ARM.Collect$$libinit$$00000019)
    __rt_lib_init_preinit_1                  0x080001e7   Thumb Code     0  libinit2.o(.ARM.Collect$$libinit$$00000004)
    __rt_lib_init_rand_1                     0x080001e7   Thumb Code     0  libinit2.o(.ARM.Collect$$libinit$$0000000E)
    __rt_lib_init_return                     0x080001e7   Thumb Code     0  libinit2.o(.ARM.Collect$$libinit$$00000033)
    __rt_lib_init_signal_1                   0x080001e7   Thumb Code     0  libinit2.o(.ARM.Collect$$libinit$$0000001D)
    __rt_lib_init_stdio_1                    0x080001e7   Thumb Code     0  libinit2.o(.ARM.Collect$$libinit$$00000025)
    __rt_lib_init_user_alloc_1               0x080001e7   Thumb Code     0  libinit2.o(.ARM.Collect$$libinit$$0000000C)
    __rt_lib_shutdown                        0x080001e9   Thumb Code     0  libshutdown.o(.ARM.Collect$$libshutdown$$00000000)
    __rt_lib_shutdown_cpp_1                  0x080001eb   Thumb Code     0  libshutdown2.o(.ARM.Collect$$libshutdown$$00000004)
    __rt_lib_shutdown_fini_1                 0x080001eb   Thumb Code     0  libshutdown2.o(.ARM.Collect$$libshutdown$$00000002)
    __rt_lib_shutdown_fp_trap_1              0x080001eb   Thumb Code     0  libshutdown2.o(.ARM.Collect$$libshutdown$$00000009)
    __rt_lib_shutdown_heap_1                 0x080001eb   Thumb Code     0  libshutdown2.o(.ARM.Collect$$libshutdown$$00000011)
    __rt_lib_shutdown_return                 0x080001eb   Thumb Code     0  libshutdown2.o(.ARM.Collect$$libshutdown$$00000012)
    __rt_lib_shutdown_signal_1               0x080001eb   Thumb Code     0  libshutdown2.o(.ARM.Collect$$libshutdown$$0000000C)
    __rt_lib_shutdown_stdio_1                0x080001eb   Thumb Code     0  libshutdown2.o(.ARM.Collect$$libshutdown$$00000006)
    __rt_lib_shutdown_user_alloc_1           0x080001eb   Thumb Code     0  libshutdown2.o(.ARM.Collect$$libshutdown$$0000000E)
    __rt_entry                               0x080001ed   Thumb Code     0  __rtentry.o(.ARM.Collect$$rtentry$$00000000)
    __rt_entry_presh_1                       0x080001ed   Thumb Code     0  __rtentry2.o(.ARM.Collect$$rtentry$$00000002)
    __rt_entry_sh                            0x080001ed   Thumb Code     0  __rtentry4.o(.ARM.Collect$$rtentry$$00000004)
    __rt_entry_li                            0x080001f3   Thumb Code     0  __rtentry2.o(.ARM.Collect$$rtentry$$0000000A)
    __rt_entry_postsh_1                      0x080001f3   Thumb Code     0  __rtentry2.o(.ARM.Collect$$rtentry$$00000009)
    __rt_entry_main                          0x080001f7   Thumb Code     0  __rtentry2.o(.ARM.Collect$$rtentry$$0000000D)
    __rt_entry_postli_1                      0x080001f7   Thumb Code     0  __rtentry2.o(.ARM.Collect$$rtentry$$0000000C)
    __rt_exit                                0x080001ff   Thumb Code     0  rtexit.o(.ARM.Collect$$rtexit$$00000000)
    __rt_exit_ls                             0x08000201   Thumb Code     0  rtexit2.o(.ARM.Collect$$rtexit$$00000003)
    __rt_exit_prels_1                        0x08000201   Thumb Code     0  rtexit2.o(.ARM.Collect$$rtexit$$00000002)
    __rt_exit_exit                           0x08000205   Thumb Code     0  rtexit2.o(.ARM.Collect$$rtexit$$00000004)
    Reset_Handler                            0x0800020d   Thumb Code     4  startup_stm32f10x_hd.o(.text)
    NMI_Handler                              0x08000211   Thumb Code     2  startup_stm32f10x_hd.o(.text)
    HardFault_Handler                        0x08000213   Thumb Code     2  startup_stm32f10x_hd.o(.text)
    MemManage_Handler                        0x08000215   Thumb Code     2  startup_stm32f10x_hd.o(.text)
    BusFault_Handler                         0x08000217   Thumb Code     2  startup_stm32f10x_hd.o(.text)
    UsageFault_Handler                       0x08000219   Thumb Code     2  startup_stm32f10x_hd.o(.text)
    SVC_Handler                              0x0800021b   Thumb Code     2  startup_stm32f10x_hd.o(.text)
    DebugMon_Handler                         0x0800021d   Thumb Code     2  startup_stm32f10x_hd.o(.text)
    PendSV_Handler                           0x0800021f   Thumb Code     2  startup_stm32f10x_hd.o(.text)
    SysTick_Handler                          0x08000221   Thumb Code     2  startup_stm32f10x_hd.o(.text)
    ADC1_2_IRQHandler                        0x08000223   Thumb Code     0  startup_stm32f10x_hd.o(.text)
    ADC3_IRQHandler                          0x08000223   Thumb Code     0  startup_stm32f10x_hd.o(.text)
    CAN1_RX1_IRQHandler                      0x08000223   Thumb Code     0  startup_stm32f10x_hd.o(.text)
    CAN1_SCE_IRQHandler                      0x08000223   Thumb Code     0  startup_stm32f10x_hd.o(.text)
    DMA1_Channel1_IRQHandler                 0x08000223   Thumb Code     0  startup_stm32f10x_hd.o(.text)
    DMA1_Channel2_IRQHandler                 0x08000223   Thumb Code     0  startup_stm32f10x_hd.o(.text)
    DMA1_Channel3_IRQHandler                 0x08000223   Thumb Code     0  startup_stm32f10x_hd.o(.text)
    DMA1_Channel4_IRQHandler                 0x08000223   Thumb Code     0  startup_stm32f10x_hd.o(.text)
    DMA1_Channel5_IRQHandler                 0x08000223   Thumb Code     0  startup_stm32f10x_hd.o(.text)
    DMA1_Channel6_IRQHandler                 0x08000223   Thumb Code     0  startup_stm32f10x_hd.o(.text)
    DMA1_Channel7_IRQHandler                 0x08000223   Thumb Code     0  startup_stm32f10x_hd.o(.text)
    DMA2_Channel1_IRQHandler                 0x08000223   Thumb Code     0  startup_stm32f10x_hd.o(.text)
    DMA2_Channel2_IRQHandler                 0x08000223   Thumb Code     0  startup_stm32f10x_hd.o(.text)
    DMA2_Channel3_IRQHandler                 0x08000223   Thumb Code     0  startup_stm32f10x_hd.o(.text)
    DMA2_Channel4_5_IRQHandler               0x08000223   Thumb Code     0  startup_stm32f10x_hd.o(.text)
    EXTI0_IRQHandler                         0x08000223   Thumb Code     0  startup_stm32f10x_hd.o(.text)
    EXTI15_10_IRQHandler                     0x08000223   Thumb Code     0  startup_stm32f10x_hd.o(.text)
    EXTI1_IRQHandler                         0x08000223   Thumb Code     0  startup_stm32f10x_hd.o(.text)
    EXTI2_IRQHandler                         0x08000223   Thumb Code     0  startup_stm32f10x_hd.o(.text)
    EXTI3_IRQHandler                         0x08000223   Thumb Code     0  startup_stm32f10x_hd.o(.text)
    EXTI4_IRQHandler                         0x08000223   Thumb Code     0  startup_stm32f10x_hd.o(.text)
    EXTI9_5_IRQHandler                       0x08000223   Thumb Code     0  startup_stm32f10x_hd.o(.text)
    FLASH_IRQHandler                         0x08000223   Thumb Code     0  startup_stm32f10x_hd.o(.text)
    FSMC_IRQHandler                          0x08000223   Thumb Code     0  startup_stm32f10x_hd.o(.text)
    I2C1_ER_IRQHandler                       0x08000223   Thumb Code     0  startup_stm32f10x_hd.o(.text)
    I2C1_EV_IRQHandler                       0x08000223   Thumb Code     0  startup_stm32f10x_hd.o(.text)
    I2C2_ER_IRQHandler                       0x08000223   Thumb Code     0  startup_stm32f10x_hd.o(.text)
    I2C2_EV_IRQHandler                       0x08000223   Thumb Code     0  startup_stm32f10x_hd.o(.text)
    PVD_IRQHandler                           0x08000223   Thumb Code     0  startup_stm32f10x_hd.o(.text)
    RCC_IRQHandler                           0x08000223   Thumb Code     0  startup_stm32f10x_hd.o(.text)
    RTCAlarm_IRQHandler                      0x08000223   Thumb Code     0  startup_stm32f10x_hd.o(.text)
    RTC_IRQHandler                           0x08000223   Thumb Code     0  startup_stm32f10x_hd.o(.text)
    SDIO_IRQHandler                          0x08000223   Thumb Code     0  startup_stm32f10x_hd.o(.text)
    SPI1_IRQHandler                          0x08000223   Thumb Code     0  startup_stm32f10x_hd.o(.text)
    SPI2_IRQHandler                          0x08000223   Thumb Code     0  startup_stm32f10x_hd.o(.text)
    SPI3_IRQHandler                          0x08000223   Thumb Code     0  startup_stm32f10x_hd.o(.text)
    TAMPER_IRQHandler                        0x08000223   Thumb Code     0  startup_stm32f10x_hd.o(.text)
    TIM1_BRK_IRQHandler                      0x08000223   Thumb Code     0  startup_stm32f10x_hd.o(.text)
    TIM1_CC_IRQHandler                       0x08000223   Thumb Code     0  startup_stm32f10x_hd.o(.text)
    TIM1_TRG_COM_IRQHandler                  0x08000223   Thumb Code     0  startup_stm32f10x_hd.o(.text)
    TIM1_UP_IRQHandler                       0x08000223   Thumb Code     0  startup_stm32f10x_hd.o(.text)
    TIM2_IRQHandler                          0x08000223   Thumb Code     0  startup_stm32f10x_hd.o(.text)
    TIM3_IRQHandler                          0x08000223   Thumb Code     0  startup_stm32f10x_hd.o(.text)
    TIM4_IRQHandler                          0x08000223   Thumb Code     0  startup_stm32f10x_hd.o(.text)
    TIM5_IRQHandler                          0x08000223   Thumb Code     0  startup_stm32f10x_hd.o(.text)
    TIM6_IRQHandler                          0x08000223   Thumb Code     0  startup_stm32f10x_hd.o(.text)
    TIM7_IRQHandler                          0x08000223   Thumb Code     0  startup_stm32f10x_hd.o(.text)
    TIM8_BRK_IRQHandler                      0x08000223   Thumb Code     0  startup_stm32f10x_hd.o(.text)
    TIM8_CC_IRQHandler                       0x08000223   Thumb Code     0  startup_stm32f10x_hd.o(.text)
    TIM8_TRG_COM_IRQHandler                  0x08000223   Thumb Code     0  startup_stm32f10x_hd.o(.text)
    TIM8_UP_IRQHandler                       0x08000223   Thumb Code     0  startup_stm32f10x_hd.o(.text)
    UART4_IRQHandler                         0x08000223   Thumb Code     0  startup_stm32f10x_hd.o(.text)
    UART5_IRQHandler                         0x08000223   Thumb Code     0  startup_stm32f10x_hd.o(.text)
    USART2_IRQHandler                        0x08000223   Thumb Code     0  startup_stm32f10x_hd.o(.text)
    USART3_IRQHandler                        0x08000223   Thumb Code     0  startup_stm32f10x_hd.o(.text)
    USBWakeUp_IRQHandler                     0x08000223   Thumb Code     0  startup_stm32f10x_hd.o(.text)
    USB_HP_CAN1_TX_IRQHandler                0x08000223   Thumb Code     0  startup_stm32f10x_hd.o(.text)
    USB_LP_CAN1_RX0_IRQHandler               0x08000223   Thumb Code     0  startup_stm32f10x_hd.o(.text)
    WWDG_IRQHandler                          0x08000223   Thumb Code     0  startup_stm32f10x_hd.o(.text)
    __user_initial_stackheap                 0x08000225   Thumb Code     0  startup_stm32f10x_hd.o(.text)
    __use_no_semihosting                     0x08000245   Thumb Code     2  use_no_semi_2.o(.text)
    strlen                                   0x08000247   Thumb Code    62  strlen.o(.text)
    __aeabi_memcpy4                          0x08000285   Thumb Code     0  rt_memcpy_w.o(.text)
    __aeabi_memcpy8                          0x08000285   Thumb Code     0  rt_memcpy_w.o(.text)
    __rt_memcpy_w                            0x08000285   Thumb Code   100  rt_memcpy_w.o(.text)
    _memcpy_lastbytes_aligned                0x080002cd   Thumb Code     0  rt_memcpy_w.o(.text)
    __use_two_region_memory                  0x080002e9   Thumb Code     2  heapauxi.o(.text)
    __rt_heap_escrow$2region                 0x080002eb   Thumb Code     2  heapauxi.o(.text)
    __rt_heap_expand$2region                 0x080002ed   Thumb Code     2  heapauxi.o(.text)
    __I$use$semihosting                      0x080002ef   Thumb Code     0  use_no_semi.o(.text)
    __use_no_semihosting_swi                 0x080002ef   Thumb Code     2  use_no_semi.o(.text)
    __read_errno                             0x080002f1   Thumb Code    10  _rserrno.o(.text)
    __set_errno                              0x080002fb   Thumb Code    12  _rserrno.o(.text)
    __aeabi_errno_addr                       0x08000309   Thumb Code     8  rt_errno_addr_intlibspace.o(.text)
    __errno$intlibspace                      0x08000309   Thumb Code     0  rt_errno_addr_intlibspace.o(.text)
    __rt_errno_addr$intlibspace              0x08000309   Thumb Code     0  rt_errno_addr_intlibspace.o(.text)
    __user_libspace                          0x08000311   Thumb Code     8  libspace.o(.text)
    __user_perproc_libspace                  0x08000311   Thumb Code     0  libspace.o(.text)
    __user_perthread_libspace                0x08000311   Thumb Code     0  libspace.o(.text)
    __user_setup_stackheap                   0x08000319   Thumb Code    74  sys_stackheap_outer.o(.text)
    exit                                     0x08000363   Thumb Code    18  exit.o(.text)
    Color_Test                               0x08000375   Thumb Code   148  test code.o(i.Color_Test)
    DispBand                                 0x0800042d   Thumb Code   148  test code.o(i.DispBand)
    DrawTestPage                             0x080004c9   Thumb Code   258  test code.o(i.DrawTestPage)
    English_Font_test                        0x080005f1   Thumb Code   168  test code.o(i.English_Font_test)
    FillRec_Test                             0x08000779   Thumb Code   484  test code.o(i.FillRec_Test)
    GUI_DrawFont16                           0x08000975   Thumb Code   234  lcd.o(i.GUI_DrawFont16)
    GUI_DrawFont24                           0x08000a71   Thumb Code   250  lcd.o(i.GUI_DrawFont24)
    GUI_DrawFont32                           0x08000b7d   Thumb Code   234  lcd.o(i.GUI_DrawFont32)
    Gui_Drawbmp16                            0x08000c79   Thumb Code    74  lcd.o(i.Gui_Drawbmp16)
    Gui_StrCenter                            0x08000cc9   Thumb Code    92  lcd.o(i.Gui_StrCenter)
    JTAG_Set                                 0x08000d29   Thumb Code    38  sys.o(i.JTAG_Set)
    LCD_Clear                                0x08000d59   Thumb Code    44  lcd.o(i.LCD_Clear)
    LCD_DisplayOff                           0x08000d89   Thumb Code    10  lcd.o(i.LCD_DisplayOff)
    LCD_DisplayOn                            0x08000d93   Thumb Code    10  lcd.o(i.LCD_DisplayOn)
    LCD_Display_Dir                          0x08000d9d   Thumb Code   228  lcd.o(i.LCD_Display_Dir)
    LCD_DrawLine                             0x08000e85   Thumb Code   176  lcd.o(i.LCD_DrawLine)
    LCD_DrawPoint                            0x08000f35   Thumb Code    28  lcd.o(i.LCD_DrawPoint)
    LCD_DrawRectangle                        0x08000f55   Thumb Code    60  lcd.o(i.LCD_DrawRectangle)
    LCD_Draw_Circle                          0x08000f91   Thumb Code   152  lcd.o(i.LCD_Draw_Circle)
    LCD_Fast_DrawPoint                       0x08001029   Thumb Code    28  lcd.o(i.LCD_Fast_DrawPoint)
    LCD_Fill                                 0x08001049   Thumb Code   178  lcd.o(i.LCD_Fill)
    LCD_Init                                 0x08001101   Thumb Code   614  lcd.o(i.LCD_Init)
    LCD_Pow                                  0x08001385   Thumb Code    22  lcd.o(i.LCD_Pow)
    LCD_SetCursor                            0x0800139d   Thumb Code    48  lcd.o(i.LCD_SetCursor)
    LCD_Set_Window                           0x080013d1   Thumb Code    96  lcd.o(i.LCD_Set_Window)
    LCD_ShowChar                             0x08001435   Thumb Code   272  lcd.o(i.LCD_ShowChar)
    LCD_ShowNum                              0x0800155d   Thumb Code   148  lcd.o(i.LCD_ShowNum)
    LCD_ShowString                           0x080015f1   Thumb Code   102  lcd.o(i.LCD_ShowString)
    LCD_WR_DATA                              0x08001659   Thumb Code    78  lcd.o(i.LCD_WR_DATA)
    LCD_WR_REG                               0x080016b1   Thumb Code    78  lcd.o(i.LCD_WR_REG)
    LCD_WriteRAM                             0x08001709   Thumb Code    12  lcd.o(i.LCD_WriteRAM)
    LCD_WriteRAM_Prepare                     0x08001715   Thumb Code    12  lcd.o(i.LCD_WriteRAM_Prepare)
    LCD_WriteReg                             0x08001725   Thumb Code    20  lcd.o(i.LCD_WriteReg)
    Load_Drow_Dialog                         0x08001739   Thumb Code    60  lcd.o(i.Load_Drow_Dialog)
    MYRCC_DeInit                             0x08001785   Thumb Code    90  sys.o(i.MYRCC_DeInit)
    MY_NVIC_SetVectorTable                   0x080017ed   Thumb Code    12  sys.o(i.MY_NVIC_SetVectorTable)
    Rotate_Test                              0x08001801   Thumb Code   104  test code.o(i.Rotate_Test)
    Show_Str                                 0x08001881   Thumb Code   238  lcd.o(i.Show_Str)
    Stm32_Clock_Init                         0x08001975   Thumb Code   134  sys.o(i.Stm32_Clock_Init)
    Switch_test                              0x08001a05   Thumb Code    42  test code.o(i.Switch_test)
    TP_Adj_Info_Show                         0x08001a31   Thumb Code   374  touch.o(i.TP_Adj_Info_Show)
    TP_Adjust                                0x08001bd9   Thumb Code  2054  touch.o(i.TP_Adjust)
    TP_Draw_Big_Point                        0x08002431   Thumb Code    54  touch.o(i.TP_Draw_Big_Point)
    TP_Drow_Touch_Point                      0x0800246d   Thumb Code   108  touch.o(i.TP_Drow_Touch_Point)
    TP_Get_Adjdata                           0x080024dd   Thumb Code     4  touch.o(i.TP_Get_Adjdata)
    TP_Init                                  0x080024e1   Thumb Code    80  touch.o(i.TP_Init)
    TP_Read_AD                               0x08002541   Thumb Code   136  touch.o(i.TP_Read_AD)
    TP_Read_XOY                              0x080025d1   Thumb Code   120  touch.o(i.TP_Read_XOY)
    TP_Read_XY                               0x08002649   Thumb Code    38  touch.o(i.TP_Read_XY)
    TP_Read_XY2                              0x08002679   Thumb Code   192  touch.o(i.TP_Read_XY2)
    TP_Scan                                  0x08002739   Thumb Code   262  touch.o(i.TP_Scan)
    TP_Write_Byte                            0x08002849   Thumb Code    66  touch.o(i.TP_Write_Byte)
    USART1_IRQHandler                        0x08002895   Thumb Code   118  usart.o(i.USART1_IRQHandler)
    _sys_exit                                0x08002919   Thumb Code     6  usart.o(i._sys_exit)
    delay_init                               0x08002921   Thumb Code    56  delay.o(i.delay_init)
    delay_ms                                 0x08002961   Thumb Code    56  delay.o(i.delay_ms)
    delay_us                                 0x0800299d   Thumb Code    56  delay.o(i.delay_us)
    gui_draw_hline                           0x080029d9   Thumb Code    36  lcd.o(i.gui_draw_hline)
    gui_fill_circle                          0x080029fd   Thumb Code   176  lcd.o(i.gui_fill_circle)
    main                                     0x08002aad   Thumb Code   108  test.o(i.main)
    main_test                                0x08002b31   Thumb Code   134  test code.o(i.main_test)
    rtp_test                                 0x08002bfd   Thumb Code    98  test code.o(i.rtp_test)
    sqrt                                     0x08002c69   Thumb Code    76  sqrt.o(i.sqrt)
    __fpl_dcmp_Inf                           0x08002cb5   Thumb Code    24  dcmpi.o(x$fpl$dcmpinf)
    __aeabi_d2uiz                            0x08002ccd   Thumb Code     0  dfixu.o(x$fpl$dfixu)
    _dfixu                                   0x08002ccd   Thumb Code    90  dfixu.o(x$fpl$dfixu)
    __aeabi_ui2d                             0x08002d27   Thumb Code     0  dflt_clz.o(x$fpl$dfltu)
    _dfltu                                   0x08002d27   Thumb Code    38  dflt_clz.o(x$fpl$dfltu)
    __aeabi_cdcmple                          0x08002d4d   Thumb Code     0  dleqf.o(x$fpl$dleqf)
    _dcmple                                  0x08002d4d   Thumb Code   120  dleqf.o(x$fpl$dleqf)
    __fpl_dcmple_InfNaN                      0x08002daf   Thumb Code     0  dleqf.o(x$fpl$dleqf)
    __aeabi_dmul                             0x08002dc5   Thumb Code     0  dmul.o(x$fpl$dmul)
    _dmul                                    0x08002dc5   Thumb Code   332  dmul.o(x$fpl$dmul)
    __fpl_dnaninf                            0x08002f19   Thumb Code   156  dnaninf.o(x$fpl$dnaninf)
    __fpl_dretinf                            0x08002fb5   Thumb Code    12  dretinf.o(x$fpl$dretinf)
    __aeabi_cdrcmple                         0x08002fc1   Thumb Code     0  drleqf.o(x$fpl$drleqf)
    _drcmple                                 0x08002fc1   Thumb Code   108  drleqf.o(x$fpl$drleqf)
    _dsqrt                                   0x0800302d   Thumb Code   456  dsqrt_noumaal.o(x$fpl$dsqrt)
    __aeabi_f2d                              0x080031f9   Thumb Code     0  f2d.o(x$fpl$f2d)
    _f2d                                     0x080031f9   Thumb Code    86  f2d.o(x$fpl$f2d)
    __aeabi_fadd                             0x08003251   Thumb Code     0  faddsub_clz.o(x$fpl$fadd)
    _fadd                                    0x08003251   Thumb Code   196  faddsub_clz.o(x$fpl$fadd)
    __aeabi_fdiv                             0x08003315   Thumb Code     0  fdiv.o(x$fpl$fdiv)
    _fdiv                                    0x08003315   Thumb Code   384  fdiv.o(x$fpl$fdiv)
    __aeabi_f2iz                             0x08003499   Thumb Code     0  ffix.o(x$fpl$ffix)
    _ffix                                    0x08003499   Thumb Code    54  ffix.o(x$fpl$ffix)
    __aeabi_f2uiz                            0x080034d1   Thumb Code     0  ffixu.o(x$fpl$ffixu)
    _ffixu                                   0x080034d1   Thumb Code    62  ffixu.o(x$fpl$ffixu)
    __aeabi_i2f                              0x08003511   Thumb Code     0  fflt_clz.o(x$fpl$fflt)
    _fflt                                    0x08003511   Thumb Code    48  fflt_clz.o(x$fpl$fflt)
    __aeabi_ui2f                             0x08003541   Thumb Code     0  fflt_clz.o(x$fpl$ffltu)
    _ffltu                                   0x08003541   Thumb Code    38  fflt_clz.o(x$fpl$ffltu)
    __aeabi_fmul                             0x08003569   Thumb Code     0  fmul.o(x$fpl$fmul)
    _fmul                                    0x08003569   Thumb Code   258  fmul.o(x$fpl$fmul)
    __fpl_fnaninf                            0x0800366b   Thumb Code   140  fnaninf.o(x$fpl$fnaninf)
    __fpl_fretinf                            0x080036f7   Thumb Code    10  fretinf.o(x$fpl$fretinf)
    __aeabi_fsub                             0x08003701   Thumb Code     0  faddsub_clz.o(x$fpl$fsub)
    _fsub                                    0x08003701   Thumb Code   234  faddsub_clz.o(x$fpl$fsub)
    __I$use$fp                               0x080037ea   Number         0  usenofp.o(x$fpl$usenofp)
    asc2_1206                                0x080037ea   Data        1140  lcd.o(.constdata)
    asc2_1608                                0x08003c5e   Data        1520  lcd.o(.constdata)
    asc2_2412                                0x0800424e   Data        3420  lcd.o(.constdata)
    TP_REMIND_MSG_TBL                        0x08004fac   Data           4  touch.o(.constdata)
    POINT_COLOR_TBL                          0x08004fb0   Data          10  test code.o(.constdata)
    Region$$Table$$Base                      0x080050a0   Number         0  anon$$obj.o(Region$$Table)
    Region$$Table$$Limit                     0x080050c0   Number         0  anon$$obj.o(Region$$Table)
    __stdout                                 0x20000004   Data           4  usart.o(.data)
    USART_RX_STA                             0x20000008   Data           2  usart.o(.data)
    tfont16                                  0x2000000a   Data        1836  lcd.o(.data)
    tfont24                                  0x20000736   Data         444  lcd.o(.data)
    tfont32                                  0x200008f2   Data        1040  lcd.o(.data)
    POINT_COLOR                              0x20000d02   Data           2  lcd.o(.data)
    BACK_COLOR                               0x20000d04   Data           2  lcd.o(.data)
    tp_dev                                   0x20000d08   Data          52  touch.o(.data)
    CMD_RDX                                  0x20000d3c   Data           1  touch.o(.data)
    CMD_RDY                                  0x20000d3d   Data           1  touch.o(.data)
    gImage_1                                 0x20000d3e   Data        3200  test code.o(.data)
    ColorTab                                 0x200019be   Data          10  test code.o(.data)
    ColornTab                                0x200019c8   Data          16  test code.o(.data)
    USART_RX_BUF                             0x200019d8   Data         200  usart.o(.bss)
    lcddev                                   0x20001aa0   Data          14  lcd.o(.bss)
    __libspace_start                         0x20001ab0   Data          96  libspace.o(.bss)
    __temporary_stack_top$libspace           0x20001b10   Data           0  libspace.o(.bss)



==============================================================================

Memory Map of the image

  Image Entry point : 0x08000131

  Load Region LR_IROM1 (Base: 0x08000000, Size: 0x00006a98, Max: 0x00010000, ABSOLUTE, COMPRESSED[0x00006148])

    Execution Region ER_IROM1 (Exec base: 0x08000000, Load base: 0x08000000, Size: 0x000050c0, Max: 0x00010000, ABSOLUTE)

    Exec Addr    Load Addr    Size         Type   Attr      Idx    E Section Name        Object

    0x08000000   0x08000000   0x00000130   Data   RO            3    RESET               startup_stm32f10x_hd.o
    0x08000130   0x08000130   0x00000008   Code   RO          910  * !!!main             c_w.l(__main.o)
    0x08000138   0x08000138   0x00000034   Code   RO         1150    !!!scatter          c_w.l(__scatter.o)
    0x0800016c   0x0800016c   0x0000005a   Code   RO         1148    !!dczerorl2         c_w.l(__dczerorl2.o)
    0x080001c6   0x080001c6   0x00000002   PAD
    0x080001c8   0x080001c8   0x0000001c   Code   RO         1152    !!handler_zi        c_w.l(__scatter_zi.o)
    0x080001e4   0x080001e4   0x00000002   Code   RO         1023    .ARM.Collect$$libinit$$00000000  c_w.l(libinit.o)
    0x080001e6   0x080001e6   0x00000000   Code   RO         1027    .ARM.Collect$$libinit$$00000002  c_w.l(libinit2.o)
    0x080001e6   0x080001e6   0x00000000   Code   RO         1029    .ARM.Collect$$libinit$$00000004  c_w.l(libinit2.o)
    0x080001e6   0x080001e6   0x00000000   Code   RO         1032    .ARM.Collect$$libinit$$0000000A  c_w.l(libinit2.o)
    0x080001e6   0x080001e6   0x00000000   Code   RO         1034    .ARM.Collect$$libinit$$0000000C  c_w.l(libinit2.o)
    0x080001e6   0x080001e6   0x00000000   Code   RO         1036    .ARM.Collect$$libinit$$0000000E  c_w.l(libinit2.o)
    0x080001e6   0x080001e6   0x00000000   Code   RO         1039    .ARM.Collect$$libinit$$00000011  c_w.l(libinit2.o)
    0x080001e6   0x080001e6   0x00000000   Code   RO         1041    .ARM.Collect$$libinit$$00000013  c_w.l(libinit2.o)
    0x080001e6   0x080001e6   0x00000000   Code   RO         1043    .ARM.Collect$$libinit$$00000015  c_w.l(libinit2.o)
    0x080001e6   0x080001e6   0x00000000   Code   RO         1045    .ARM.Collect$$libinit$$00000017  c_w.l(libinit2.o)
    0x080001e6   0x080001e6   0x00000000   Code   RO         1047    .ARM.Collect$$libinit$$00000019  c_w.l(libinit2.o)
    0x080001e6   0x080001e6   0x00000000   Code   RO         1049    .ARM.Collect$$libinit$$0000001B  c_w.l(libinit2.o)
    0x080001e6   0x080001e6   0x00000000   Code   RO         1051    .ARM.Collect$$libinit$$0000001D  c_w.l(libinit2.o)
    0x080001e6   0x080001e6   0x00000000   Code   RO         1053    .ARM.Collect$$libinit$$0000001F  c_w.l(libinit2.o)
    0x080001e6   0x080001e6   0x00000000   Code   RO         1055    .ARM.Collect$$libinit$$00000021  c_w.l(libinit2.o)
    0x080001e6   0x080001e6   0x00000000   Code   RO         1057    .ARM.Collect$$libinit$$00000023  c_w.l(libinit2.o)
    0x080001e6   0x080001e6   0x00000000   Code   RO         1059    .ARM.Collect$$libinit$$00000025  c_w.l(libinit2.o)
    0x080001e6   0x080001e6   0x00000000   Code   RO         1063    .ARM.Collect$$libinit$$0000002C  c_w.l(libinit2.o)
    0x080001e6   0x080001e6   0x00000000   Code   RO         1065    .ARM.Collect$$libinit$$0000002E  c_w.l(libinit2.o)
    0x080001e6   0x080001e6   0x00000000   Code   RO         1067    .ARM.Collect$$libinit$$00000030  c_w.l(libinit2.o)
    0x080001e6   0x080001e6   0x00000000   Code   RO         1069    .ARM.Collect$$libinit$$00000032  c_w.l(libinit2.o)
    0x080001e6   0x080001e6   0x00000002   Code   RO         1070    .ARM.Collect$$libinit$$00000033  c_w.l(libinit2.o)
    0x080001e8   0x080001e8   0x00000002   Code   RO         1088    .ARM.Collect$$libshutdown$$00000000  c_w.l(libshutdown.o)
    0x080001ea   0x080001ea   0x00000000   Code   RO         1098    .ARM.Collect$$libshutdown$$00000002  c_w.l(libshutdown2.o)
    0x080001ea   0x080001ea   0x00000000   Code   RO         1100    .ARM.Collect$$libshutdown$$00000004  c_w.l(libshutdown2.o)
    0x080001ea   0x080001ea   0x00000000   Code   RO         1102    .ARM.Collect$$libshutdown$$00000006  c_w.l(libshutdown2.o)
    0x080001ea   0x080001ea   0x00000000   Code   RO         1105    .ARM.Collect$$libshutdown$$00000009  c_w.l(libshutdown2.o)
    0x080001ea   0x080001ea   0x00000000   Code   RO         1108    .ARM.Collect$$libshutdown$$0000000C  c_w.l(libshutdown2.o)
    0x080001ea   0x080001ea   0x00000000   Code   RO         1110    .ARM.Collect$$libshutdown$$0000000E  c_w.l(libshutdown2.o)
    0x080001ea   0x080001ea   0x00000000   Code   RO         1113    .ARM.Collect$$libshutdown$$00000011  c_w.l(libshutdown2.o)
    0x080001ea   0x080001ea   0x00000002   Code   RO         1114    .ARM.Collect$$libshutdown$$00000012  c_w.l(libshutdown2.o)
    0x080001ec   0x080001ec   0x00000000   Code   RO          966    .ARM.Collect$$rtentry$$00000000  c_w.l(__rtentry.o)
    0x080001ec   0x080001ec   0x00000000   Code   RO          990    .ARM.Collect$$rtentry$$00000002  c_w.l(__rtentry2.o)
    0x080001ec   0x080001ec   0x00000006   Code   RO         1002    .ARM.Collect$$rtentry$$00000004  c_w.l(__rtentry4.o)
    0x080001f2   0x080001f2   0x00000000   Code   RO          992    .ARM.Collect$$rtentry$$00000009  c_w.l(__rtentry2.o)
    0x080001f2   0x080001f2   0x00000004   Code   RO          993    .ARM.Collect$$rtentry$$0000000A  c_w.l(__rtentry2.o)
    0x080001f6   0x080001f6   0x00000000   Code   RO          995    .ARM.Collect$$rtentry$$0000000C  c_w.l(__rtentry2.o)
    0x080001f6   0x080001f6   0x00000008   Code   RO          996    .ARM.Collect$$rtentry$$0000000D  c_w.l(__rtentry2.o)
    0x080001fe   0x080001fe   0x00000002   Code   RO         1024    .ARM.Collect$$rtexit$$00000000  c_w.l(rtexit.o)
    0x08000200   0x08000200   0x00000000   Code   RO         1072    .ARM.Collect$$rtexit$$00000002  c_w.l(rtexit2.o)
    0x08000200   0x08000200   0x00000004   Code   RO         1073    .ARM.Collect$$rtexit$$00000003  c_w.l(rtexit2.o)
    0x08000204   0x08000204   0x00000006   Code   RO         1074    .ARM.Collect$$rtexit$$00000004  c_w.l(rtexit2.o)
    0x0800020a   0x0800020a   0x00000002   PAD
    0x0800020c   0x0800020c   0x00000038   Code   RO            4    .text               startup_stm32f10x_hd.o
    0x08000244   0x08000244   0x00000002   Code   RO          849    .text               c_w.l(use_no_semi_2.o)
    0x08000246   0x08000246   0x0000003e   Code   RO          902    .text               c_w.l(strlen.o)
    0x08000284   0x08000284   0x00000064   Code   RO          904    .text               c_w.l(rt_memcpy_w.o)
    0x080002e8   0x080002e8   0x00000006   Code   RO          908    .text               c_w.l(heapauxi.o)
    0x080002ee   0x080002ee   0x00000002   Code   RO          964    .text               c_w.l(use_no_semi.o)
    0x080002f0   0x080002f0   0x00000016   Code   RO          967    .text               c_w.l(_rserrno.o)
    0x08000306   0x08000306   0x00000002   PAD
    0x08000308   0x08000308   0x00000008   Code   RO         1007    .text               c_w.l(rt_errno_addr_intlibspace.o)
    0x08000310   0x08000310   0x00000008   Code   RO         1011    .text               c_w.l(libspace.o)
    0x08000318   0x08000318   0x0000004a   Code   RO         1014    .text               c_w.l(sys_stackheap_outer.o)
    0x08000362   0x08000362   0x00000012   Code   RO         1016    .text               c_w.l(exit.o)
    0x08000374   0x08000374   0x000000b8   Code   RO          756    i.Color_Test        test code.o
    0x0800042c   0x0800042c   0x0000009c   Code   RO          757    i.DispBand          test code.o
    0x080004c8   0x080004c8   0x00000128   Code   RO          758    i.DrawTestPage      test code.o
    0x080005f0   0x080005f0   0x00000188   Code   RO          759    i.English_Font_test  test code.o
    0x08000778   0x08000778   0x000001fc   Code   RO          760    i.FillRec_Test      test code.o
    0x08000974   0x08000974   0x000000fc   Code   RO          211    i.GUI_DrawFont16    lcd.o
    0x08000a70   0x08000a70   0x0000010c   Code   RO          212    i.GUI_DrawFont24    lcd.o
    0x08000b7c   0x08000b7c   0x000000fc   Code   RO          213    i.GUI_DrawFont32    lcd.o
    0x08000c78   0x08000c78   0x00000050   Code   RO          214    i.Gui_Drawbmp16     lcd.o
    0x08000cc8   0x08000cc8   0x00000060   Code   RO          215    i.Gui_StrCenter     lcd.o
    0x08000d28   0x08000d28   0x00000030   Code   RO           92    i.JTAG_Set          sys.o
    0x08000d58   0x08000d58   0x00000030   Code   RO          216    i.LCD_Clear         lcd.o
    0x08000d88   0x08000d88   0x0000000a   Code   RO          218    i.LCD_DisplayOff    lcd.o
    0x08000d92   0x08000d92   0x0000000a   Code   RO          219    i.LCD_DisplayOn     lcd.o
    0x08000d9c   0x08000d9c   0x000000e8   Code   RO          220    i.LCD_Display_Dir   lcd.o
    0x08000e84   0x08000e84   0x000000b0   Code   RO          221    i.LCD_DrawLine      lcd.o
    0x08000f34   0x08000f34   0x00000020   Code   RO          222    i.LCD_DrawPoint     lcd.o
    0x08000f54   0x08000f54   0x0000003c   Code   RO          223    i.LCD_DrawRectangle  lcd.o
    0x08000f90   0x08000f90   0x00000098   Code   RO          224    i.LCD_Draw_Circle   lcd.o
    0x08001028   0x08001028   0x00000020   Code   RO          225    i.LCD_Fast_DrawPoint  lcd.o
    0x08001048   0x08001048   0x000000b8   Code   RO          226    i.LCD_Fill          lcd.o
    0x08001100   0x08001100   0x00000284   Code   RO          227    i.LCD_Init          lcd.o
    0x08001384   0x08001384   0x00000016   Code   RO          228    i.LCD_Pow           lcd.o
    0x0800139a   0x0800139a   0x00000002   PAD
    0x0800139c   0x0800139c   0x00000034   Code   RO          232    i.LCD_SetCursor     lcd.o
    0x080013d0   0x080013d0   0x00000064   Code   RO          233    i.LCD_Set_Window    lcd.o
    0x08001434   0x08001434   0x00000128   Code   RO          234    i.LCD_ShowChar      lcd.o
    0x0800155c   0x0800155c   0x00000094   Code   RO          235    i.LCD_ShowNum       lcd.o
    0x080015f0   0x080015f0   0x00000066   Code   RO          236    i.LCD_ShowString    lcd.o
    0x08001656   0x08001656   0x00000002   PAD
    0x08001658   0x08001658   0x00000058   Code   RO          238    i.LCD_WR_DATA       lcd.o
    0x080016b0   0x080016b0   0x00000058   Code   RO          239    i.LCD_WR_REG        lcd.o
    0x08001708   0x08001708   0x0000000c   Code   RO          240    i.LCD_WriteRAM      lcd.o
    0x08001714   0x08001714   0x00000010   Code   RO          241    i.LCD_WriteRAM_Prepare  lcd.o
    0x08001724   0x08001724   0x00000014   Code   RO          242    i.LCD_WriteReg      lcd.o
    0x08001738   0x08001738   0x0000004c   Code   RO          243    i.Load_Drow_Dialog  lcd.o
    0x08001784   0x08001784   0x00000068   Code   RO           93    i.MYRCC_DeInit      sys.o
    0x080017ec   0x080017ec   0x00000014   Code   RO           96    i.MY_NVIC_SetVectorTable  sys.o
    0x08001800   0x08001800   0x00000080   Code   RO          763    i.Rotate_Test       test code.o
    0x08001880   0x08001880   0x000000f4   Code   RO          244    i.Show_Str          lcd.o
    0x08001974   0x08001974   0x00000090   Code   RO           97    i.Stm32_Clock_Init  sys.o
    0x08001a04   0x08001a04   0x0000002a   Code   RO          764    i.Switch_test       test code.o
    0x08001a2e   0x08001a2e   0x00000002   PAD
    0x08001a30   0x08001a30   0x000001a8   Code   RO          659    i.TP_Adj_Info_Show  touch.o
    0x08001bd8   0x08001bd8   0x00000858   Code   RO          660    i.TP_Adjust         touch.o
    0x08002430   0x08002430   0x0000003c   Code   RO          661    i.TP_Draw_Big_Point  touch.o
    0x0800246c   0x0800246c   0x00000070   Code   RO          662    i.TP_Drow_Touch_Point  touch.o
    0x080024dc   0x080024dc   0x00000004   Code   RO          663    i.TP_Get_Adjdata    touch.o
    0x080024e0   0x080024e0   0x00000060   Code   RO          664    i.TP_Init           touch.o
    0x08002540   0x08002540   0x00000090   Code   RO          665    i.TP_Read_AD        touch.o
    0x080025d0   0x080025d0   0x00000078   Code   RO          666    i.TP_Read_XOY       touch.o
    0x08002648   0x08002648   0x00000030   Code   RO          667    i.TP_Read_XY        touch.o
    0x08002678   0x08002678   0x000000c0   Code   RO          668    i.TP_Read_XY2       touch.o
    0x08002738   0x08002738   0x00000110   Code   RO          670    i.TP_Scan           touch.o
    0x08002848   0x08002848   0x0000004c   Code   RO          671    i.TP_Write_Byte     touch.o
    0x08002894   0x08002894   0x00000084   Code   RO          170    i.USART1_IRQHandler  usart.o
    0x08002918   0x08002918   0x00000006   Code   RO          171    i._sys_exit         usart.o
    0x0800291e   0x0800291e   0x00000002   PAD
    0x08002920   0x08002920   0x00000040   Code   RO           62    i.delay_init        delay.o
    0x08002960   0x08002960   0x0000003c   Code   RO           63    i.delay_ms          delay.o
    0x0800299c   0x0800299c   0x0000003c   Code   RO           64    i.delay_us          delay.o
    0x080029d8   0x080029d8   0x00000024   Code   RO          245    i.gui_draw_hline    lcd.o
    0x080029fc   0x080029fc   0x000000b0   Code   RO          246    i.gui_fill_circle   lcd.o
    0x08002aac   0x08002aac   0x00000084   Code   RO           10    i.main              test.o
    0x08002b30   0x08002b30   0x000000cc   Code   RO          766    i.main_test         test code.o
    0x08002bfc   0x08002bfc   0x0000006c   Code   RO          767    i.rtp_test          test code.o
    0x08002c68   0x08002c68   0x0000004c   Code   RO          957    i.sqrt              m_ws.l(sqrt.o)
    0x08002cb4   0x08002cb4   0x00000018   Code   RO          976    x$fpl$dcmpinf       fz_ws.l(dcmpi.o)
    0x08002ccc   0x08002ccc   0x0000005a   Code   RO          912    x$fpl$dfixu         fz_ws.l(dfixu.o)
    0x08002d26   0x08002d26   0x00000026   Code   RO          916    x$fpl$dfltu         fz_ws.l(dflt_clz.o)
    0x08002d4c   0x08002d4c   0x00000078   Code   RO          922    x$fpl$dleqf         fz_ws.l(dleqf.o)
    0x08002dc4   0x08002dc4   0x00000154   Code   RO          924    x$fpl$dmul          fz_ws.l(dmul.o)
    0x08002f18   0x08002f18   0x0000009c   Code   RO          978    x$fpl$dnaninf       fz_ws.l(dnaninf.o)
    0x08002fb4   0x08002fb4   0x0000000c   Code   RO          980    x$fpl$dretinf       fz_ws.l(dretinf.o)
    0x08002fc0   0x08002fc0   0x0000006c   Code   RO          926    x$fpl$drleqf        fz_ws.l(drleqf.o)
    0x0800302c   0x0800302c   0x000001cc   Code   RO          982    x$fpl$dsqrt         fz_ws.l(dsqrt_noumaal.o)
    0x080031f8   0x080031f8   0x00000056   Code   RO          928    x$fpl$f2d           fz_ws.l(f2d.o)
    0x0800324e   0x0800324e   0x00000002   PAD
    0x08003250   0x08003250   0x000000c4   Code   RO          930    x$fpl$fadd          fz_ws.l(faddsub_clz.o)
    0x08003314   0x08003314   0x00000184   Code   RO          937    x$fpl$fdiv          fz_ws.l(fdiv.o)
    0x08003498   0x08003498   0x00000036   Code   RO          940    x$fpl$ffix          fz_ws.l(ffix.o)
    0x080034ce   0x080034ce   0x00000002   PAD
    0x080034d0   0x080034d0   0x0000003e   Code   RO          944    x$fpl$ffixu         fz_ws.l(ffixu.o)
    0x0800350e   0x0800350e   0x00000002   PAD
    0x08003510   0x08003510   0x00000030   Code   RO          949    x$fpl$fflt          fz_ws.l(fflt_clz.o)
    0x08003540   0x08003540   0x00000026   Code   RO          948    x$fpl$ffltu         fz_ws.l(fflt_clz.o)
    0x08003566   0x08003566   0x00000002   PAD
    0x08003568   0x08003568   0x00000102   Code   RO          954    x$fpl$fmul          fz_ws.l(fmul.o)
    0x0800366a   0x0800366a   0x0000008c   Code   RO          984    x$fpl$fnaninf       fz_ws.l(fnaninf.o)
    0x080036f6   0x080036f6   0x0000000a   Code   RO          986    x$fpl$fretinf       fz_ws.l(fretinf.o)
    0x08003700   0x08003700   0x000000ea   Code   RO          932    x$fpl$fsub          fz_ws.l(faddsub_clz.o)
    0x080037ea   0x080037ea   0x00000000   Code   RO          988    x$fpl$usenofp       fz_ws.l(usenofp.o)
    0x080037ea   0x080037ea   0x000017c0   Data   RO          250    .constdata          lcd.o
    0x08004faa   0x08004faa   0x00000002   PAD
    0x08004fac   0x08004fac   0x00000004   Data   RO          672    .constdata          touch.o
    0x08004fb0   0x08004fb0   0x0000003c   Data   RO          768    .constdata          test code.o
    0x08004fec   0x08004fec   0x00000079   Data   RO          673    .conststring        touch.o
    0x08005065   0x08005065   0x00000003   PAD
    0x08005068   0x08005068   0x00000037   Data   RO          769    .conststring        test code.o
    0x0800509f   0x0800509f   0x00000001   PAD
    0x080050a0   0x080050a0   0x00000020   Data   RO         1146    Region$$Table       anon$$obj.o


    Execution Region RW_IRAM1 (Exec base: 0x20000000, Load base: 0x080050c0, Size: 0x00002110, Max: 0x00005000, ABSOLUTE, COMPRESSED[0x00001088])

    Exec Addr    Load Addr    Size         Type   Attr      Idx    E Section Name        Object

    0x20000000   COMPRESSED   0x00000004   Data   RW           65    .data               delay.o
    0x20000004   COMPRESSED   0x00000006   Data   RW          175    .data               usart.o
    0x2000000a   COMPRESSED   0x00000cfc   Data   RW          251    .data               lcd.o
    0x20000d06   COMPRESSED   0x00000002   PAD
    0x20000d08   COMPRESSED   0x00000036   Data   RW          674    .data               touch.o
    0x20000d3e   COMPRESSED   0x00000c9a   Data   RW          770    .data               test code.o
    0x200019d8        -       0x000000c8   Zero   RW          174    .bss                usart.o
    0x20001aa0        -       0x0000000e   Zero   RW          249    .bss                lcd.o
    0x20001aae   COMPRESSED   0x00000002   PAD
    0x20001ab0        -       0x00000060   Zero   RW         1012    .bss                c_w.l(libspace.o)
    0x20001b10        -       0x00000200   Zero   RW            2    HEAP                startup_stm32f10x_hd.o
    0x20001d10        -       0x00000400   Zero   RW            1    STACK               startup_stm32f10x_hd.o


==============================================================================

Image component sizes


      Code (inc. data)   RO Data    RW Data    ZI Data      Debug   Object Name

       184         16          0          4          0       1811   delay.o
      4004        194       6080       3324         14      24742   lcd.o
        56         22        304          0       1536        828   startup_stm32f10x_hd.o
       316         42          0          0          0       2182   sys.o
      2018        434        115       3226          0       6567   test code.o
       132         24          0          0          0     206711   test.o
      3684        232        125         54          0      10319   touch.o
       138         14          0          6        200       2968   usart.o

    ----------------------------------------------------------------------
     10540        978       6662       6616       1752     256128   Object Totals
         0          0         32          0          0          0   (incl. Generated)
         8          0          6          2          2          0   (incl. Padding)

    ----------------------------------------------------------------------

      Code (inc. data)   RO Data    RW Data    ZI Data      Debug   Library Member Name

        90          0          0          0          0          0   __dczerorl2.o
         8          0          0          0          0         68   __main.o
         0          0          0          0          0          0   __rtentry.o
        12          0          0          0          0          0   __rtentry2.o
         6          0          0          0          0          0   __rtentry4.o
        52          8          0          0          0          0   __scatter.o
        28          0          0          0          0          0   __scatter_zi.o
        22          0          0          0          0        100   _rserrno.o
        18          0          0          0          0         80   exit.o
         6          0          0          0          0        152   heapauxi.o
         2          0          0          0          0          0   libinit.o
         2          0          0          0          0          0   libinit2.o
         2          0          0          0          0          0   libshutdown.o
         2          0          0          0          0          0   libshutdown2.o
         8          4          0          0         96         68   libspace.o
         8          4          0          0          0         68   rt_errno_addr_intlibspace.o
       100          0          0          0          0         80   rt_memcpy_w.o
         2          0          0          0          0          0   rtexit.o
        10          0          0          0          0          0   rtexit2.o
        62          0          0          0          0         76   strlen.o
        74          0          0          0          0         80   sys_stackheap_outer.o
         2          0          0          0          0         68   use_no_semi.o
         2          0          0          0          0         68   use_no_semi_2.o
        24          0          0          0          0         68   dcmpi.o
        90          4          0          0          0         92   dfixu.o
        38          0          0          0          0         68   dflt_clz.o
       120          4          0          0          0         92   dleqf.o
       340         12          0          0          0        104   dmul.o
       156          4          0          0          0         92   dnaninf.o
        12          0          0          0          0         68   dretinf.o
       108          0          0          0          0         80   drleqf.o
       460         56          0          0          0        120   dsqrt_noumaal.o
        86          4          0          0          0         84   f2d.o
       430          8          0          0          0        168   faddsub_clz.o
       388         76          0          0          0         96   fdiv.o
        54          4          0          0          0         84   ffix.o
        62          4          0          0          0         84   ffixu.o
        86          0          0          0          0        136   fflt_clz.o
       258          4          0          0          0         84   fmul.o
       140          4          0          0          0         84   fnaninf.o
        10          0          0          0          0         68   fretinf.o
         0          0          0          0          0          0   usenofp.o
        76          0          0          0          0         84   sqrt.o

    ----------------------------------------------------------------------
      3470        200          0          0         96       2664   Library Totals
        14          0          0          0          0          0   (incl. Padding)

    ----------------------------------------------------------------------

      Code (inc. data)   RO Data    RW Data    ZI Data      Debug   Library Name

       518         16          0          0         96        908   c_w.l
      2862        184          0          0          0       1672   fz_ws.l
        76          0          0          0          0         84   m_ws.l

    ----------------------------------------------------------------------
      3470        200          0          0         96       2664   Library Totals

    ----------------------------------------------------------------------

==============================================================================


      Code (inc. data)   RO Data    RW Data    ZI Data      Debug   

     14010       1178       6662       6616       1848     254316   Grand Totals
     14010       1178       6662       4232       1848     254316   ELF Image Totals (compressed)
     14010       1178       6662       4232          0          0   ROM Totals

==============================================================================

    Total RO  Size (Code + RO Data)                20672 (  20.19kB)
    Total RW  Size (RW Data + ZI Data)              8464 (   8.27kB)
    Total ROM Size (Code + RO Data + RW Data)      24904 (  24.32kB)

==============================================================================

