Component: ARM Compiler 5.06 update 7 (build 960) Tool: armlink [4d3601]

==============================================================================

Section Cross References

    startup_stm32f10x_hd.o(STACK) refers (Special) to heapauxi.o(.text) for __use_two_region_memory
    startup_stm32f10x_hd.o(HEAP) refers (Special) to heapauxi.o(.text) for __use_two_region_memory
    startup_stm32f10x_hd.o(RESET) refers (Special) to heapauxi.o(.text) for __use_two_region_memory
    startup_stm32f10x_hd.o(RESET) refers to startup_stm32f10x_hd.o(STACK) for __initial_sp
    startup_stm32f10x_hd.o(RESET) refers to startup_stm32f10x_hd.o(.text) for Reset_Handler
    startup_stm32f10x_hd.o(RESET) refers to usart.o(i.USART1_IRQHandler) for USART1_IRQHandler
    startup_stm32f10x_hd.o(.text) refers (Special) to heapauxi.o(.text) for __use_two_region_memory
    startup_stm32f10x_hd.o(.text) refers to __main.o(!!!main) for __main
    startup_stm32f10x_hd.o(.text) refers to startup_stm32f10x_hd.o(HEAP) for Heap_Mem
    startup_stm32f10x_hd.o(.text) refers to startup_stm32f10x_hd.o(STACK) for Stack_Mem
    test.o(i.main) refers to sys.o(i.Stm32_Clock_Init) for Stm32_Clock_Init
    test.o(i.main) refers to usart.o(i.uart_init) for uart_init
    test.o(i.main) refers to delay.o(i.delay_init) for delay_init
    test.o(i.main) refers to lcd.o(i.LCD_Init) for LCD_Init
    test.o(i.main) refers to lcd.o(i.LCD_Display_Dir) for LCD_Display_Dir
    test.o(i.main) refers to lcd.o(i.LCD_Clear) for LCD_Clear
    test.o(i.main) refers to test code.o(i.main_test) for main_test
    test.o(i.main) refers to test code.o(i.Color_Test) for Color_Test
    test.o(i.main) refers to test code.o(i.Read_Test) for Read_Test
    test.o(i.main) refers to test code.o(i.FillRec_Test) for FillRec_Test
    test.o(i.main) refers to test code.o(i.English_Font_test) for English_Font_test
    test.o(i.main) refers to test code.o(i.Chinese_Font_test) for Chinese_Font_test
    test.o(i.main) refers to test code.o(i.Pic_test) for Pic_test
    test.o(i.main) refers to test code.o(i.Switch_test) for Switch_test
    test.o(i.main) refers to test code.o(i.Rotate_Test) for Rotate_Test
    test.o(i.main) refers to lcd.o(i.Load_Drow_Dialog) for Load_Drow_Dialog
    test.o(i.main) refers to test code.o(i.ctp_test) for ctp_test
    test.o(i.main) refers to test code.o(i.rtp_test) for rtp_test
    test.o(i.main) refers to touch.o(.data) for tp_dev
    test.o(i.main) refers to lcd.o(.data) for POINT_COLOR
    delay.o(i.delay_init) refers to delay.o(.data) for fac_us
    delay.o(i.delay_ms) refers to delay.o(.data) for fac_ms
    delay.o(i.delay_us) refers to delay.o(.data) for fac_us
    sys.o(i.MYRCC_DeInit) refers to sys.o(i.MY_NVIC_SetVectorTable) for MY_NVIC_SetVectorTable
    sys.o(i.MY_NVIC_Init) refers to sys.o(i.MY_NVIC_PriorityGroupConfig) for MY_NVIC_PriorityGroupConfig
    sys.o(i.Stm32_Clock_Init) refers to sys.o(i.MYRCC_DeInit) for MYRCC_DeInit
    sys.o(i.Sys_Standby) refers to sys.o(i.WFI_SET) for WFI_SET
    usart.o(i.USART1_IRQHandler) refers (Special) to use_no_semi_2.o(.text) for __use_no_semihosting
    usart.o(i.USART1_IRQHandler) refers to usart.o(.data) for USART_RX_STA
    usart.o(i.USART1_IRQHandler) refers to usart.o(.bss) for USART_RX_BUF
    usart.o(i._sys_exit) refers (Special) to use_no_semi_2.o(.text) for __use_no_semihosting
    usart.o(i.fputc) refers (Special) to use_no_semi_2.o(.text) for __use_no_semihosting
    usart.o(i.uart_init) refers (Special) to use_no_semi_2.o(.text) for __use_no_semihosting
    usart.o(i.uart_init) refers to fflt_clz.o(x$fpl$ffltu) for __aeabi_ui2f
    usart.o(i.uart_init) refers to fdiv.o(x$fpl$fdiv) for __aeabi_fdiv
    usart.o(i.uart_init) refers to ffixu.o(x$fpl$ffixu) for __aeabi_f2uiz
    usart.o(i.uart_init) refers to faddsub_clz.o(x$fpl$frsb) for __aeabi_frsub
    usart.o(i.uart_init) refers to fmul.o(x$fpl$fmul) for __aeabi_fmul
    usart.o(i.uart_init) refers to sys.o(i.MY_NVIC_Init) for MY_NVIC_Init
    usart.o(.bss) refers (Special) to use_no_semi_2.o(.text) for __use_no_semihosting
    usart.o(.data) refers (Special) to use_no_semi_2.o(.text) for __use_no_semihosting
    lcd.o(i.GUI_DrawFont16) refers to lcd.o(i.LCD_Set_Window) for LCD_Set_Window
    lcd.o(i.GUI_DrawFont16) refers to lcd.o(i.LCD_WriteRAM_Prepare) for LCD_WriteRAM_Prepare
    lcd.o(i.GUI_DrawFont16) refers to lcd.o(i.LCD_WriteRAM) for LCD_WriteRAM
    lcd.o(i.GUI_DrawFont16) refers to lcd.o(i.LCD_DrawPoint) for LCD_DrawPoint
    lcd.o(i.GUI_DrawFont16) refers to lcd.o(.data) for tfont16
    lcd.o(i.GUI_DrawFont16) refers to lcd.o(.bss) for lcddev
    lcd.o(i.GUI_DrawFont24) refers to lcd.o(i.LCD_Set_Window) for LCD_Set_Window
    lcd.o(i.GUI_DrawFont24) refers to lcd.o(i.LCD_WriteRAM_Prepare) for LCD_WriteRAM_Prepare
    lcd.o(i.GUI_DrawFont24) refers to lcd.o(i.LCD_WriteRAM) for LCD_WriteRAM
    lcd.o(i.GUI_DrawFont24) refers to lcd.o(i.LCD_DrawPoint) for LCD_DrawPoint
    lcd.o(i.GUI_DrawFont24) refers to lcd.o(.data) for tfont24
[...]
    ../clib/stdlib.c                         0x00000000   Number         0  exit.o ABSOLUTE
    ../clib/string.c                         0x00000000   Number         0  strlen.o ABSOLUTE
    ../fplib/dcmpi.s                         0x00000000   Number         0  dcmpi.o ABSOLUTE
    ../fplib/dfixu.s                         0x00000000   Number         0  dfixu.o ABSOLUTE
    ../fplib/dflt.s                          0x00000000   Number         0  dflt_clz.o ABSOLUTE
    ../fplib/dleqf.s                         0x00000000   Number         0  dleqf.o ABSOLUTE
    ../fplib/dmul.s                          0x00000000   Number         0  dmul.o ABSOLUTE
    ../fplib/dnaninf.s                       0x00000000   Number         0  dnaninf.o ABSOLUTE
    ../fplib/dretinf.s                       0x00000000   Number         0  dretinf.o ABSOLUTE
    ../fplib/drleqf.s                        0x00000000   Number         0  drleqf.o ABSOLUTE
    ../fplib/dsqrt.s                         0x00000000   Number         0  dsqrt_noumaal.o ABSOLUTE
    ../fplib/f2d.s                           0x00000000   Number         0  f2d.o ABSOLUTE
    ../fplib/faddsub.s                       0x00000000   Number         0  faddsub_clz.o ABSOLUTE
    ../fplib/fdiv.s                          0x00000000   Number         0  fdiv.o ABSOLUTE
    ../fplib/ffix.s                          0x00000000   Number         0  ffix.o ABSOLUTE
    ../fplib/ffixu.s                         0x00000000   Number         0  ffixu.o ABSOLUTE
    ../fplib/fflt.s                          0x00000000   Number         0  fflt_clz.o ABSOLUTE
    ../fplib/fmul.s                          0x00000000   Number         0  fmul.o ABSOLUTE
    ../fplib/fnaninf.s                       0x00000000   Number         0  fnaninf.o ABSOLUTE
    ../fplib/fpinit.s                        0x00000000   Number         0  fpinit.o ABSOLUTE
    ../fplib/fretinf.s                       0x00000000   Number         0  fretinf.o ABSOLUTE
    ../fplib/usenofp.s                       0x00000000   Number         0  usenofp.o ABSOLUTE
    ../mathlib/sqrt.c                        0x00000000   Number         0  sqrt.o ABSOLUTE
    ../mathlib/sqrt.c                        0x00000000   Number         0  sqrt_x.o ABSOLUTE
    ..\HARDWARE\LCD\LCD.c                    0x00000000   Number         0  lcd.o ABSOLUTE
    ..\HARDWARE\TEST\test code.c             0x00000000   Number         0  test code.o ABSOLUTE
    ..\HARDWARE\TOUCH\ctiic.c                0x00000000   Number         0  ctiic.o ABSOLUTE
    ..\HARDWARE\TOUCH\ctp.c                  0x00000000   Number         0  ctp.o ABSOLUTE
    ..\HARDWARE\TOUCH\touch.c                0x00000000   Number         0  touch.o ABSOLUTE
    ..\HARDWARE\W25QX\w25qx.c                0x00000000   Number         0  w25qx.o ABSOLUTE
    ..\SYSTEM\delay\delay.c                  0x00000000   Number         0  delay.o ABSOLUTE
    ..\SYSTEM\sys\sys.c                      0x00000000   Number         0  sys.o ABSOLUTE
    ..\SYSTEM\usart\usart.c                  0x00000000   Number         0  usart.o ABSOLUTE
    ..\\SYSTEM\\sys\\sys.c                   0x00000000   Number         0  sys.o ABSOLUTE
    dc.s                                     0x00000000   Number         0  dc.o ABSOLUTE
    startup_stm32f10x_hd.s                   0x00000000   Number         0  startup_stm32f10x_hd.o ABSOLUTE
    test.c                                   0x00000000   Number         0  test.o ABSOLUTE
    RESET                                    0x08000000   Section      304  startup_stm32f10x_hd.o(RESET)
    !!!main                                  0x08000130   Section        8  __main.o(!!!main)
    !!!scatter                               0x08000138   Section       52  __scatter.o(!!!scatter)
    !!dczerorl2                              0x0800016c   Section       90  __dczerorl2.o(!!dczerorl2)
    !!handler_zi                             0x080001c8   Section       28  __scatter_zi.o(!!handler_zi)
    .ARM.Collect$$_printf_percent$$00000000  0x080001e4   Section        0  _printf_percent.o(.ARM.Collect$$_printf_percent$$00000000)
    .ARM.Collect$$_printf_percent$$0000000C  0x080001e4   Section        6  _printf_x.o(.ARM.Collect$$_printf_percent$$0000000C)
    .ARM.Collect$$_printf_percent$$00000017  0x080001ea   Section        4  _printf_percent_end.o(.ARM.Collect$$_printf_percent$$00000017)
    .ARM.Collect$$libinit$$00000000          0x080001ee   Section        2  libinit.o(.ARM.Collect$$libinit$$00000000)
    .ARM.Collect$$libinit$$00000002          0x080001f0   Section        0  libinit2.o(.ARM.Collect$$libinit$$00000002)
    .ARM.Collect$$libinit$$00000004          0x080001f0   Section        0  libinit2.o(.ARM.Collect$$libinit$$00000004)
    .ARM.Collect$$libinit$$0000000A          0x080001f0   Section        0  libinit2.o(.ARM.Collect$$libinit$$0000000A)
    .ARM.Collect$$libinit$$0000000C          0x080001f0   Section        0  libinit2.o(.ARM.Collect$$libinit$$0000000C)
    .ARM.Collect$$libinit$$0000000E          0x080001f0   Section        0  libinit2.o(.ARM.Collect$$libinit$$0000000E)
    .ARM.Collect$$libinit$$00000011          0x080001f0   Section        0  libinit2.o(.ARM.Collect$$libinit$$00000011)
    .ARM.Collect$$libinit$$00000013          0x080001f0   Section        0  libinit2.o(.ARM.Collect$$libinit$$00000013)
    .ARM.Collect$$libinit$$00000015          0x080001f0   Section        0  libinit2.o(.ARM.Collect$$libinit$$00000015)
    .ARM.Collect$$libinit$$00000017          0x080001f0   Section        0  libinit2.o(.ARM.Collect$$libinit$$00000017)
    .ARM.Collect$$libinit$$00000019          0x080001f0   Section        0  libinit2.o(.ARM.Collect$$libinit$$00000019)
    .ARM.Collect$$libinit$$0000001B          0x080001f0   Section        0  libinit2.o(.ARM.Collect$$libinit$$0000001B)
    .ARM.Collect$$libinit$$0000001D          0x080001f0   Section        0  libinit2.o(.ARM.Collect$$libinit$$0000001D)
    .ARM.Collect$$libinit$$0000001F          0x080001f0   Section        0  libinit2.o(.ARM.Collect$$libinit$$0000001F)
    .ARM.Collect$$libinit$$00000021          0x080001f0   Section        0  libinit2.o(.ARM.Collect$$libinit$$00000021)
    .ARM.Collect$$libinit$$00000023          0x080001f0   Section        0  libinit2.o(.ARM.Collect$$libinit$$00000023)
    .ARM.Collect$$libinit$$00000025          0x080001f0   Section        0  libinit2.o(.ARM.Collect$$libinit$$00000025)
    .ARM.Collect$$libinit$$0000002C          0x080001f0   Section        0  libinit2.o(.ARM.Collect$$libinit$$0000002C)
    .ARM.Collect$$libinit$$0000002E          0x080001f0   Section        0  libinit2.o(.ARM.Collect$$libinit$$0000002E)
    .ARM.Collect$$libinit$$00000030          0x080001f0   Section        0  libinit2.o(.ARM.Collect$$libinit$$00000030)
    .ARM.Collect$$libinit$$00000032          0x080001f0   Section        0  libinit2.o(.ARM.Collect$$libinit$$00000032)
    .ARM.Collect$$libinit$$00000033          0x080001f0   Section        2  libinit2.o(.ARM.Collect$$libinit$$00000033)
    .ARM.Collect$$libshutdown$$00000000      0x080001f2   Section        2  libshutdown.o(.ARM.Collect$$libshutdown$$00000000)
    .ARM.Collect$$libshutdown$$00000002      0x080001f4   Section        0  libshutdown2.o(.ARM.Collect$$libshutdown$$00000002)
    .ARM.Collect$$libshutdown$$00000004      0x080001f4   Section        0  libshutdown2.o(.ARM.Collect$$libshutdown$$00000004)
    .ARM.Collect$$libshutdown$$00000006      0x080001f4   Section        0  libshutdown2.o(.ARM.Collect$$libshutdown$$00000006)
    .ARM.Collect$$libshutdown$$00000009      0x080001f4   Section        0  libshutdown2.o(.ARM.Collect$$libshutdown$$00000009)
    .ARM.Collect$$libshutdown$$0000000C      0x080001f4   Section        0  libshutdown2.o(.ARM.Collect$$libshutdown$$0000000C)
    .ARM.Collect$$libshutdown$$0000000E      0x080001f4   Section        0  libshutdown2.o(.ARM.Collect$$libshutdown$$0000000E)
    .ARM.Collect$$libshutdown$$00000011      0x080001f4   Section        0  libshutdown2.o(.ARM.Collect$$libshutdown$$00000011)
    .ARM.Collect$$libshutdown$$00000012      0x080001f4   Section        2  libshutdown2.o(.ARM.Collect$$libshutdown$$00000012)
    .ARM.Collect$$rtentry$$00000000          0x080001f6   Section        0  __rtentry.o(.ARM.Collect$$rtentry$$00000000)
    .ARM.Collect$$rtentry$$00000002          0x080001f6   Section        0  __rtentry2.o(.ARM.Collect$$rtentry$$00000002)
    .ARM.Collect$$rtentry$$00000004          0x080001f6   Section        6  __rtentry4.o(.ARM.Collect$$rtentry$$00000004)
    .ARM.Collect$$rtentry$$00000009          0x080001fc   Section        0  __rtentry2.o(.ARM.Collect$$rtentry$$00000009)
    .ARM.Collect$$rtentry$$0000000A          0x080001fc   Section        4  __rtentry2.o(.ARM.Collect$$rtentry$$0000000A)
    .ARM.Collect$$rtentry$$0000000C          0x08000200   Section        0  __rtentry2.o(.ARM.Collect$$rtentry$$0000000C)
    .ARM.Collect$$rtentry$$0000000D          0x08000200   Section        8  __rtentry2.o(.ARM.Collect$$rtentry$$0000000D)
    .ARM.Collect$$rtexit$$00000000           0x08000208   Section        2  rtexit.o(.ARM.Collect$$rtexit$$00000000)
    .ARM.Collect$$rtexit$$00000002           0x0800020a   Section        0  rtexit2.o(.ARM.Collect$$rtexit$$00000002)
    .ARM.Collect$$rtexit$$00000003           0x0800020a   Section        4  rtexit2.o(.ARM.Collect$$rtexit$$00000003)
    .ARM.Collect$$rtexit$$00000004           0x0800020e   Section        6  rtexit2.o(.ARM.Collect$$rtexit$$00000004)
    .text                                    0x08000214   Section       56  startup_stm32f10x_hd.o(.text)
    .text                                    0x0800024c   Section        2  use_no_semi_2.o(.text)
    .text                                    0x08000250   Section        0  noretval__2sprintf.o(.text)
    .text                                    0x08000278   Section        0  _printf_pad.o(.text)
    .text                                    0x080002c8   Section        0  _printf_hex_int.o(.text)
    .text                                    0x08000320   Section        0  __printf_flags_wp.o(.text)
    .text                                    0x08000458   Section        0  strlen.o(.text)
    .text                                    0x08000496   Section      100  rt_memcpy_w.o(.text)
    .text                                    0x080004fa   Section       78  rt_memclr_w.o(.text)
    .text                                    0x08000548   Section        0  heapauxi.o(.text)
    .text                                    0x0800054e   Section        2  use_no_semi.o(.text)
    .text                                    0x08000550   Section        0  _rserrno.o(.text)
    .text                                    0x08000566   Section        0  _printf_intcommon.o(.text)
    .text                                    0x08000618   Section        0  _printf_char_common.o(.text)
    _printf_input_char                       0x08000619   Thumb Code    10  _printf_char_common.o(.text)
    .text                                    0x08000648   Section        0  _sputc.o(.text)
    .text                                    0x08000654   Section        8  rt_errno_addr_intlibspace.o(.text)
    .text                                    0x0800065c   Section        8  libspace.o(.text)
    .text                                    0x08000664   Section       74  sys_stackheap_outer.o(.text)
    .text                                    0x080006ae   Section        0  exit.o(.text)
    i.CT_Delay                               0x080006c0   Section        0  ctiic.o(i.CT_Delay)
    i.CT_IIC_Ack                             0x080006cc   Section        0  ctiic.o(i.CT_IIC_Ack)
    i.CT_IIC_Init                            0x0800071c   Section        0  ctiic.o(i.CT_IIC_Init)
    i.CT_IIC_NAck                            0x08000768   Section        0  ctiic.o(i.CT_IIC_NAck)
    i.CT_IIC_Read_Byte                       0x080007b8   Section        0  ctiic.o(i.CT_IIC_Read_Byte)
    i.CT_IIC_Send_Byte                       0x08000824   Section        0  ctiic.o(i.CT_IIC_Send_Byte)
    i.CT_IIC_Start                           0x08000884   Section        0  ctiic.o(i.CT_IIC_Start)
    i.CT_IIC_Stop                            0x080008d0   Section        0  ctiic.o(i.CT_IIC_Stop)
    i.CT_IIC_Wait_Ack                        0x08000918   Section        0  ctiic.o(i.CT_IIC_Wait_Ack)
    i.Chinese_Font_test                      0x08000978   Section        0  test code.o(i.Chinese_Font_test)
    i.Color_Test                             0x08000a34   Section        0  test code.o(i.Color_Test)
    i.DispBand                               0x08000aec   Section        0  test code.o(i.DispBand)
    i.DrawTestPage                           0x08000b88   Section        0  test code.o(i.DrawTestPage)
    i.English_Font_test                      0x08000cb0   Section        0  test code.o(i.English_Font_test)
    i.FT6336_Init                            0x08000e38   Section        0  ctp.o(i.FT6336_Init)
    i.FT6336_RD_Reg                          0x08000e64   Section        0  ctp.o(i.FT6336_RD_Reg)
    i.FT6336_Scan                            0x08000ebc   Section        0  ctp.o(i.FT6336_Scan)
    i.FillRec_Test                           0x08001054   Section        0  test code.o(i.FillRec_Test)
    i.GUI_DrawFont16                         0x08001250   Section        0  lcd.o(i.GUI_DrawFont16)
    i.GUI_DrawFont24                         0x0800134c   Section        0  lcd.o(i.GUI_DrawFont24)
    i.GUI_DrawFont32                         0x08001458   Section        0  lcd.o(i.GUI_DrawFont32)
    i.Gui_Drawbmp16                          0x08001554   Section        0  lcd.o(i.Gui_Drawbmp16)
    i.Gui_StrCenter                          0x080015a4   Section        0  lcd.o(i.Gui_StrCenter)
    i.JTAG_Set                               0x08001604   Section        0  sys.o(i.JTAG_Set)
    i.LCD_Clear                              0x08001634   Section        0  lcd.o(i.LCD_Clear)
    i.LCD_DisplayOff                         0x08001664   Section        0  lcd.o(i.LCD_DisplayOff)
    i.LCD_DisplayOn                          0x0800166e   Section        0  lcd.o(i.LCD_DisplayOn)
    i.LCD_Display_Dir                        0x08001678   Section        0  lcd.o(i.LCD_Display_Dir)
    i.LCD_DrawLine                           0x08001760   Section        0  lcd.o(i.LCD_DrawLine)
    i.LCD_DrawPoint                          0x08001810   Section        0  lcd.o(i.LCD_DrawPoint)
    i.LCD_DrawRectangle                      0x08001830   Section        0  lcd.o(i.LCD_DrawRectangle)
    i.LCD_Draw_Circle                        0x0800186c   Section        0  lcd.o(i.LCD_Draw_Circle)
    i.LCD_Fast_DrawPoint                     0x08001904   Section        0  lcd.o(i.LCD_Fast_DrawPoint)
    i.LCD_Fill                               0x08001924   Section        0  lcd.o(i.LCD_Fill)
    i.LCD_Init                               0x080019dc   Section        0  lcd.o(i.LCD_Init)
    i.LCD_Pow                                0x08001c38   Section        0  lcd.o(i.LCD_Pow)
    i.LCD_RD_DATA                            0x08001c50   Section        0  lcd.o(i.LCD_RD_DATA)
    i.LCD_ReadPoint                          0x08001cb0   Section        0  lcd.o(i.LCD_ReadPoint)
    i.LCD_Read_ID                            0x08001d94   Section        0  lcd.o(i.LCD_Read_ID)
    i.LCD_SetCursor                          0x08001dd8   Section        0  lcd.o(i.LCD_SetCursor)
    i.LCD_Set_Window                         0x08001e0c   Section        0  lcd.o(i.LCD_Set_Window)
    i.LCD_ShowChar                           0x08001e70   Section        0  lcd.o(i.LCD_ShowChar)
    i.LCD_ShowNum                            0x08001f98   Section        0  lcd.o(i.LCD_ShowNum)
    i.LCD_ShowString                         0x0800202c   Section        0  lcd.o(i.LCD_ShowString)
    i.LCD_WR_DATA                            0x08002094   Section        0  lcd.o(i.LCD_WR_DATA)
    i.LCD_WR_REG                             0x080020c4   Section        0  lcd.o(i.LCD_WR_REG)
    i.LCD_WriteRAM                           0x080020f4   Section        0  lcd.o(i.LCD_WriteRAM)
    i.LCD_WriteRAM_Prepare                   0x08002100   Section        0  lcd.o(i.LCD_WriteRAM_Prepare)
    i.LCD_WriteReg                           0x08002110   Section        0  lcd.o(i.LCD_WriteReg)
    i.Load_Drow_Dialog                       0x08002124   Section        0  lcd.o(i.Load_Drow_Dialog)
    i.MYRCC_DeInit                           0x08002170   Section        0  sys.o(i.MYRCC_DeInit)
    i.MY_NVIC_Init                           0x080021d8   Section        0  sys.o(i.MY_NVIC_Init)
    i.MY_NVIC_PriorityGroupConfig            0x08002250   Section        0  sys.o(i.MY_NVIC_PriorityGroupConfig)
    i.MY_NVIC_SetVectorTable                 0x08002278   Section        0  sys.o(i.MY_NVIC_SetVectorTable)
    i.Pic_test                               0x0800228c   Section        0  test code.o(i.Pic_test)
    i.Read_Test                              0x080022d0   Section        0  test code.o(i.Read_Test)
    i.Rotate_Test                            0x080023ec   Section        0  test code.o(i.Rotate_Test)
    i.SPI_Read                               0x0800246c   Section        0  w25qx.o(i.SPI_Read)
    i.SPI_Write                              0x080024a0   Section        0  w25qx.o(i.SPI_Write)
    i.Show_Str                               0x080024dc   Section        0  lcd.o(i.Show_Str)
    i.Stm32_Clock_Init                       0x080025d0   Section        0  sys.o(i.Stm32_Clock_Init)
    i.Switch_test                            0x08002660   Section        0  test code.o(i.Switch_test)
    i.TP_Adj_Info_Show                       0x0800268c   Section        0  touch.o(i.TP_Adj_Info_Show)
    i.TP_Adjust                              0x08002834   Section        0  touch.o(i.TP_Adjust)
    i.TP_Draw_Big_Point                      0x0800309c   Section        0  touch.o(i.TP_Draw_Big_Point)
    i.TP_Drow_Touch_Point                    0x080030d8   Section        0  touch.o(i.TP_Drow_Touch_Point)
    i.TP_Get_Adjdata                         0x08003148   Section        0  touch.o(i.TP_Get_Adjdata)
    i.TP_Init                                0x08003274   Section        0  touch.o(i.TP_Init)
    i.TP_Read_AD                             0x080033d8   Section        0  touch.o(i.TP_Read_AD)
    i.TP_Read_XOY                            0x08003468   Section        0  touch.o(i.TP_Read_XOY)
    i.TP_Read_XY                             0x080034e0   Section        0  touch.o(i.TP_Read_XY)
    i.TP_Read_XY2                            0x08003510   Section        0  touch.o(i.TP_Read_XY2)
    i.TP_Save_Adjdata                        0x080035d0   Section        0  touch.o(i.TP_Save_Adjdata)
    i.TP_Scan                                0x08003674   Section        0  touch.o(i.TP_Scan)
    i.TP_Write_Byte                          0x08003784   Section        0  touch.o(i.TP_Write_Byte)
    i.USART1_IRQHandler                      0x080037d0   Section        0  usart.o(i.USART1_IRQHandler)
    i.W25Q16_Read                            0x08003854   Section        0  w25qx.o(i.W25Q16_Read)
    i.W25Q16_ReadSR                          0x080038a4   Section        0  w25qx.o(i.W25Q16_ReadSR)
    i.W25Q16_Write                           0x080038d0   Section        0  w25qx.o(i.W25Q16_Write)
    i.W25QX_Erase_Sector                     0x08003988   Section        0  w25qx.o(i.W25QX_Erase_Sector)
    i.W25QX_Flash_ReadID                     0x080039d8   Section        0  w25qx.o(i.W25QX_Flash_ReadID)
    i.W25QX_Flash_Write_Page                 0x08003a1c   Section        0  w25qx.o(i.W25QX_Flash_Write_Page)
    i.W25QX_Write_NoCheck                    0x08003a74   Section        0  w25qx.o(i.W25QX_Write_NoCheck)
    i.W25QX_init                             0x08003ab8   Section        0  w25qx.o(i.W25QX_init)
    i.Write_Enable                           0x08003b24   Section        0  w25qx.o(i.Write_Enable)
    i._is_digit                              0x08003b44   Section        0  __printf_wp.o(i._is_digit)
    i._sys_exit                              0x08003b52   Section        0  usart.o(i._sys_exit)
    i.ctp_test                               0x08003b58   Section        0  test code.o(i.ctp_test)
    i.delay_init                             0x08003c50   Section        0  delay.o(i.delay_init)
    i.delay_ms                               0x08003c90   Section        0  delay.o(i.delay_ms)
    i.delay_us                               0x08003ccc   Section        0  delay.o(i.delay_us)
    i.gui_draw_hline                         0x08003d08   Section        0  lcd.o(i.gui_draw_hline)
    i.gui_fill_circle                        0x08003d2c   Section        0  lcd.o(i.gui_fill_circle)
    i.lcd_draw_bline                         0x08003ddc   Section        0  lcd.o(i.lcd_draw_bline)
    i.main                                   0x08003eb0   Section        0  test.o(i.main)
    i.main_test                              0x08003f5c   Section        0  test code.o(i.main_test)
    i.opt_delay                              0x08004028   Section        0  lcd.o(i.opt_delay)
    i.rtp_test                               0x08004038   Section        0  test code.o(i.rtp_test)
    i.sqrt                                   0x080040a4   Section        0  sqrt.o(i.sqrt)
    i.uart_init                              0x080040f0   Section        0  usart.o(i.uart_init)
    x$fpl$dcmpinf                            0x080041cc   Section       24  dcmpi.o(x$fpl$dcmpinf)
    x$fpl$dfixu                              0x080041e4   Section       90  dfixu.o(x$fpl$dfixu)
    x$fpl$dfltu                              0x0800423e   Section       38  dflt_clz.o(x$fpl$dfltu)
    x$fpl$dleqf                              0x08004264   Section      120  dleqf.o(x$fpl$dleqf)
    x$fpl$dmul                               0x080042dc   Section      340  dmul.o(x$fpl$dmul)
    x$fpl$dnaninf                            0x08004430   Section      156  dnaninf.o(x$fpl$dnaninf)
    x$fpl$dretinf                            0x080044cc   Section       12  dretinf.o(x$fpl$dretinf)
    x$fpl$drleqf                             0x080044d8   Section      108  drleqf.o(x$fpl$drleqf)
    x$fpl$dsqrt                              0x08004544   Section      460  dsqrt_noumaal.o(x$fpl$dsqrt)
    x$fpl$f2d                                0x08004710   Section       86  f2d.o(x$fpl$f2d)
    x$fpl$fadd                               0x08004768   Section      196  faddsub_clz.o(x$fpl$fadd)
    _fadd1                                   0x08004777   Thumb Code     0  faddsub_clz.o(x$fpl$fadd)
    x$fpl$fdiv                               0x0800482c   Section      388  fdiv.o(x$fpl$fdiv)
    _fdiv1                                   0x0800482d   Thumb Code     0  fdiv.o(x$fpl$fdiv)
    x$fpl$ffix                               0x080049b0   Section       54  ffix.o(x$fpl$ffix)
    x$fpl$ffixu                              0x080049e8   Section       62  ffixu.o(x$fpl$ffixu)
    x$fpl$fflt                               0x08004a28   Section       48  fflt_clz.o(x$fpl$fflt)
    x$fpl$ffltu                              0x08004a58   Section       38  fflt_clz.o(x$fpl$ffltu)
    x$fpl$fmul                               0x08004a80   Section      258  fmul.o(x$fpl$fmul)
    x$fpl$fnaninf                            0x08004b82   Section      140  fnaninf.o(x$fpl$fnaninf)
    x$fpl$fretinf                            0x08004c0e   Section       10  fretinf.o(x$fpl$fretinf)
    x$fpl$frsb                               0x08004c18   Section       20  faddsub_clz.o(x$fpl$frsb)
    x$fpl$fsub                               0x08004c2c   Section      234  faddsub_clz.o(x$fpl$fsub)
    _fsub1                                   0x08004c3b   Thumb Code     0  faddsub_clz.o(x$fpl$fsub)
    .constdata                               0x08004d16   Section     6080  lcd.o(.constdata)
    x$fpl$usenofp                            0x08004d16   Section        0  usenofp.o(x$fpl$usenofp)
    .constdata                               0x080064d6   Section       10  ctp.o(.constdata)
    .constdata                               0x080064e0   Section        4  touch.o(.constdata)
    .constdata                               0x080064e4   Section       60  test code.o(.constdata)
    .constdata                               0x08006520   Section       40  _printf_hex_int.o(.constdata)
    uc_hextab                                0x08006520   Data          20  _printf_hex_int.o(.constdata)
    lc_hextab                                0x08006534   Data          20  _printf_hex_int.o(.constdata)
    .constdata                               0x08006548   Section       17  __printf_flags_wp.o(.constdata)
    maptable                                 0x08006548   Data          17  __printf_flags_wp.o(.constdata)
    .conststring                             0x0800655c   Section      121  touch.o(.conststring)
    .conststring                             0x080065d8   Section       55  test code.o(.conststring)
    .data                                    0x20000000   Section        4  delay.o(.data)
    fac_us                                   0x20000000   Data           1  delay.o(.data)
    fac_ms                                   0x20000002   Data           2  delay.o(.data)
    .data                                    0x20000004   Section        6  usart.o(.data)
    .data                                    0x2000000a   Section     3324  lcd.o(.data)
    .data                                    0x20000d06   Section        1  ctp.o(.data)
    t                                        0x20000d06   Data           1  ctp.o(.data)
    .data                                    0x20000d08   Section       54  touch.o(.data)
    .data                                    0x20000d3e   Section     3226  test code.o(.data)
    .bss                                     0x200019d8   Section      200  usart.o(.bss)
    .bss                                     0x20001aa0   Section       14  lcd.o(.bss)
    .bss                                     0x20001aae   Section     4096  w25qx.o(.bss)
    .bss                                     0x20002ab0   Section       96  libspace.o(.bss)
    HEAP                                     0x20002b10   Section      512  startup_stm32f10x_hd.o(HEAP)
    Heap_Mem                                 0x20002b10   Data         512  startup_stm32f10x_hd.o(HEAP)
    STACK                                    0x20002d10   Section     1024  startup_stm32f10x_hd.o(STACK)
    Stack_Mem                                0x20002d10   Data        1024  startup_stm32f10x_hd.o(STACK)
    __initial_sp                             0x20003110   Data           0  startup_stm32f10x_hd.o(STACK)

    Global Symbols

    Symbol Name                              Value     Ov Type        Size  Object(Section)

    BuildAttributes$$THM_ISAv4$P$D$K$B$S$PE$A:L22UL41UL21$X:L11$S22US41US21$IEEE1$IW$USESV6$~STKCKD$USESV7$~SHL$OTIME$ROPI$IEEEJ$EBA8$UX$STANDARDLIB$REQ8$PRES8$EABIv2 0x00000000   Number         0  anon$$obj.o ABSOLUTE
    __ARM_use_no_argv                        0x00000000   Number         0  test.o ABSOLUTE
    _printf_flags                            0x00000000   Number         0  printf_stubs.o ABSOLUTE
    _printf_return_value                     0x00000000   Number         0  printf_stubs.o ABSOLUTE
    _printf_sizespec                         0x00000000   Number         0  printf_stubs.o ABSOLUTE
    _printf_widthprec                        0x00000000   Number         0  printf_stubs.o ABSOLUTE
    __ARM_exceptions_init                     - Undefined Weak Reference
    __alloca_initialize                       - Undefined Weak Reference
    __arm_fini_                               - Undefined Weak Reference
    __arm_preinit_                            - Undefined Weak Reference
    __cpp_initialize__aeabi_                  - Undefined Weak Reference
    __cxa_finalize                            - Undefined Weak Reference
    __rt_locale                               - Undefined Weak Reference
    __sigvec_lookup                           - Undefined Weak Reference
    _atexit_init                              - Undefined Weak Reference
    _call_atexit_fns                          - Undefined Weak Reference
    _clock_init                               - Undefined Weak Reference
    _fp_trap_init                             - Undefined Weak Reference
    _fp_trap_shutdown                         - Undefined Weak Reference
    _get_lc_collate                           - Undefined Weak Reference
    _get_lc_ctype                             - Undefined Weak Reference
    _get_lc_monetary                          - Undefined Weak Reference
    _get_lc_numeric                           - Undefined Weak Reference
    _get_lc_time                              - Undefined Weak Reference
    _getenv_init                              - Undefined Weak Reference
    _handle_redirection                       - Undefined Weak Reference
    _init_alloc                               - Undefined Weak Reference
    _init_user_alloc                          - Undefined Weak Reference
    _initio                                   - Undefined Weak Reference
    _printf_truncate_unsigned                 - Undefined Weak Reference
    _rand_init                                - Undefined Weak Reference
    _signal_finish                            - Undefined Weak Reference
    _signal_init                              - Undefined Weak Reference
    _terminate_alloc                          - Undefined Weak Reference
    _terminate_user_alloc                     - Undefined Weak Reference
    _terminateio                              - Undefined Weak Reference
    __Vectors_Size                           0x00000130   Number         0  startup_stm32f10x_hd.o ABSOLUTE
    __Vectors                                0x08000000   Data           4  startup_stm32f10x_hd.o(RESET)
    __Vectors_End                            0x08000130   Data           0  startup_stm32f10x_hd.o(RESET)
    __main                                   0x08000131   Thumb Code     8  __main.o(!!!main)
    __scatterload                            0x08000139   Thumb Code     0  __scatter.o(!!!scatter)
    __scatterload_rt2                        0x08000139   Thumb Code    44  __scatter.o(!!!scatter)
    __scatterload_rt2_thumb_only             0x08000139   Thumb Code     0  __scatter.o(!!!scatter)
    __scatterload_null                       0x08000147   Thumb Code     0  __scatter.o(!!!scatter)
    __decompress                             0x0800016d   Thumb Code    90  __dczerorl2.o(!!dczerorl2)
    __decompress1                            0x0800016d   Thumb Code     0  __dczerorl2.o(!!dczerorl2)
    __scatterload_zeroinit                   0x080001c9   Thumb Code    28  __scatter_zi.o(!!handler_zi)
    _printf_percent                          0x080001e5   Thumb Code     0  _printf_percent.o(.ARM.Collect$$_printf_percent$$00000000)
    _printf_x                                0x080001e5   Thumb Code     0  _printf_x.o(.ARM.Collect$$_printf_percent$$0000000C)
    _printf_percent_end                      0x080001eb   Thumb Code     0  _printf_percent_end.o(.ARM.Collect$$_printf_percent$$00000017)
    __rt_lib_init                            0x080001ef   Thumb Code     0  libinit.o(.ARM.Collect$$libinit$$00000000)
    __rt_lib_init_alloca_1                   0x080001f1   Thumb Code     0  libinit2.o(.ARM.Collect$$libinit$$0000002E)
    __rt_lib_init_argv_1                     0x080001f1   Thumb Code     0  libinit2.o(.ARM.Collect$$libinit$$0000002C)
    __rt_lib_init_atexit_1                   0x080001f1   Thumb Code     0  libinit2.o(.ARM.Collect$$libinit$$0000001B)
    __rt_lib_init_clock_1                    0x080001f1   Thumb Code     0  libinit2.o(.ARM.Collect$$libinit$$00000021)
    __rt_lib_init_cpp_1                      0x080001f1   Thumb Code     0  libinit2.o(.ARM.Collect$$libinit$$00000032)
    __rt_lib_init_exceptions_1               0x080001f1   Thumb Code     0  libinit2.o(.ARM.Collect$$libinit$$00000030)
    __rt_lib_init_fp_1                       0x080001f1   Thumb Code     0  libinit2.o(.ARM.Collect$$libinit$$00000002)
    __rt_lib_init_fp_trap_1                  0x080001f1   Thumb Code     0  libinit2.o(.ARM.Collect$$libinit$$0000001F)
    __rt_lib_init_getenv_1                   0x080001f1   Thumb Code     0  libinit2.o(.ARM.Collect$$libinit$$00000023)
    __rt_lib_init_heap_1                     0x080001f1   Thumb Code     0  libinit2.o(.ARM.Collect$$libinit$$0000000A)
    __rt_lib_init_lc_collate_1               0x080001f1   Thumb Code     0  libinit2.o(.ARM.Collect$$libinit$$00000011)
    __rt_lib_init_lc_ctype_1                 0x080001f1   Thumb Code     0  libinit2.o(.ARM.Collect$$libinit$$00000013)
    __rt_lib_init_lc_monetary_1              0x080001f1   Thumb Code     0  libinit2.o(.ARM.Collect$$libinit$$00000015)
    __rt_lib_init_lc_numeric_1               0x080001f1   Thumb Code     0  libinit2.o(.ARM.Collect$$libinit$$00000017)
    __rt_lib_init_lc_time_1                  0x080001f1   Thumb Code     0  libinit2.o(.ARM.Collect$$libinit$$00000019)
    __rt_lib_init_preinit_1                  0x080001f1   Thumb Code     0  libinit2.o(.ARM.Collect$$libinit$$00000004)
    __rt_lib_init_rand_1                     0x080001f1   Thumb Code     0  libinit2.o(.ARM.Collect$$libinit$$0000000E)
    __rt_lib_init_return                     0x080001f1   Thumb Code     0  libinit2.o(.ARM.Collect$$libinit$$00000033)
    __rt_lib_init_signal_1                   0x080001f1   Thumb Code     0  libinit2.o(.ARM.Collect$$libinit$$0000001D)
    __rt_lib_init_stdio_1                    0x080001f1   Thumb Code     0  libinit2.o(.ARM.Collect$$libinit$$00000025)
    __rt_lib_init_user_alloc_1               0x080001f1   Thumb Code     0  libinit2.o(.ARM.Collect$$libinit$$0000000C)
    __rt_lib_shutdown                        0x080001f3   Thumb Code     0  libshutdown.o(.ARM.Collect$$libshutdown$$00000000)
    __rt_lib_shutdown_cpp_1                  0x080001f5   Thumb Code     0  libshutdown2.o(.ARM.Collect$$libshutdown$$00000004)
    __rt_lib_shutdown_fini_1                 0x080001f5   Thumb Code     0  libshutdown2.o(.ARM.Collect$$libshutdown$$00000002)
    __rt_lib_shutdown_fp_trap_1              0x080001f5   Thumb Code     0  libshutdown2.o(.ARM.Collect$$libshutdown$$00000009)
    __rt_lib_shutdown_heap_1                 0x080001f5   Thumb Code     0  libshutdown2.o(.ARM.Collect$$libshutdown$$00000011)
    __rt_lib_shutdown_return                 0x080001f5   Thumb Code     0  libshutdown2.o(.ARM.Collect$$libshutdown$$00000012)
    __rt_lib_shutdown_signal_1               0x080001f5   Thumb Code     0  libshutdown2.o(.ARM.Collect$$libshutdown$$0000000C)
    __rt_lib_shutdown_stdio_1                0x080001f5   Thumb Code     0  libshutdown2.o(.ARM.Collect$$libshutdown$$00000006)
    __rt_lib_shutdown_user_alloc_1           0x080001f5   Thumb Code     0  libshutdown2.o(.ARM.Collect$$libshutdown$$0000000E)
    __rt_entry                               0x080001f7   Thumb Code     0  __rtentry.o(.ARM.Collect$$rtentry$$00000000)
    __rt_entry_presh_1                       0x080001f7   Thumb Code     0  __rtentry2.o(.ARM.Collect$$rtentry$$00000002)
    __rt_entry_sh                            0x080001f7   Thumb Code     0  __rtentry4.o(.ARM.Collect$$rtentry$$00000004)
    __rt_entry_li                            0x080001fd   Thumb Code     0  __rtentry2.o(.ARM.Collect$$rtentry$$0000000A)
    __rt_entry_postsh_1                      0x080001fd   Thumb Code     0  __rtentry2.o(.ARM.Collect$$rtentry$$00000009)
    __rt_entry_main                          0x08000201   Thumb Code     0  __rtentry2.o(.ARM.Collect$$rtentry$$0000000D)
    __rt_entry_postli_1                      0x08000201   Thumb Code     0  __rtentry2.o(.ARM.Collect$$rtentry$$0000000C)
    __rt_exit                                0x08000209   Thumb Code     0  rtexit.o(.ARM.Collect$$rtexit$$00000000)
    __rt_exit_ls                             0x0800020b   Thumb Code     0  rtexit2.o(.ARM.Collect$$rtexit$$00000003)
    __rt_exit_prels_1                        0x0800020b   Thumb Code     0  rtexit2.o(.ARM.Collect$$rtexit$$00000002)
    __rt_exit_exit                           0x0800020f   Thumb Code     0  rtexit2.o(.ARM.Collect$$rtexit$$00000004)
    Reset_Handler                            0x08000215   Thumb Code     4  startup_stm32f10x_hd.o(.text)
    NMI_Handler                              0x08000219   Thumb Code     2  startup_stm32f10x_hd.o(.text)
    HardFault_Handler                        0x0800021b   Thumb Code     2  startup_stm32f10x_hd.o(.text)
    MemManage_Handler                        0x0800021d   Thumb Code     2  startup_stm32f10x_hd.o(.text)
    BusFault_Handler                         0x0800021f   Thumb Code     2  startup_stm32f10x_hd.o(.text)
    UsageFault_Handler                       0x08000221   Thumb Code     2  startup_stm32f10x_hd.o(.text)
    SVC_Handler                              0x08000223   Thumb Code     2  startup_stm32f10x_hd.o(.text)
    DebugMon_Handler                         0x08000225   Thumb Code     2  startup_stm32f10x_hd.o(.text)
    PendSV_Handler                           0x08000227   Thumb Code     2  startup_stm32f10x_hd.o(.text)
    SysTick_Handler                          0x08000229   Thumb Code     2  startup_stm32f10x_hd.o(.text)
    ADC1_2_IRQHandler                        0x0800022b   Thumb Code     0  startup_stm32f10x_hd.o(.text)
    ADC3_IRQHandler                          0x0800022b   Thumb Code     0  startup_stm32f10x_hd.o(.text)
    CAN1_RX1_IRQHandler                      0x0800022b   Thumb Code     0  startup_stm32f10x_hd.o(.text)
    CAN1_SCE_IRQHandler                      0x0800022b   Thumb Code     0  startup_stm32f10x_hd.o(.text)
    DMA1_Channel1_IRQHandler                 0x0800022b   Thumb Code     0  startup_stm32f10x_hd.o(.text)
    DMA1_Channel2_IRQHandler                 0x0800022b   Thumb Code     0  startup_stm32f10x_hd.o(.text)
    DMA1_Channel3_IRQHandler                 0x0800022b   Thumb Code     0  startup_stm32f10x_hd.o(.text)
    DMA1_Channel4_IRQHandler                 0x0800022b   Thumb Code     0  startup_stm32f10x_hd.o(.text)
    DMA1_Channel5_IRQHandler                 0x0800022b   Thumb Code     0  startup_stm32f10x_hd.o(.text)
    DMA1_Channel6_IRQHandler                 0x0800022b   Thumb Code     0  startup_stm32f10x_hd.o(.text)
    DMA1_Channel7_IRQHandler                 0x0800022b   Thumb Code     0  startup_stm32f10x_hd.o(.text)
    DMA2_Channel1_IRQHandler                 0x0800022b   Thumb Code     0  startup_stm32f10x_hd.o(.text)
    DMA2_Channel2_IRQHandler                 0x0800022b   Thumb Code     0  startup_stm32f10x_hd.o(.text)
    DMA2_Channel3_IRQHandler                 0x0800022b   Thumb Code     0  startup_stm32f10x_hd.o(.text)
    DMA2_Channel4_5_IRQHandler               0x0800022b   Thumb Code     0  startup_stm32f10x_hd.o(.text)
    EXTI0_IRQHandler                         0x0800022b   Thumb Code     0  startup_stm32f10x_hd.o(.text)
    EXTI15_10_IRQHandler                     0x0800022b   Thumb Code     0  startup_stm32f10x_hd.o(.text)
    EXTI1_IRQHandler                         0x0800022b   Thumb Code     0  startup_stm32f10x_hd.o(.text)
    EXTI2_IRQHandler                         0x0800022b   Thumb Code     0  startup_stm32f10x_hd.o(.text)
    EXTI3_IRQHandler                         0x0800022b   Thumb Code     0  startup_stm32f10x_hd.o(.text)
    EXTI4_IRQHandler                         0x0800022b   Thumb Code     0  startup_stm32f10x_hd.o(.text)
    EXTI9_5_IRQHandler                       0x0800022b   Thumb Code     0  startup_stm32f10x_hd.o(.text)
    FLASH_IRQHandler                         0x0800022b   Thumb Code     0  startup_stm32f10x_hd.o(.text)
    FSMC_IRQHandler                          0x0800022b   Thumb Code     0  startup_stm32f10x_hd.o(.text)
    I2C1_ER_IRQHandler                       0x0800022b   Thumb Code     0  startup_stm32f10x_hd.o(.text)
    I2C1_EV_IRQHandler                       0x0800022b   Thumb Code     0  startup_stm32f10x_hd.o(.text)
    I2C2_ER_IRQHandler                       0x0800022b   Thumb Code     0  startup_stm32f10x_hd.o(.text)
    I2C2_EV_IRQHandler                       0x0800022b   Thumb Code     0  startup_stm32f10x_hd.o(.text)
    PVD_IRQHandler                           0x0800022b   Thumb Code     0  startup_stm32f10x_hd.o(.text)
    RCC_IRQHandler                           0x0800022b   Thumb Code     0  startup_stm32f10x_hd.o(.text)
    RTCAlarm_IRQHandler                      0x0800022b   Thumb Code     0  startup_stm32f10x_hd.o(.text)
    RTC_IRQHandler                           0x0800022b   Thumb Code     0  startup_stm32f10x_hd.o(.text)
    SDIO_IRQHandler                          0x0800022b   Thumb Code     0  startup_stm32f10x_hd.o(.text)
    SPI1_IRQHandler                          0x0800022b   Thumb Code     0  startup_stm32f10x_hd.o(.text)
    SPI2_IRQHandler                          0x0800022b   Thumb Code     0  startup_stm32f10x_hd.o(.text)
    SPI3_IRQHandler                          0x0800022b   Thumb Code     0  startup_stm32f10x_hd.o(.text)
    TAMPER_IRQHandler                        0x0800022b   Thumb Code     0  startup_stm32f10x_hd.o(.text)
    TIM1_BRK_IRQHandler                      0x0800022b   Thumb Code     0  startup_stm32f10x_hd.o(.text)
    TIM1_CC_IRQHandler                       0x0800022b   Thumb Code     0  startup_stm32f10x_hd.o(.text)
    TIM1_TRG_COM_IRQHandler                  0x0800022b   Thumb Code     0  startup_stm32f10x_hd.o(.text)
    TIM1_UP_IRQHandler                       0x0800022b   Thumb Code     0  startup_stm32f10x_hd.o(.text)
    TIM2_IRQHandler                          0x0800022b   Thumb Code     0  startup_stm32f10x_hd.o(.text)
    TIM3_IRQHandler                          0x0800022b   Thumb Code     0  startup_stm32f10x_hd.o(.text)
    TIM4_IRQHandler                          0x0800022b   Thumb Code     0  startup_stm32f10x_hd.o(.text)
    TIM5_IRQHandler                          0x0800022b   Thumb Code     0  startup_stm32f10x_hd.o(.text)
    TIM6_IRQHandler                          0x0800022b   Thumb Code     0  startup_stm32f10x_hd.o(.text)
    TIM7_IRQHandler                          0x0800022b   Thumb Code     0  startup_stm32f10x_hd.o(.text)
    TIM8_BRK_IRQHandler                      0x0800022b   Thumb Code     0  startup_stm32f10x_hd.o(.text)
    TIM8_CC_IRQHandler                       0x0800022b   Thumb Code     0  startup_stm32f10x_hd.o(.text)
    TIM8_TRG_COM_IRQHandler                  0x0800022b   Thumb Code     0  startup_stm32f10x_hd.o(.text)
    TIM8_UP_IRQHandler                       0x0800022b   Thumb Code     0  startup_stm32f10x_hd.o(.text)
    UART4_IRQHandler                         0x0800022b   Thumb Code     0  startup_stm32f10x_hd.o(.text)
    UART5_IRQHandler                         0x0800022b   Thumb Code     0  startup_stm32f10x_hd.o(.text)
    USART2_IRQHandler                        0x0800022b   Thumb Code     0  startup_stm32f10x_hd.o(.text)
    USART3_IRQHandler                        0x0800022b   Thumb Code     0  startup_stm32f10x_hd.o(.text)
    USBWakeUp_IRQHandler                     0x0800022b   Thumb Code     0  startup_stm32f10x_hd.o(.text)
    USB_HP_CAN1_TX_IRQHandler                0x0800022b   Thumb Code     0  startup_stm32f10x_hd.o(.text)
    USB_LP_CAN1_RX0_IRQHandler               0x0800022b   Thumb Code     0  startup_stm32f10x_hd.o(.text)
    WWDG_IRQHandler                          0x0800022b   Thumb Code     0  startup_stm32f10x_hd.o(.text)
    __user_initial_stackheap                 0x0800022d   Thumb Code     0  startup_stm32f10x_hd.o(.text)
    __use_no_semihosting                     0x0800024d   Thumb Code     2  use_no_semi_2.o(.text)
    __2sprintf                               0x08000251   Thumb Code    34  noretval__2sprintf.o(.text)
    _printf_pre_padding                      0x08000279   Thumb Code    44  _printf_pad.o(.text)
    _printf_post_padding                     0x080002a5   Thumb Code    34  _printf_pad.o(.text)
    _printf_int_hex                          0x080002c9   Thumb Code    84  _printf_hex_int.o(.text)
    _printf_longlong_hex                     0x080002c9   Thumb Code     0  _printf_hex_int.o(.text)
    __printf                                 0x08000321   Thumb Code   308  __printf_flags_wp.o(.text)
    strlen                                   0x08000459   Thumb Code    62  strlen.o(.text)
    __aeabi_memcpy4                          0x08000497   Thumb Code     0  rt_memcpy_w.o(.text)
    __aeabi_memcpy8                          0x08000497   Thumb Code     0  rt_memcpy_w.o(.text)
    __rt_memcpy_w                            0x08000497   Thumb Code   100  rt_memcpy_w.o(.text)
    _memcpy_lastbytes_aligned                0x080004df   Thumb Code     0  rt_memcpy_w.o(.text)
    __aeabi_memclr4                          0x080004fb   Thumb Code     0  rt_memclr_w.o(.text)
    __aeabi_memclr8                          0x080004fb   Thumb Code     0  rt_memclr_w.o(.text)
    __rt_memclr_w                            0x080004fb   Thumb Code    78  rt_memclr_w.o(.text)
    _memset_w                                0x080004ff   Thumb Code     0  rt_memclr_w.o(.text)
    __use_two_region_memory                  0x08000549   Thumb Code     2  heapauxi.o(.text)
    __rt_heap_escrow$2region                 0x0800054b   Thumb Code     2  heapauxi.o(.text)
    __rt_heap_expand$2region                 0x0800054d   Thumb Code     2  heapauxi.o(.text)
    __I$use$semihosting                      0x0800054f   Thumb Code     0  use_no_semi.o(.text)
    __use_no_semihosting_swi                 0x0800054f   Thumb Code     2  use_no_semi.o(.text)
    __read_errno                             0x08000551   Thumb Code    10  _rserrno.o(.text)
    __set_errno                              0x0800055b   Thumb Code    12  _rserrno.o(.text)
    _printf_int_common                       0x08000567   Thumb Code   178  _printf_intcommon.o(.text)
    _printf_char_common                      0x08000623   Thumb Code    32  _printf_char_common.o(.text)
    _sputc                                   0x08000649   Thumb Code    10  _sputc.o(.text)
    __aeabi_errno_addr                       0x08000655   Thumb Code     8  rt_errno_addr_intlibspace.o(.text)
    __errno$intlibspace                      0x08000655   Thumb Code     0  rt_errno_addr_intlibspace.o(.text)
    __rt_errno_addr$intlibspace              0x08000655   Thumb Code     0  rt_errno_addr_intlibspace.o(.text)
    __user_libspace                          0x0800065d   Thumb Code     8  libspace.o(.text)
    __user_perproc_libspace                  0x0800065d   Thumb Code     0  libspace.o(.text)
    __user_perthread_libspace                0x0800065d   Thumb Code     0  libspace.o(.text)
    __user_setup_stackheap                   0x08000665   Thumb Code    74  sys_stackheap_outer.o(.text)
    exit                                     0x080006af   Thumb Code    18  exit.o(.text)
    CT_Delay                                 0x080006c1   Thumb Code    10  ctiic.o(i.CT_Delay)
    CT_IIC_Ack                               0x080006cd   Thumb Code    66  ctiic.o(i.CT_IIC_Ack)
    CT_IIC_Init                              0x0800071d   Thumb Code    64  ctiic.o(i.CT_IIC_Init)
    CT_IIC_NAck                              0x08000769   Thumb Code    66  ctiic.o(i.CT_IIC_NAck)
    CT_IIC_Read_Byte                         0x080007b9   Thumb Code    96  ctiic.o(i.CT_IIC_Read_Byte)
    CT_IIC_Send_Byte                         0x08000825   Thumb Code    84  ctiic.o(i.CT_IIC_Send_Byte)
    CT_IIC_Start                             0x08000885   Thumb Code    62  ctiic.o(i.CT_IIC_Start)
    CT_IIC_Stop                              0x080008d1   Thumb Code    58  ctiic.o(i.CT_IIC_Stop)
    CT_IIC_Wait_Ack                          0x08000919   Thumb Code    84  ctiic.o(i.CT_IIC_Wait_Ack)
    Chinese_Font_test                        0x08000979   Thumb Code    96  test code.o(i.Chinese_Font_test)
    Color_Test                               0x08000a35   Thumb Code   148  test code.o(i.Color_Test)
    DispBand                                 0x08000aed   Thumb Code   148  test code.o(i.DispBand)
    DrawTestPage                             0x08000b89   Thumb Code   258  test code.o(i.DrawTestPage)
    English_Font_test                        0x08000cb1   Thumb Code   168  test code.o(i.English_Font_test)
    FT6336_Init                              0x08000e39   Thumb Code    36  ctp.o(i.FT6336_Init)
    FT6336_RD_Reg                            0x08000e65   Thumb Code    88  ctp.o(i.FT6336_RD_Reg)
    FT6336_Scan                              0x08000ebd   Thumb Code   394  ctp.o(i.FT6336_Scan)
    FillRec_Test                             0x08001055   Thumb Code   484  test code.o(i.FillRec_Test)
    GUI_DrawFont16                           0x08001251   Thumb Code   234  lcd.o(i.GUI_DrawFont16)
    GUI_DrawFont24                           0x0800134d   Thumb Code   250  lcd.o(i.GUI_DrawFont24)
    GUI_DrawFont32                           0x08001459   Thumb Code   234  lcd.o(i.GUI_DrawFont32)
    Gui_Drawbmp16                            0x08001555   Thumb Code    74  lcd.o(i.Gui_Drawbmp16)
    Gui_StrCenter                            0x080015a5   Thumb Code    92  lcd.o(i.Gui_StrCenter)
    JTAG_Set                                 0x08001605   Thumb Code    38  sys.o(i.JTAG_Set)
    LCD_Clear                                0x08001635   Thumb Code    44  lcd.o(i.LCD_Clear)
    LCD_DisplayOff                           0x08001665   Thumb Code    10  lcd.o(i.LCD_DisplayOff)
    LCD_DisplayOn                            0x0800166f   Thumb Code    10  lcd.o(i.LCD_DisplayOn)
    LCD_Display_Dir                          0x08001679   Thumb Code   228  lcd.o(i.LCD_Display_Dir)
    LCD_DrawLine                             0x08001761   Thumb Code   176  lcd.o(i.LCD_DrawLine)
    LCD_DrawPoint                            0x08001811   Thumb Code    28  lcd.o(i.LCD_DrawPoint)
    LCD_DrawRectangle                        0x08001831   Thumb Code    60  lcd.o(i.LCD_DrawRectangle)
    LCD_Draw_Circle                          0x0800186d   Thumb Code   152  lcd.o(i.LCD_Draw_Circle)
    LCD_Fast_DrawPoint                       0x08001905   Thumb Code    28  lcd.o(i.LCD_Fast_DrawPoint)
    LCD_Fill                                 0x08001925   Thumb Code   178  lcd.o(i.LCD_Fill)
    LCD_Init                                 0x080019dd   Thumb Code   576  lcd.o(i.LCD_Init)
    LCD_Pow                                  0x08001c39   Thumb Code    22  lcd.o(i.LCD_Pow)
    LCD_RD_DATA                              0x08001c51   Thumb Code    84  lcd.o(i.LCD_RD_DATA)
    LCD_ReadPoint                            0x08001cb1   Thumb Code   212  lcd.o(i.LCD_ReadPoint)
    LCD_Read_ID                              0x08001d95   Thumb Code    62  lcd.o(i.LCD_Read_ID)
    LCD_SetCursor                            0x08001dd9   Thumb Code    48  lcd.o(i.LCD_SetCursor)
    LCD_Set_Window                           0x08001e0d   Thumb Code    96  lcd.o(i.LCD_Set_Window)
    LCD_ShowChar                             0x08001e71   Thumb Code   272  lcd.o(i.LCD_ShowChar)
    LCD_ShowNum                              0x08001f99   Thumb Code   148  lcd.o(i.LCD_ShowNum)
    LCD_ShowString                           0x0800202d   Thumb Code   102  lcd.o(i.LCD_ShowString)
    LCD_WR_DATA                              0x08002095   Thumb Code    34  lcd.o(i.LCD_WR_DATA)
    LCD_WR_REG                               0x080020c5   Thumb Code    34  lcd.o(i.LCD_WR_REG)
    LCD_WriteRAM                             0x080020f5   Thumb Code    12  lcd.o(i.LCD_WriteRAM)
    LCD_WriteRAM_Prepare                     0x08002101   Thumb Code    12  lcd.o(i.LCD_WriteRAM_Prepare)
    LCD_WriteReg                             0x08002111   Thumb Code    20  lcd.o(i.LCD_WriteReg)
    Load_Drow_Dialog                         0x08002125   Thumb Code    60  lcd.o(i.Load_Drow_Dialog)
    MYRCC_DeInit                             0x08002171   Thumb Code    90  sys.o(i.MYRCC_DeInit)
    MY_NVIC_Init                             0x080021d9   Thumb Code   116  sys.o(i.MY_NVIC_Init)
    MY_NVIC_PriorityGroupConfig              0x08002251   Thumb Code    32  sys.o(i.MY_NVIC_PriorityGroupConfig)
    MY_NVIC_SetVectorTable                   0x08002279   Thumb Code    12  sys.o(i.MY_NVIC_SetVectorTable)
    Pic_test                                 0x0800228d   Thumb Code    44  test code.o(i.Pic_test)
    Read_Test                                0x080022d1   Thumb Code   222  test code.o(i.Read_Test)
    Rotate_Test                              0x080023ed   Thumb Code   104  test code.o(i.Rotate_Test)
    SPI_Read                                 0x0800246d   Thumb Code    44  w25qx.o(i.SPI_Read)
    SPI_Write                                0x080024a1   Thumb Code    54  w25qx.o(i.SPI_Write)
    Show_Str                                 0x080024dd   Thumb Code   238  lcd.o(i.Show_Str)
    Stm32_Clock_Init                         0x080025d1   Thumb Code   134  sys.o(i.Stm32_Clock_Init)
    Switch_test                              0x08002661   Thumb Code    42  test code.o(i.Switch_test)
    TP_Adj_Info_Show                         0x0800268d   Thumb Code   374  touch.o(i.TP_Adj_Info_Show)
    TP_Adjust                                0x08002835   Thumb Code  2072  touch.o(i.TP_Adjust)
    TP_Draw_Big_Point                        0x0800309d   Thumb Code    54  touch.o(i.TP_Draw_Big_Point)
    TP_Drow_Touch_Point                      0x080030d9   Thumb Code   108  touch.o(i.TP_Drow_Touch_Point)
    TP_Get_Adjdata                           0x08003149   Thumb Code   282  touch.o(i.TP_Get_Adjdata)
    TP_Init                                  0x08003275   Thumb Code   272  touch.o(i.TP_Init)
    TP_Read_AD                               0x080033d9   Thumb Code   136  touch.o(i.TP_Read_AD)
    TP_Read_XOY                              0x08003469   Thumb Code   120  touch.o(i.TP_Read_XOY)
    TP_Read_XY                               0x080034e1   Thumb Code    38  touch.o(i.TP_Read_XY)
    TP_Read_XY2                              0x08003511   Thumb Code   192  touch.o(i.TP_Read_XY2)
    TP_Save_Adjdata                          0x080035d1   Thumb Code   154  touch.o(i.TP_Save_Adjdata)
    TP_Scan                                  0x08003675   Thumb Code   262  touch.o(i.TP_Scan)
    TP_Write_Byte                            0x08003785   Thumb Code    66  touch.o(i.TP_Write_Byte)
    USART1_IRQHandler                        0x080037d1   Thumb Code   118  usart.o(i.USART1_IRQHandler)
    W25Q16_Read                              0x08003855   Thumb Code    76  w25qx.o(i.W25Q16_Read)
    W25Q16_ReadSR                            0x080038a5   Thumb Code    36  w25qx.o(i.W25Q16_ReadSR)
    W25Q16_Write                             0x080038d1   Thumb Code   180  w25qx.o(i.W25Q16_Write)
    W25QX_Erase_Sector                       0x08003989   Thumb Code    72  w25qx.o(i.W25QX_Erase_Sector)
    W25QX_Flash_ReadID                       0x080039d9   Thumb Code    60  w25qx.o(i.W25QX_Flash_ReadID)
    W25QX_Flash_Write_Page                   0x08003a1d   Thumb Code    82  w25qx.o(i.W25QX_Flash_Write_Page)
    W25QX_Write_NoCheck                      0x08003a75   Thumb Code    66  w25qx.o(i.W25QX_Write_NoCheck)
    W25QX_init                               0x08003ab9   Thumb Code    90  w25qx.o(i.W25QX_init)
    Write_Enable                             0x08003b25   Thumb Code    24  w25qx.o(i.Write_Enable)
    _is_digit                                0x08003b45   Thumb Code    14  __printf_wp.o(i._is_digit)
    _sys_exit                                0x08003b53   Thumb Code     6  usart.o(i._sys_exit)
    ctp_test                                 0x08003b59   Thumb Code   236  test code.o(i.ctp_test)
    delay_init                               0x08003c51   Thumb Code    56  delay.o(i.delay_init)
    delay_ms                                 0x08003c91   Thumb Code    56  delay.o(i.delay_ms)
    delay_us                                 0x08003ccd   Thumb Code    56  delay.o(i.delay_us)
    gui_draw_hline                           0x08003d09   Thumb Code    36  lcd.o(i.gui_draw_hline)
    gui_fill_circle                          0x08003d2d   Thumb Code   176  lcd.o(i.gui_fill_circle)
    lcd_draw_bline                           0x08003ddd   Thumb Code   212  lcd.o(i.lcd_draw_bline)
    main                                     0x08003eb1   Thumb Code   148  test.o(i.main)
    main_test                                0x08003f5d   Thumb Code   134  test code.o(i.main_test)
    opt_delay                                0x08004029   Thumb Code    14  lcd.o(i.opt_delay)
    rtp_test                                 0x08004039   Thumb Code    98  test code.o(i.rtp_test)
    sqrt                                     0x080040a5   Thumb Code    76  sqrt.o(i.sqrt)
    uart_init                                0x080040f1   Thumb Code   202  usart.o(i.uart_init)
    __fpl_dcmp_Inf                           0x080041cd   Thumb Code    24  dcmpi.o(x$fpl$dcmpinf)
    __aeabi_d2uiz                            0x080041e5   Thumb Code     0  dfixu.o(x$fpl$dfixu)
    _dfixu                                   0x080041e5   Thumb Code    90  dfixu.o(x$fpl$dfixu)
    __aeabi_ui2d                             0x0800423f   Thumb Code     0  dflt_clz.o(x$fpl$dfltu)
    _dfltu                                   0x0800423f   Thumb Code    38  dflt_clz.o(x$fpl$dfltu)
    __aeabi_cdcmple                          0x08004265   Thumb Code     0  dleqf.o(x$fpl$dleqf)
    _dcmple                                  0x08004265   Thumb Code   120  dleqf.o(x$fpl$dleqf)
    __fpl_dcmple_InfNaN                      0x080042c7   Thumb Code     0  dleqf.o(x$fpl$dleqf)
    __aeabi_dmul                             0x080042dd   Thumb Code     0  dmul.o(x$fpl$dmul)
    _dmul                                    0x080042dd   Thumb Code   332  dmul.o(x$fpl$dmul)
    __fpl_dnaninf                            0x08004431   Thumb Code   156  dnaninf.o(x$fpl$dnaninf)
    __fpl_dretinf                            0x080044cd   Thumb Code    12  dretinf.o(x$fpl$dretinf)
    __aeabi_cdrcmple                         0x080044d9   Thumb Code     0  drleqf.o(x$fpl$drleqf)
    _drcmple                                 0x080044d9   Thumb Code   108  drleqf.o(x$fpl$drleqf)
    _dsqrt                                   0x08004545   Thumb Code   456  dsqrt_noumaal.o(x$fpl$dsqrt)
    __aeabi_f2d                              0x08004711   Thumb Code     0  f2d.o(x$fpl$f2d)
    _f2d                                     0x08004711   Thumb Code    86  f2d.o(x$fpl$f2d)
    __aeabi_fadd                             0x08004769   Thumb Code     0  faddsub_clz.o(x$fpl$fadd)
    _fadd                                    0x08004769   Thumb Code   196  faddsub_clz.o(x$fpl$fadd)
    __aeabi_fdiv                             0x0800482d   Thumb Code     0  fdiv.o(x$fpl$fdiv)
    _fdiv                                    0x0800482d   Thumb Code   384  fdiv.o(x$fpl$fdiv)
    __aeabi_f2iz                             0x080049b1   Thumb Code     0  ffix.o(x$fpl$ffix)
    _ffix                                    0x080049b1   Thumb Code    54  ffix.o(x$fpl$ffix)
    __aeabi_f2uiz                            0x080049e9   Thumb Code     0  ffixu.o(x$fpl$ffixu)
    _ffixu                                   0x080049e9   Thumb Code    62  ffixu.o(x$fpl$ffixu)
    __aeabi_i2f                              0x08004a29   Thumb Code     0  fflt_clz.o(x$fpl$fflt)
    _fflt                                    0x08004a29   Thumb Code    48  fflt_clz.o(x$fpl$fflt)
    __aeabi_ui2f                             0x08004a59   Thumb Code     0  fflt_clz.o(x$fpl$ffltu)
    _ffltu                                   0x08004a59   Thumb Code    38  fflt_clz.o(x$fpl$ffltu)
    __aeabi_fmul                             0x08004a81   Thumb Code     0  fmul.o(x$fpl$fmul)
    _fmul                                    0x08004a81   Thumb Code   258  fmul.o(x$fpl$fmul)
    __fpl_fnaninf                            0x08004b83   Thumb Code   140  fnaninf.o(x$fpl$fnaninf)
    __fpl_fretinf                            0x08004c0f   Thumb Code    10  fretinf.o(x$fpl$fretinf)
    __aeabi_frsub                            0x08004c19   Thumb Code     0  faddsub_clz.o(x$fpl$frsb)
    _frsb                                    0x08004c19   Thumb Code    20  faddsub_clz.o(x$fpl$frsb)
    __aeabi_fsub                             0x08004c2d   Thumb Code     0  faddsub_clz.o(x$fpl$fsub)
    _fsub                                    0x08004c2d   Thumb Code   234  faddsub_clz.o(x$fpl$fsub)
    __I$use$fp                               0x08004d16   Number         0  usenofp.o(x$fpl$usenofp)
    asc2_1206                                0x08004d16   Data        1140  lcd.o(.constdata)
    asc2_1608                                0x0800518a   Data        1520  lcd.o(.constdata)
    asc2_2412                                0x0800577a   Data        3420  lcd.o(.constdata)
    FT5206_TPX_TBL                           0x080064d6   Data          10  ctp.o(.constdata)
    TP_REMIND_MSG_TBL                        0x080064e0   Data           4  touch.o(.constdata)
    POINT_COLOR_TBL                          0x080064e4   Data          10  test code.o(.constdata)
    Region$$Table$$Base                      0x08006610   Number         0  anon$$obj.o(Region$$Table)
    Region$$Table$$Limit                     0x08006630   Number         0  anon$$obj.o(Region$$Table)
    __stdout                                 0x20000004   Data           4  usart.o(.data)
    USART_RX_STA                             0x20000008   Data           2  usart.o(.data)
    tfont16                                  0x2000000a   Data        1836  lcd.o(.data)
    tfont24                                  0x20000736   Data         444  lcd.o(.data)
    tfont32                                  0x200008f2   Data        1040  lcd.o(.data)
    POINT_COLOR                              0x20000d02   Data           2  lcd.o(.data)
    BACK_COLOR                               0x20000d04   Data           2  lcd.o(.data)
    tp_dev                                   0x20000d08   Data          52  touch.o(.data)
    CMD_RDX                                  0x20000d3c   Data           1  touch.o(.data)
    CMD_RDY                                  0x20000d3d   Data           1  touch.o(.data)
    gImage_1                                 0x20000d3e   Data        3200  test code.o(.data)
    ColorTab                                 0x200019be   Data          10  test code.o(.data)
    ColornTab                                0x200019c8   Data          16  test code.o(.data)
    USART_RX_BUF                             0x200019d8   Data         200  usart.o(.bss)
    lcddev                                   0x20001aa0   Data          14  lcd.o(.bss)
    SPI_FLASH_BUFFER                         0x20001aae   Data        4096  w25qx.o(.bss)
    __libspace_start                         0x20002ab0   Data          96  libspace.o(.bss)
    __temporary_stack_top$libspace           0x20002b10   Data           0  libspace.o(.bss)



==============================================================================

Memory Map of the image

  Image Entry point : 0x08000131

  Load Region LR_IROM1 (Base: 0x08000000, Size: 0x00008008, Max: 0x00010000, ABSOLUTE, COMPRESSED[0x000076b8])

    Execution Region ER_IROM1 (Exec base: 0x08000000, Load base: 0x08000000, Size: 0x00006630, Max: 0x00010000, ABSOLUTE)

    Exec Addr    Load Addr    Size         Type   Attr      Idx    E Section Name        Object

    0x08000000   0x08000000   0x00000130   Data   RO            3    RESET               startup_stm32f10x_hd.o
    0x08000130   0x08000130   0x00000008   Code   RO          913  * !!!main             c_w.l(__main.o)
    0x08000138   0x08000138   0x00000034   Code   RO         1153    !!!scatter          c_w.l(__scatter.o)
    0x0800016c   0x0800016c   0x0000005a   Code   RO         1151    !!dczerorl2         c_w.l(__dczerorl2.o)
    0x080001c6   0x080001c6   0x00000002   PAD
    0x080001c8   0x080001c8   0x0000001c   Code   RO         1155    !!handler_zi        c_w.l(__scatter_zi.o)
    0x080001e4   0x080001e4   0x00000000   Code   RO          904    .ARM.Collect$$_printf_percent$$00000000  c_w.l(_printf_percent.o)
    0x080001e4   0x080001e4   0x00000006   Code   RO          903    .ARM.Collect$$_printf_percent$$0000000C  c_w.l(_printf_x.o)
    0x080001ea   0x080001ea   0x00000004   Code   RO          978    .ARM.Collect$$_printf_percent$$00000017  c_w.l(_printf_percent_end.o)
    0x080001ee   0x080001ee   0x00000002   Code   RO         1026    .ARM.Collect$$libinit$$00000000  c_w.l(libinit.o)
    0x080001f0   0x080001f0   0x00000000   Code   RO         1030    .ARM.Collect$$libinit$$00000002  c_w.l(libinit2.o)
    0x080001f0   0x080001f0   0x00000000   Code   RO         1032    .ARM.Collect$$libinit$$00000004  c_w.l(libinit2.o)
    0x080001f0   0x080001f0   0x00000000   Code   RO         1035    .ARM.Collect$$libinit$$0000000A  c_w.l(libinit2.o)
    0x080001f0   0x080001f0   0x00000000   Code   RO         1037    .ARM.Collect$$libinit$$0000000C  c_w.l(libinit2.o)
    0x080001f0   0x080001f0   0x00000000   Code   RO         1039    .ARM.Collect$$libinit$$0000000E  c_w.l(libinit2.o)
    0x080001f0   0x080001f0   0x00000000   Code   RO         1042    .ARM.Collect$$libinit$$00000011  c_w.l(libinit2.o)
    0x080001f0   0x080001f0   0x00000000   Code   RO         1044    .ARM.Collect$$libinit$$00000013  c_w.l(libinit2.o)
    0x080001f0   0x080001f0   0x00000000   Code   RO         1046    .ARM.Collect$$libinit$$00000015  c_w.l(libinit2.o)
    0x080001f0   0x080001f0   0x00000000   Code   RO         1048    .ARM.Collect$$libinit$$00000017  c_w.l(libinit2.o)
    0x080001f0   0x080001f0   0x00000000   Code   RO         1050    .ARM.Collect$$libinit$$00000019  c_w.l(libinit2.o)
    0x080001f0   0x080001f0   0x00000000   Code   RO         1052    .ARM.Collect$$libinit$$0000001B  c_w.l(libinit2.o)
    0x080001f0   0x080001f0   0x00000000   Code   RO         1054    .ARM.Collect$$libinit$$0000001D  c_w.l(libinit2.o)
    0x080001f0   0x080001f0   0x00000000   Code   RO         1056    .ARM.Collect$$libinit$$0000001F  c_w.l(libinit2.o)
    0x080001f0   0x080001f0   0x00000000   Code   RO         1058    .ARM.Collect$$libinit$$00000021  c_w.l(libinit2.o)
    0x080001f0   0x080001f0   0x00000000   Code   RO         1060    .ARM.Collect$$libinit$$00000023  c_w.l(libinit2.o)
    0x080001f0   0x080001f0   0x00000000   Code   RO         1062    .ARM.Collect$$libinit$$00000025  c_w.l(libinit2.o)
    0x080001f0   0x080001f0   0x00000000   Code   RO         1066    .ARM.Collect$$libinit$$0000002C  c_w.l(libinit2.o)
    0x080001f0   0x080001f0   0x00000000   Code   RO         1068    .ARM.Collect$$libinit$$0000002E  c_w.l(libinit2.o)
    0x080001f0   0x080001f0   0x00000000   Code   RO         1070    .ARM.Collect$$libinit$$00000030  c_w.l(libinit2.o)
    0x080001f0   0x080001f0   0x00000000   Code   RO         1072    .ARM.Collect$$libinit$$00000032  c_w.l(libinit2.o)
    0x080001f0   0x080001f0   0x00000002   Code   RO         1073    .ARM.Collect$$libinit$$00000033  c_w.l(libinit2.o)
    0x080001f2   0x080001f2   0x00000002   Code   RO         1091    .ARM.Collect$$libshutdown$$00000000  c_w.l(libshutdown.o)
    0x080001f4   0x080001f4   0x00000000   Code   RO         1101    .ARM.Collect$$libshutdown$$00000002  c_w.l(libshutdown2.o)
    0x080001f4   0x080001f4   0x00000000   Code   RO         1103    .ARM.Collect$$libshutdown$$00000004  c_w.l(libshutdown2.o)
    0x080001f4   0x080001f4   0x00000000   Code   RO         1105    .ARM.Collect$$libshutdown$$00000006  c_w.l(libshutdown2.o)
    0x080001f4   0x080001f4   0x00000000   Code   RO         1108    .ARM.Collect$$libshutdown$$00000009  c_w.l(libshutdown2.o)
    0x080001f4   0x080001f4   0x00000000   Code   RO         1111    .ARM.Collect$$libshutdown$$0000000C  c_w.l(libshutdown2.o)
    0x080001f4   0x080001f4   0x00000000   Code   RO         1113    .ARM.Collect$$libshutdown$$0000000E  c_w.l(libshutdown2.o)
    0x080001f4   0x080001f4   0x00000000   Code   RO         1116    .ARM.Collect$$libshutdown$$00000011  c_w.l(libshutdown2.o)
    0x080001f4   0x080001f4   0x00000002   Code   RO         1117    .ARM.Collect$$libshutdown$$00000012  c_w.l(libshutdown2.o)
    0x080001f6   0x080001f6   0x00000000   Code   RO          969    .ARM.Collect$$rtentry$$00000000  c_w.l(__rtentry.o)
    0x080001f6   0x080001f6   0x00000000   Code   RO          993    .ARM.Collect$$rtentry$$00000002  c_w.l(__rtentry2.o)
    0x080001f6   0x080001f6   0x00000006   Code   RO         1005    .ARM.Collect$$rtentry$$00000004  c_w.l(__rtentry4.o)
    0x080001fc   0x080001fc   0x00000000   Code   RO          995    .ARM.Collect$$rtentry$$00000009  c_w.l(__rtentry2.o)
    0x080001fc   0x080001fc   0x00000004   Code   RO          996    .ARM.Collect$$rtentry$$0000000A  c_w.l(__rtentry2.o)
    0x08000200   0x08000200   0x00000000   Code   RO          998    .ARM.Collect$$rtentry$$0000000C  c_w.l(__rtentry2.o)
    0x08000200   0x08000200   0x00000008   Code   RO          999    .ARM.Collect$$rtentry$$0000000D  c_w.l(__rtentry2.o)
    0x08000208   0x08000208   0x00000002   Code   RO         1027    .ARM.Collect$$rtexit$$00000000  c_w.l(rtexit.o)
    0x0800020a   0x0800020a   0x00000000   Code   RO         1075    .ARM.Collect$$rtexit$$00000002  c_w.l(rtexit2.o)
    0x0800020a   0x0800020a   0x00000004   Code   RO         1076    .ARM.Collect$$rtexit$$00000003  c_w.l(rtexit2.o)
    0x0800020e   0x0800020e   0x00000006   Code   RO         1077    .ARM.Collect$$rtexit$$00000004  c_w.l(rtexit2.o)
    0x08000214   0x08000214   0x00000038   Code   RO            4    .text               startup_stm32f10x_hd.o
    0x0800024c   0x0800024c   0x00000002   Code   RO          852    .text               c_w.l(use_no_semi_2.o)
    0x0800024e   0x0800024e   0x00000002   PAD
    0x08000250   0x08000250   0x00000028   Code   RO          856    .text               c_w.l(noretval__2sprintf.o)
    0x08000278   0x08000278   0x0000004e   Code   RO          860    .text               c_w.l(_printf_pad.o)
    0x080002c6   0x080002c6   0x00000002   PAD
    0x080002c8   0x080002c8   0x00000058   Code   RO          865    .text               c_w.l(_printf_hex_int.o)
    0x08000320   0x08000320   0x00000138   Code   RO          895    .text               c_w.l(__printf_flags_wp.o)
    0x08000458   0x08000458   0x0000003e   Code   RO          905    .text               c_w.l(strlen.o)
    0x08000496   0x08000496   0x00000064   Code   RO          907    .text               c_w.l(rt_memcpy_w.o)
    0x080004fa   0x080004fa   0x0000004e   Code   RO          909    .text               c_w.l(rt_memclr_w.o)
    0x08000548   0x08000548   0x00000006   Code   RO          911    .text               c_w.l(heapauxi.o)
    0x0800054e   0x0800054e   0x00000002   Code   RO          967    .text               c_w.l(use_no_semi.o)
    0x08000550   0x08000550   0x00000016   Code   RO          970    .text               c_w.l(_rserrno.o)
    0x08000566   0x08000566   0x000000b2   Code   RO          972    .text               c_w.l(_printf_intcommon.o)
    0x08000618   0x08000618   0x00000030   Code   RO          974    .text               c_w.l(_printf_char_common.o)
    0x08000648   0x08000648   0x0000000a   Code   RO          976    .text               c_w.l(_sputc.o)
    0x08000652   0x08000652   0x00000002   PAD
    0x08000654   0x08000654   0x00000008   Code   RO         1010    .text               c_w.l(rt_errno_addr_intlibspace.o)
    0x0800065c   0x0800065c   0x00000008   Code   RO         1014    .text               c_w.l(libspace.o)
    0x08000664   0x08000664   0x0000004a   Code   RO         1017    .text               c_w.l(sys_stackheap_outer.o)
    0x080006ae   0x080006ae   0x00000012   Code   RO         1019    .text               c_w.l(exit.o)
    0x080006c0   0x080006c0   0x0000000a   Code   RO          515    i.CT_Delay          ctiic.o
    0x080006ca   0x080006ca   0x00000002   PAD
    0x080006cc   0x080006cc   0x00000050   Code   RO          516    i.CT_IIC_Ack        ctiic.o
    0x0800071c   0x0800071c   0x0000004c   Code   RO          517    i.CT_IIC_Init       ctiic.o
    0x08000768   0x08000768   0x00000050   Code   RO          518    i.CT_IIC_NAck       ctiic.o
    0x080007b8   0x080007b8   0x0000006c   Code   RO          519    i.CT_IIC_Read_Byte  ctiic.o
    0x08000824   0x08000824   0x00000060   Code   RO          520    i.CT_IIC_Send_Byte  ctiic.o
    0x08000884   0x08000884   0x0000004c   Code   RO          521    i.CT_IIC_Start      ctiic.o
    0x080008d0   0x080008d0   0x00000048   Code   RO          522    i.CT_IIC_Stop       ctiic.o
    0x08000918   0x08000918   0x00000060   Code   RO          523    i.CT_IIC_Wait_Ack   ctiic.o
    0x08000978   0x08000978   0x000000bc   Code   RO          758    i.Chinese_Font_test  test code.o
    0x08000a34   0x08000a34   0x000000b8   Code   RO          759    i.Color_Test        test code.o
    0x08000aec   0x08000aec   0x0000009c   Code   RO          760    i.DispBand          test code.o
    0x08000b88   0x08000b88   0x00000128   Code   RO          761    i.DrawTestPage      test code.o
    0x08000cb0   0x08000cb0   0x00000188   Code   RO          762    i.English_Font_test  test code.o
    0x08000e38   0x08000e38   0x0000002c   Code   RO          472    i.FT6336_Init       ctp.o
    0x08000e64   0x08000e64   0x00000058   Code   RO          473    i.FT6336_RD_Reg     ctp.o
    0x08000ebc   0x08000ebc   0x00000198   Code   RO          474    i.FT6336_Scan       ctp.o
    0x08001054   0x08001054   0x000001fc   Code   RO          763    i.FillRec_Test      test code.o
    0x08001250   0x08001250   0x000000fc   Code   RO          217    i.GUI_DrawFont16    lcd.o
    0x0800134c   0x0800134c   0x0000010c   Code   RO          218    i.GUI_DrawFont24    lcd.o
    0x08001458   0x08001458   0x000000fc   Code   RO          219    i.GUI_DrawFont32    lcd.o
    0x08001554   0x08001554   0x00000050   Code   RO          220    i.Gui_Drawbmp16     lcd.o
    0x080015a4   0x080015a4   0x00000060   Code   RO          221    i.Gui_StrCenter     lcd.o
    0x08001604   0x08001604   0x00000030   Code   RO           98    i.JTAG_Set          sys.o
    0x08001634   0x08001634   0x00000030   Code   RO          222    i.LCD_Clear         lcd.o
    0x08001664   0x08001664   0x0000000a   Code   RO          224    i.LCD_DisplayOff    lcd.o
    0x0800166e   0x0800166e   0x0000000a   Code   RO          225    i.LCD_DisplayOn     lcd.o
    0x08001678   0x08001678   0x000000e8   Code   RO          226    i.LCD_Display_Dir   lcd.o
    0x08001760   0x08001760   0x000000b0   Code   RO          227    i.LCD_DrawLine      lcd.o
    0x08001810   0x08001810   0x00000020   Code   RO          228    i.LCD_DrawPoint     lcd.o
    0x08001830   0x08001830   0x0000003c   Code   RO          229    i.LCD_DrawRectangle  lcd.o
    0x0800186c   0x0800186c   0x00000098   Code   RO          230    i.LCD_Draw_Circle   lcd.o
    0x08001904   0x08001904   0x00000020   Code   RO          231    i.LCD_Fast_DrawPoint  lcd.o
    0x08001924   0x08001924   0x000000b8   Code   RO          232    i.LCD_Fill          lcd.o
    0x080019dc   0x080019dc   0x0000025c   Code   RO          233    i.LCD_Init          lcd.o
    0x08001c38   0x08001c38   0x00000016   Code   RO          234    i.LCD_Pow           lcd.o
    0x08001c4e   0x08001c4e   0x00000002   PAD
    0x08001c50   0x08001c50   0x00000060   Code   RO          235    i.LCD_RD_DATA       lcd.o
    0x08001cb0   0x08001cb0   0x000000e4   Code   RO          236    i.LCD_ReadPoint     lcd.o
    0x08001d94   0x08001d94   0x00000044   Code   RO          237    i.LCD_Read_ID       lcd.o
    0x08001dd8   0x08001dd8   0x00000034   Code   RO          238    i.LCD_SetCursor     lcd.o
    0x08001e0c   0x08001e0c   0x00000064   Code   RO          239    i.LCD_Set_Window    lcd.o
    0x08001e70   0x08001e70   0x00000128   Code   RO          240    i.LCD_ShowChar      lcd.o
    0x08001f98   0x08001f98   0x00000094   Code   RO          241    i.LCD_ShowNum       lcd.o
    0x0800202c   0x0800202c   0x00000066   Code   RO          242    i.LCD_ShowString    lcd.o
    0x08002092   0x08002092   0x00000002   PAD
    0x08002094   0x08002094   0x00000030   Code   RO          244    i.LCD_WR_DATA       lcd.o
    0x080020c4   0x080020c4   0x00000030   Code   RO          245    i.LCD_WR_REG        lcd.o
    0x080020f4   0x080020f4   0x0000000c   Code   RO          246    i.LCD_WriteRAM      lcd.o
    0x08002100   0x08002100   0x00000010   Code   RO          247    i.LCD_WriteRAM_Prepare  lcd.o
    0x08002110   0x08002110   0x00000014   Code   RO          248    i.LCD_WriteReg      lcd.o
    0x08002124   0x08002124   0x0000004c   Code   RO          249    i.Load_Drow_Dialog  lcd.o
    0x08002170   0x08002170   0x00000068   Code   RO           99    i.MYRCC_DeInit      sys.o
    0x080021d8   0x080021d8   0x00000078   Code   RO          100    i.MY_NVIC_Init      sys.o
    0x08002250   0x08002250   0x00000028   Code   RO          101    i.MY_NVIC_PriorityGroupConfig  sys.o
    0x08002278   0x08002278   0x00000014   Code   RO          102    i.MY_NVIC_SetVectorTable  sys.o
    0x0800228c   0x0800228c   0x00000044   Code   RO          764    i.Pic_test          test code.o
    0x080022d0   0x080022d0   0x0000011c   Code   RO          765    i.Read_Test         test code.o
    0x080023ec   0x080023ec   0x00000080   Code   RO          766    i.Rotate_Test       test code.o
    0x0800246c   0x0800246c   0x00000034   Code   RO          575    i.SPI_Read          w25qx.o
    0x080024a0   0x080024a0   0x0000003c   Code   RO          576    i.SPI_Write         w25qx.o
    0x080024dc   0x080024dc   0x000000f4   Code   RO          250    i.Show_Str          lcd.o
    0x080025d0   0x080025d0   0x00000090   Code   RO          103    i.Stm32_Clock_Init  sys.o
    0x08002660   0x08002660   0x0000002a   Code   RO          767    i.Switch_test       test code.o
    0x0800268a   0x0800268a   0x00000002   PAD
    0x0800268c   0x0800268c   0x000001a8   Code   RO          662    i.TP_Adj_Info_Show  touch.o
    0x08002834   0x08002834   0x00000868   Code   RO          663    i.TP_Adjust         touch.o
    0x0800309c   0x0800309c   0x0000003c   Code   RO          664    i.TP_Draw_Big_Point  touch.o
    0x080030d8   0x080030d8   0x00000070   Code   RO          665    i.TP_Drow_Touch_Point  touch.o
    0x08003148   0x08003148   0x0000012c   Code   RO          666    i.TP_Get_Adjdata    touch.o
    0x08003274   0x08003274   0x00000164   Code   RO          667    i.TP_Init           touch.o
    0x080033d8   0x080033d8   0x00000090   Code   RO          668    i.TP_Read_AD        touch.o
    0x08003468   0x08003468   0x00000078   Code   RO          669    i.TP_Read_XOY       touch.o
    0x080034e0   0x080034e0   0x00000030   Code   RO          670    i.TP_Read_XY        touch.o
    0x08003510   0x08003510   0x000000c0   Code   RO          671    i.TP_Read_XY2       touch.o
    0x080035d0   0x080035d0   0x000000a4   Code   RO          672    i.TP_Save_Adjdata   touch.o
    0x08003674   0x08003674   0x00000110   Code   RO          673    i.TP_Scan           touch.o
    0x08003784   0x08003784   0x0000004c   Code   RO          674    i.TP_Write_Byte     touch.o
    0x080037d0   0x080037d0   0x00000084   Code   RO          176    i.USART1_IRQHandler  usart.o
    0x08003854   0x08003854   0x00000050   Code   RO          577    i.W25Q16_Read       w25qx.o
    0x080038a4   0x080038a4   0x0000002c   Code   RO          578    i.W25Q16_ReadSR     w25qx.o
    0x080038d0   0x080038d0   0x000000b8   Code   RO          579    i.W25Q16_Write      w25qx.o
    0x08003988   0x08003988   0x00000050   Code   RO          580    i.W25QX_Erase_Sector  w25qx.o
    0x080039d8   0x080039d8   0x00000044   Code   RO          581    i.W25QX_Flash_ReadID  w25qx.o
    0x08003a1c   0x08003a1c   0x00000058   Code   RO          582    i.W25QX_Flash_Write_Page  w25qx.o
    0x08003a74   0x08003a74   0x00000042   Code   RO          583    i.W25QX_Write_NoCheck  w25qx.o
    0x08003ab6   0x08003ab6   0x00000002   PAD
    0x08003ab8   0x08003ab8   0x0000006c   Code   RO          584    i.W25QX_init        w25qx.o
    0x08003b24   0x08003b24   0x00000020   Code   RO          587    i.Write_Enable      w25qx.o
    0x08003b44   0x08003b44   0x0000000e   Code   RO          893    i._is_digit         c_w.l(__printf_wp.o)
    0x08003b52   0x08003b52   0x00000006   Code   RO          177    i._sys_exit         usart.o
    0x08003b58   0x08003b58   0x000000f8   Code   RO          768    i.ctp_test          test code.o
    0x08003c50   0x08003c50   0x00000040   Code   RO           68    i.delay_init        delay.o
    0x08003c90   0x08003c90   0x0000003c   Code   RO           69    i.delay_ms          delay.o
    0x08003ccc   0x08003ccc   0x0000003c   Code   RO           70    i.delay_us          delay.o
    0x08003d08   0x08003d08   0x00000024   Code   RO          251    i.gui_draw_hline    lcd.o
    0x08003d2c   0x08003d2c   0x000000b0   Code   RO          252    i.gui_fill_circle   lcd.o
    0x08003ddc   0x08003ddc   0x000000d4   Code   RO          253    i.lcd_draw_bline    lcd.o
    0x08003eb0   0x08003eb0   0x000000ac   Code   RO           10    i.main              test.o
    0x08003f5c   0x08003f5c   0x000000cc   Code   RO          769    i.main_test         test code.o
    0x08004028   0x08004028   0x0000000e   Code   RO          254    i.opt_delay         lcd.o
    0x08004036   0x08004036   0x00000002   PAD
    0x08004038   0x08004038   0x0000006c   Code   RO          770    i.rtp_test          test code.o
    0x080040a4   0x080040a4   0x0000004c   Code   RO          960    i.sqrt              m_ws.l(sqrt.o)
    0x080040f0   0x080040f0   0x000000dc   Code   RO          179    i.uart_init         usart.o
    0x080041cc   0x080041cc   0x00000018   Code   RO          979    x$fpl$dcmpinf       fz_ws.l(dcmpi.o)
    0x080041e4   0x080041e4   0x0000005a   Code   RO          915    x$fpl$dfixu         fz_ws.l(dfixu.o)
    0x0800423e   0x0800423e   0x00000026   Code   RO          919    x$fpl$dfltu         fz_ws.l(dflt_clz.o)
    0x08004264   0x08004264   0x00000078   Code   RO          925    x$fpl$dleqf         fz_ws.l(dleqf.o)
    0x080042dc   0x080042dc   0x00000154   Code   RO          927    x$fpl$dmul          fz_ws.l(dmul.o)
    0x08004430   0x08004430   0x0000009c   Code   RO          981    x$fpl$dnaninf       fz_ws.l(dnaninf.o)
    0x080044cc   0x080044cc   0x0000000c   Code   RO          983    x$fpl$dretinf       fz_ws.l(dretinf.o)
    0x080044d8   0x080044d8   0x0000006c   Code   RO          929    x$fpl$drleqf        fz_ws.l(drleqf.o)
    0x08004544   0x08004544   0x000001cc   Code   RO          985    x$fpl$dsqrt         fz_ws.l(dsqrt_noumaal.o)
    0x08004710   0x08004710   0x00000056   Code   RO          931    x$fpl$f2d           fz_ws.l(f2d.o)
    0x08004766   0x08004766   0x00000002   PAD
    0x08004768   0x08004768   0x000000c4   Code   RO          933    x$fpl$fadd          fz_ws.l(faddsub_clz.o)
    0x0800482c   0x0800482c   0x00000184   Code   RO          940    x$fpl$fdiv          fz_ws.l(fdiv.o)
    0x080049b0   0x080049b0   0x00000036   Code   RO          943    x$fpl$ffix          fz_ws.l(ffix.o)
    0x080049e6   0x080049e6   0x00000002   PAD
    0x080049e8   0x080049e8   0x0000003e   Code   RO          947    x$fpl$ffixu         fz_ws.l(ffixu.o)
    0x08004a26   0x08004a26   0x00000002   PAD
    0x08004a28   0x08004a28   0x00000030   Code   RO          952    x$fpl$fflt          fz_ws.l(fflt_clz.o)
    0x08004a58   0x08004a58   0x00000026   Code   RO          951    x$fpl$ffltu         fz_ws.l(fflt_clz.o)
    0x08004a7e   0x08004a7e   0x00000002   PAD
    0x08004a80   0x08004a80   0x00000102   Code   RO          957    x$fpl$fmul          fz_ws.l(fmul.o)
    0x08004b82   0x08004b82   0x0000008c   Code   RO          987    x$fpl$fnaninf       fz_ws.l(fnaninf.o)
    0x08004c0e   0x08004c0e   0x0000000a   Code   RO          989    x$fpl$fretinf       fz_ws.l(fretinf.o)
    0x08004c18   0x08004c18   0x00000014   Code   RO          934    x$fpl$frsb          fz_ws.l(faddsub_clz.o)
    0x08004c2c   0x08004c2c   0x000000ea   Code   RO          935    x$fpl$fsub          fz_ws.l(faddsub_clz.o)
    0x08004d16   0x08004d16   0x00000000   Code   RO          991    x$fpl$usenofp       fz_ws.l(usenofp.o)
    0x08004d16   0x08004d16   0x000017c0   Data   RO          256    .constdata          lcd.o
    0x080064d6   0x080064d6   0x0000000a   Data   RO          476    .constdata          ctp.o
    0x080064e0   0x080064e0   0x00000004   Data   RO          675    .constdata          touch.o
    0x080064e4   0x080064e4   0x0000003c   Data   RO          771    .constdata          test code.o
    0x08006520   0x08006520   0x00000028   Data   RO          866    .constdata          c_w.l(_printf_hex_int.o)
    0x08006548   0x08006548   0x00000011   Data   RO          896    .constdata          c_w.l(__printf_flags_wp.o)
    0x08006559   0x08006559   0x00000003   PAD
    0x0800655c   0x0800655c   0x00000079   Data   RO          676    .conststring        touch.o
    0x080065d5   0x080065d5   0x00000003   PAD
    0x080065d8   0x080065d8   0x00000037   Data   RO          772    .conststring        test code.o
    0x0800660f   0x0800660f   0x00000001   PAD
    0x08006610   0x08006610   0x00000020   Data   RO         1149    Region$$Table       anon$$obj.o


    Execution Region RW_IRAM1 (Exec base: 0x20000000, Load base: 0x08006630, Size: 0x00003110, Max: 0x00005000, ABSOLUTE, COMPRESSED[0x00001088])

    Exec Addr    Load Addr    Size         Type   Attr      Idx    E Section Name        Object

    0x20000000   COMPRESSED   0x00000004   Data   RW           71    .data               delay.o
    0x20000004   COMPRESSED   0x00000006   Data   RW          181    .data               usart.o
    0x2000000a   COMPRESSED   0x00000cfc   Data   RW          257    .data               lcd.o
    0x20000d06   COMPRESSED   0x00000001   Data   RW          477    .data               ctp.o
    0x20000d07   COMPRESSED   0x00000001   PAD
    0x20000d08   COMPRESSED   0x00000036   Data   RW          677    .data               touch.o
    0x20000d3e   COMPRESSED   0x00000c9a   Data   RW          773    .data               test code.o
    0x200019d8        -       0x000000c8   Zero   RW          180    .bss                usart.o
    0x20001aa0        -       0x0000000e   Zero   RW          255    .bss                lcd.o
    0x20001aae        -       0x00001000   Zero   RW          588    .bss                w25qx.o
    0x20002aae   COMPRESSED   0x00000002   PAD
    0x20002ab0        -       0x00000060   Zero   RW         1015    .bss                c_w.l(libspace.o)
    0x20002b10        -       0x00000200   Zero   RW            2    HEAP                startup_stm32f10x_hd.o
    0x20002d10        -       0x00000400   Zero   RW            1    STACK               startup_stm32f10x_hd.o


==============================================================================

Image component sizes


      Code (inc. data)   RO Data    RW Data    ZI Data      Debug   Object Name

       694        104          0          0          0       5657   ctiic.o
       540         22         10          1          0       3153   ctp.o
       184         16          0          4          0       2159   delay.o
      4502        234       6080       3324         14      31735   lcd.o
        56         22        304          0       1536        904   startup_stm32f10x_hd.o
       476         54          0          0          0       3999   sys.o
      2806        624        115       3226          0      10221   test code.o
       172         24          0          0          0     206911   test.o
      4420        326        125         54          0      12801   touch.o
       358         32          0          6        200       4096   usart.o
       862         78          0          0       4096       8632   w25qx.o

    ----------------------------------------------------------------------
     15082       1536       6670       6616       5848     290268   Object Totals
         0          0         32          0          0          0   (incl. Generated)
        12          0          4          1          2          0   (incl. Padding)

    ----------------------------------------------------------------------

      Code (inc. data)   RO Data    RW Data    ZI Data      Debug   Library Member Name

        90          0          0          0          0          0   __dczerorl2.o
         8          0          0          0          0         68   __main.o
       312          4         17          0          0         92   __printf_flags_wp.o
        14          0          0          0          0         68   __printf_wp.o
         0          0          0          0          0          0   __rtentry.o
        12          0          0          0          0          0   __rtentry2.o
         6          0          0          0          0          0   __rtentry4.o
        52          8          0          0          0          0   __scatter.o
        28          0          0          0          0          0   __scatter_zi.o
        48          6          0          0          0         96   _printf_char_common.o
        88          4         40          0          0         88   _printf_hex_int.o
       178          0          0          0          0         88   _printf_intcommon.o
        78          0          0          0          0        108   _printf_pad.o
         0          0          0          0          0          0   _printf_percent.o
         4          0          0          0          0          0   _printf_percent_end.o
         6          0          0          0          0          0   _printf_x.o
        22          0          0          0          0        100   _rserrno.o
        10          0          0          0          0         68   _sputc.o
        18          0          0          0          0         80   exit.o
         6          0          0          0          0        152   heapauxi.o
         2          0          0          0          0          0   libinit.o
         2          0          0          0          0          0   libinit2.o
         2          0          0          0          0          0   libshutdown.o
         2          0          0          0          0          0   libshutdown2.o
         8          4          0          0         96         68   libspace.o
        40          6          0          0          0         84   noretval__2sprintf.o
         8          4          0          0          0         68   rt_errno_addr_intlibspace.o
        78          0          0          0          0         80   rt_memclr_w.o
       100          0          0          0          0         80   rt_memcpy_w.o
         2          0          0          0          0          0   rtexit.o
        10          0          0          0          0          0   rtexit2.o
        62          0          0          0          0         76   strlen.o
        74          0          0          0          0         80   sys_stackheap_outer.o
         2          0          0          0          0         68   use_no_semi.o
         2          0          0          0          0         68   use_no_semi_2.o
        24          0          0          0          0         68   dcmpi.o
        90          4          0          0          0         92   dfixu.o
        38          0          0          0          0         68   dflt_clz.o
       120          4          0          0          0         92   dleqf.o
       340         12          0          0          0        104   dmul.o
       156          4          0          0          0         92   dnaninf.o
        12          0          0          0          0         68   dretinf.o
       108          0          0          0          0         80   drleqf.o
       460         56          0          0          0        120   dsqrt_noumaal.o
        86          4          0          0          0         84   f2d.o
       450          8          0          0          0        236   faddsub_clz.o
       388         76          0          0          0         96   fdiv.o
        54          4          0          0          0         84   ffix.o
        62          4          0          0          0         84   ffixu.o
        86          0          0          0          0        136   fflt_clz.o
       258          4          0          0          0         84   fmul.o
       140          4          0          0          0         84   fnaninf.o
        10          0          0          0          0         68   fretinf.o
         0          0          0          0          0          0   usenofp.o
        76          0          0          0          0         84   sqrt.o

    ----------------------------------------------------------------------
      4348        220         60          0         96       3504   Library Totals
        16          0          3          0          0          0   (incl. Padding)

    ----------------------------------------------------------------------

      Code (inc. data)   RO Data    RW Data    ZI Data      Debug   Library Name

      1374         36         57          0         96       1680   c_w.l
      2882        184          0          0          0       1740   fz_ws.l
        76          0          0          0          0         84   m_ws.l

    ----------------------------------------------------------------------
      4348        220         60          0         96       3504   Library Totals

    ----------------------------------------------------------------------

==============================================================================


      Code (inc. data)   RO Data    RW Data    ZI Data      Debug   

     19430       1756       6730       6616       5944     286852   Grand Totals
     19430       1756       6730       4232       5944     286852   ELF Image Totals (compressed)
     19430       1756       6730       4232          0          0   ROM Totals

==============================================================================

    Total RO  Size (Code + RO Data)                26160 (  25.55kB)
    Total RW  Size (RW Data + ZI Data)             12560 (  12.27kB)
    Total ROM Size (Code + RO Data + RW Data)      30392 (  29.68kB)

==============================================================================

