Component: ARM Compiler 5.06 update 7 (build 960) Tool: armlink [4d3601]

==============================================================================

Section Cross References

    startup_stm32f10x_hd.o(STACK) refers (Special) to heapauxi.o(.text) for __use_two_region_memory
    startup_stm32f10x_hd.o(HEAP) refers (Special) to heapauxi.o(.text) for __use_two_region_memory
    startup_stm32f10x_hd.o(RESET) refers (Special) to heapauxi.o(.text) for __use_two_region_memory
    startup_stm32f10x_hd.o(RESET) refers to startup_stm32f10x_hd.o(STACK) for __initial_sp
    startup_stm32f10x_hd.o(RESET) refers to startup_stm32f10x_hd.o(.text) for Reset_Handler
    startup_stm32f10x_hd.o(RESET) refers to ui_timing_detail.o(.text) for EXTI0_IRQHandler
    startup_stm32f10x_hd.o(RESET) refers to usart.o(i.USART1_IRQHandler) for USART1_IRQHandler
    startup_stm32f10x_hd.o(.text) refers (Special) to heapauxi.o(.text) for __use_two_region_memory
    startup_stm32f10x_hd.o(.text) refers to __main.o(!!!main) for __main
    startup_stm32f10x_hd.o(.text) refers to startup_stm32f10x_hd.o(HEAP) for Heap_Mem
    startup_stm32f10x_hd.o(.text) refers to startup_stm32f10x_hd.o(STACK) for Stack_Mem
    test.o(.text) refers to sys.o(i.Stm32_Clock_Init) for Stm32_Clock_Init
    test.o(.text) refers to delay.o(i.delay_init) for delay_init
    test.o(.text) refers to lcd.o(i.LCD_Init) for LCD_Init
    test.o(.text) refers to lcd.o(i.LCD_Display_Dir) for LCD_Display_Dir
    test.o(.text) refers to lcd.o(i.LCD_Clear) for LCD_Clear
    test.o(.text) refers to ui_main.o(i.UI_Main_Draw) for UI_Main_Draw
    test.o(.text) refers to ui_settings_detail.o(.text) for UI_SettingsDetail_Scan
    test.o(.text) refers to ui_settings_menu.o(.text) for UI_SettingsMenu_Draw
    test.o(.text) refers to ui_main.o(i.UI_Main_Scan) for UI_Main_Scan
    test.o(.text) refers to ui_timing_menu.o(.text) for UI_TimingMenu_SetMeasuring
    test.o(.text) refers to ui_mechanics_menu.o(.text) for UI_MechanicsMenu_SetMeasuring
    test.o(.text) refers to ui_signal_menu.o(.text) for UI_SignalMenu_SetOutput
    test.o(.text) refers to ui_timing_detail.o(.text) for UI_TimingDetail_Open
    test.o(.text) refers to ui_mechanics_detail.o(i.UI_MechanicsDetail_Open) for UI_MechanicsDetail_Open
    test.o(.text) refers to ui_mechanics_detail.o(i.UI_MechanicsDetail_Scan) for UI_MechanicsDetail_Scan
    test.o(.text) refers to ui_signal_detail.o(.text) for UI_SignalDetail_Open
    test.o(.text) refers to delay.o(i.delay_ms) for delay_ms
    test.o(.text) refers to touch.o(.data) for tp_dev
    delay.o(i.delay_init) refers to delay.o(.data) for fac_us
    delay.o(i.delay_ms) refers to delay.o(.data) for fac_ms
    delay.o(i.delay_us) refers to delay.o(.data) for fac_us
    sys.o(i.MYRCC_DeInit) refers to sys.o(i.MY_NVIC_SetVectorTable) for MY_NVIC_SetVectorTable
    sys.o(i.MY_NVIC_Init) refers to sys.o(i.MY_NVIC_PriorityGroupConfig) for MY_NVIC_PriorityGroupConfig
    sys.o(i.Stm32_Clock_Init) refers to sys.o(i.MYRCC_DeInit) for MYRCC_DeInit
    sys.o(i.Sys_Standby) refers to sys.o(i.WFI_SET) for WFI_SET
    usart.o(i.USART1_IRQHandler) refers (Special) to use_no_semi_2.o(.text) for __use_no_semihosting
    usart.o(i.USART1_IRQHandler) refers to usart.o(.data) for USART_RX_STA
    usart.o(i.USART1_IRQHandler) refers to usart.o(.bss) for USART_RX_BUF
    usart.o(i._sys_exit) refers (Special) to use_no_semi_2.o(.text) for __use_no_semihosting
    usart.o(i.fputc) refers (Special) to use_no_semi_2.o(.text) for __use_no_semihosting
    usart.o(i.uart_init) refers (Special) to use_no_semi_2.o(.text) for __use_no_semihosting
    usart.o(i.uart_init) refers to fflt_clz.o(x$fpl$ffltu) for __aeabi_ui2f
    usart.o(i.uart_init) refers to fdiv.o(x$fpl$fdiv) for __aeabi_fdiv
    usart.o(i.uart_init) refers to ffixu.o(x$fpl$ffixu) for __aeabi_f2uiz
    usart.o(i.uart_init) refers to faddsub_clz.o(x$fpl$frsb) for __aeabi_frsub
    usart.o(i.uart_init) refers to fmul.o(x$fpl$fmul) for __aeabi_fmul
    usart.o(i.uart_init) refers to sys.o(i.MY_NVIC_Init) for MY_NVIC_Init
    usart.o(.bss) refers (Special) to use_no_semi_2.o(.text) for __use_no_semihosting
    usart.o(.data) refers (Special) to use_no_semi_2.o(.text) for __use_no_semihosting
    lcd.o(i.GUI_DrawFont16) refers to lcd.o(i.LCD_Set_Window) for LCD_Set_Window
    lcd.o(i.GUI_DrawFont16) refers to lcd.o(i.LCD_WriteRAM_Prepare) for LCD_WriteRAM_Prepare
    lcd.o(i.GUI_DrawFont16) refers to lcd.o(i.LCD_WriteRAM) for LCD_WriteRAM
    lcd.o(i.GUI_DrawFont16) refers to lcd.o(i.LCD_DrawPoint) for LCD_DrawPoint
    lcd.o(i.GUI_DrawFont16) refers to lcd.o(.constdata) for tfont16
    lcd.o(i.GUI_DrawFont16) refers to lcd.o(.data) for POINT_COLOR
    lcd.o(i.GUI_DrawFont16) refers to lcd.o(.bss) for lcddev
    lcd.o(i.GUI_DrawFont24) refers to lcd.o(i.LCD_Set_Window) for LCD_Set_Window
    lcd.o(i.GUI_DrawFont24) refers to lcd.o(i.LCD_WriteRAM_Prepare) for LCD_WriteRAM_Prepare
[...]
    i.UI_MechanicsDetail_Scan                0x08005388   Section        0  ui_mechanics_detail.o(i.UI_MechanicsDetail_Scan)
    i.USART1_IRQHandler                      0x080054a0   Section        0  usart.o(i.USART1_IRQHandler)
    i._is_digit                              0x08005524   Section        0  __printf_wp.o(i._is_digit)
    i._sys_exit                              0x08005532   Section        0  usart.o(i._sys_exit)
    i.confirm_popup                          0x08005538   Section        0  ui_mechanics_detail.o(i.confirm_popup)
    confirm_popup                            0x08005539   Thumb Code    50  ui_mechanics_detail.o(i.confirm_popup)
    i.current_value_text                     0x08005570   Section        0  ui_mechanics_detail.o(i.current_value_text)
    current_value_text                       0x08005571   Thumb Code   142  ui_mechanics_detail.o(i.current_value_text)
    i.delay_init                             0x08005618   Section        0  delay.o(i.delay_init)
    i.delay_ms                               0x08005658   Section        0  delay.o(i.delay_ms)
    i.delay_us                               0x08005694   Section        0  delay.o(i.delay_us)
    i.draw_ascii_center                      0x080056d0   Section        0  ui_mechanics_detail.o(i.draw_ascii_center)
    draw_ascii_center                        0x080056d1   Thumb Code    86  ui_mechanics_detail.o(i.draw_ascii_center)
    i.draw_body                              0x08005730   Section        0  ui_mechanics_detail.o(i.draw_body)
    draw_body                                0x08005731   Thumb Code   122  ui_mechanics_detail.o(i.draw_body)
    i.draw_btn                               0x080057bc   Section        0  ui_mechanics_detail.o(i.draw_btn)
    draw_btn                                 0x080057bd   Thumb Code   206  ui_mechanics_detail.o(i.draw_btn)
    i.draw_button_bar                        0x080058a0   Section        0  ui_mechanics_detail.o(i.draw_button_bar)
    draw_button_bar                          0x080058a1   Thumb Code    46  ui_mechanics_detail.o(i.draw_button_bar)
    i.draw_footer                            0x080058d0   Section        0  ui_mechanics_detail.o(i.draw_footer)
    draw_footer                              0x080058d1   Thumb Code   122  ui_mechanics_detail.o(i.draw_footer)
    i.draw_full_page                         0x08005964   Section        0  ui_mechanics_detail.o(i.draw_full_page)
    draw_full_page                           0x08005965   Thumb Code    26  ui_mechanics_detail.o(i.draw_full_page)
    i.draw_gb_center                         0x08005984   Section        0  ui_mechanics_detail.o(i.draw_gb_center)
    draw_gb_center                           0x08005985   Thumb Code    78  ui_mechanics_detail.o(i.draw_gb_center)
    i.draw_icon_clock                        0x080059dc   Section        0  ui_main.o(i.draw_icon_clock)
    draw_icon_clock                          0x080059dd   Thumb Code   248  ui_main.o(i.draw_icon_clock)
    i.draw_icon_gear                         0x08005ad4   Section        0  ui_main.o(i.draw_icon_gear)
    draw_icon_gear                           0x08005ad5   Thumb Code   292  ui_main.o(i.draw_icon_gear)
    i.draw_icon_pendulum                     0x08005bfc   Section        0  ui_main.o(i.draw_icon_pendulum)
    draw_icon_pendulum                       0x08005bfd   Thumb Code   232  ui_main.o(i.draw_icon_pendulum)
    i.draw_icon_wave                         0x08005ce8   Section        0  ui_main.o(i.draw_icon_wave)
    draw_icon_wave                           0x08005ce9   Thumb Code   274  ui_main.o(i.draw_icon_wave)
    i.draw_one_btn                           0x08005dfc   Section        0  ui_main.o(i.draw_one_btn)
    draw_one_btn                             0x08005dfd   Thumb Code   206  ui_main.o(i.draw_one_btn)
    i.draw_one_card                          0x08005ee0   Section        0  ui_main.o(i.draw_one_card)
    draw_one_card                            0x08005ee1   Thumb Code   164  ui_main.o(i.draw_one_card)
    i.draw_panel                             0x08005fa0   Section        0  ui_main.o(i.draw_panel)
    draw_panel                               0x08005fa1   Thumb Code    60  ui_main.o(i.draw_panel)
    i.draw_panel                             0x08005fdc   Section        0  ui_mechanics_detail.o(i.draw_panel)
    draw_panel                               0x08005fdd   Thumb Code    60  ui_mechanics_detail.o(i.draw_panel)
    i.draw_popup                             0x08006018   Section        0  ui_mechanics_detail.o(i.draw_popup)
    draw_popup                               0x08006019   Thumb Code   220  ui_mechanics_detail.o(i.draw_popup)
    i.draw_ring                              0x08006118   Section        0  ui_main.o(i.draw_ring)
    draw_ring                                0x08006119   Thumb Code    54  ui_main.o(i.draw_ring)
    i.draw_thick_line                        0x08006154   Section        0  ui_main.o(i.draw_thick_line)
    draw_thick_line                          0x08006155   Thumb Code    36  ui_main.o(i.draw_thick_line)
    i.draw_titlebar                          0x08006178   Section        0  ui_main.o(i.draw_titlebar)
    draw_titlebar                            0x08006179   Thumb Code   112  ui_main.o(i.draw_titlebar)
    i.draw_titlebar                          0x08006210   Section        0  ui_mechanics_detail.o(i.draw_titlebar)
    draw_titlebar                            0x08006211   Thumb Code   130  ui_mechanics_detail.o(i.draw_titlebar)
    i.draw_value_area                        0x080062a8   Section        0  ui_mechanics_detail.o(i.draw_value_area)
    draw_value_area                          0x080062a9   Thumb Code    44  ui_mechanics_detail.o(i.draw_value_area)
    i.fill_round_rect                        0x080062d4   Section        0  ui_main.o(i.fill_round_rect)
    fill_round_rect                          0x080062d5   Thumb Code   164  ui_main.o(i.fill_round_rect)
    i.fill_round_rect                        0x08006378   Section        0  ui_mechanics_detail.o(i.fill_round_rect)
    fill_round_rect                          0x08006379   Thumb Code   164  ui_mechanics_detail.o(i.fill_round_rect)
    i.gui_draw_hline                         0x0800641c   Section        0  lcd.o(i.gui_draw_hline)
    i.gui_fill_circle                        0x08006440   Section        0  lcd.o(i.gui_fill_circle)
    i.hit_btn                                0x080064f0   Section        0  ui_main.o(i.hit_btn)
    hit_btn                                  0x080064f1   Thumb Code    66  ui_main.o(i.hit_btn)
    i.hit_btn                                0x0800653c   Section        0  ui_mechanics_detail.o(i.hit_btn)
    hit_btn                                  0x0800653d   Thumb Code    66  ui_mechanics_detail.o(i.hit_btn)
    i.hit_card                               0x08006588   Section        0  ui_main.o(i.hit_card)
    hit_card                                 0x08006589   Thumb Code    58  ui_main.o(i.hit_card)
    i.hit_popup_option                       0x080065c4   Section        0  ui_mechanics_detail.o(i.hit_popup_option)
    hit_popup_option                         0x080065c5   Thumb Code    86  ui_mechanics_detail.o(i.hit_popup_option)
    i.lcd_draw_bline                         0x08006628   Section        0  lcd.o(i.lcd_draw_bline)
    i.reset_page                             0x080066fc   Section        0  ui_mechanics_detail.o(i.reset_page)
    reset_page                               0x080066fd   Thumb Code    22  ui_mechanics_detail.o(i.reset_page)
    i.sqrt                                   0x08006718   Section        0  sqrt.o(i.sqrt)
    i.switch_view                            0x08006764   Section        0  ui_mechanics_detail.o(i.switch_view)
    switch_view                              0x08006765   Thumb Code    30  ui_mechanics_detail.o(i.switch_view)
    x$fpl$dcmpinf                            0x08006788   Section       24  dcmpi.o(x$fpl$dcmpinf)
    x$fpl$dfixu                              0x080067a0   Section       90  dfixu.o(x$fpl$dfixu)
    x$fpl$dfltu                              0x080067fa   Section       38  dflt_clz.o(x$fpl$dfltu)
    x$fpl$dleqf                              0x08006820   Section      120  dleqf.o(x$fpl$dleqf)
    x$fpl$dmul                               0x08006898   Section      340  dmul.o(x$fpl$dmul)
    x$fpl$dnaninf                            0x080069ec   Section      156  dnaninf.o(x$fpl$dnaninf)
    x$fpl$dretinf                            0x08006a88   Section       12  dretinf.o(x$fpl$dretinf)
    x$fpl$drleqf                             0x08006a94   Section      108  drleqf.o(x$fpl$drleqf)
    x$fpl$dsqrt                              0x08006b00   Section      460  dsqrt_noumaal.o(x$fpl$dsqrt)
    x$fpl$f2d                                0x08006ccc   Section       86  f2d.o(x$fpl$f2d)
    x$fpl$fadd                               0x08006d24   Section      196  faddsub_clz.o(x$fpl$fadd)
    _fadd1                                   0x08006d33   Thumb Code     0  faddsub_clz.o(x$fpl$fadd)
    x$fpl$fdiv                               0x08006de8   Section      388  fdiv.o(x$fpl$fdiv)
    _fdiv1                                   0x08006de9   Thumb Code     0  fdiv.o(x$fpl$fdiv)
    x$fpl$ffix                               0x08006f6c   Section       54  ffix.o(x$fpl$ffix)
    x$fpl$ffixu                              0x08006fa4   Section       62  ffixu.o(x$fpl$ffixu)
    x$fpl$fflt                               0x08006fe4   Section       48  fflt_clz.o(x$fpl$fflt)
    x$fpl$ffltu                              0x08007014   Section       38  fflt_clz.o(x$fpl$ffltu)
    x$fpl$fmul                               0x0800703c   Section      258  fmul.o(x$fpl$fmul)
    x$fpl$fnaninf                            0x0800713e   Section      140  fnaninf.o(x$fpl$fnaninf)
    x$fpl$fretinf                            0x080071ca   Section       10  fretinf.o(x$fpl$fretinf)
    x$fpl$fsub                               0x080071d4   Section      234  faddsub_clz.o(x$fpl$fsub)
    _fsub1                                   0x080071e3   Thumb Code     0  faddsub_clz.o(x$fpl$fsub)
    .constdata                               0x080072be   Section    13514  lcd.o(.constdata)
    x$fpl$usenofp                            0x080072be   Section        0  usenofp.o(x$fpl$usenofp)
    .constdata                               0x0800a788   Section       10  ctp.o(.constdata)
    .constdata                               0x0800a794   Section        4  touch.o(.constdata)
    .constdata                               0x0800a798   Section       92  ui_main.o(.constdata)
    card_x                                   0x0800a798   Data           8  ui_main.o(.constdata)
    card_y                                   0x0800a7a0   Data           8  ui_main.o(.constdata)
    btn_x                                    0x0800a7a8   Data          10  ui_main.o(.constdata)
    btn_w                                    0x0800a7b2   Data          10  ui_main.o(.constdata)
    icons                                    0x0800a7bc   Data          16  ui_main.o(.constdata)
    card_title                               0x0800a7cc   Data          16  ui_main.o(.constdata)
    card_chars                               0x0800a7dc   Data           4  ui_main.o(.constdata)
    btn_label                                0x0800a7e0   Data          20  ui_main.o(.constdata)
    .constdata                               0x0800a7f4   Section       52  ui_timing_menu.o(.constdata)
    btn_x                                    0x0800a7f4   Data          10  ui_timing_menu.o(.constdata)
    btn_w                                    0x0800a7fe   Data          10  ui_timing_menu.o(.constdata)
    item_label                               0x0800a808   Data          12  ui_timing_menu.o(.constdata)
    btn_label                                0x0800a814   Data          20  ui_timing_menu.o(.constdata)
    .constdata                               0x0800a828   Section      116  ui_timing_detail.o(.constdata)
    info_label_s1                            0x0800a828   Data           4  ui_timing_detail.o(.constdata)
    info_label_s2                            0x0800a82c   Data           4  ui_timing_detail.o(.constdata)
    info_label_count                         0x0800a830   Data           4  ui_timing_detail.o(.constdata)
    footer_label_count                       0x0800a834   Data           4  ui_timing_detail.o(.constdata)
    footer_label_times                       0x0800a838   Data           4  ui_timing_detail.o(.constdata)
    width_x                                  0x0800a83c   Data           8  ui_timing_detail.o(.constdata)
    width_y                                  0x0800a844   Data           8  ui_timing_detail.o(.constdata)
    btn_x                                    0x0800a84c   Data          10  ui_timing_detail.o(.constdata)
    btn_w                                    0x0800a856   Data          10  ui_timing_detail.o(.constdata)
    btn_label                                0x0800a860   Data          20  ui_timing_detail.o(.constdata)
    title_label                              0x0800a874   Data          12  ui_timing_detail.o(.constdata)
    status_text                              0x0800a880   Data          12  ui_timing_detail.o(.constdata)
    width_text                               0x0800a88c   Data          16  ui_timing_detail.o(.constdata)
    .constdata                               0x0800a89c   Section       60  ui_mechanics_menu.o(.constdata)
    btn_x                                    0x0800a89c   Data          10  ui_mechanics_menu.o(.constdata)
    btn_w                                    0x0800a8a6   Data          10  ui_mechanics_menu.o(.constdata)
    item_label                               0x0800a8b0   Data          20  ui_mechanics_menu.o(.constdata)
    btn_label                                0x0800a8c4   Data          20  ui_mechanics_menu.o(.constdata)
    .constdata                               0x0800a8d8   Section      228  ui_mechanics_detail.o(.constdata)
    btn_x                                    0x0800a8d8   Data          10  ui_mechanics_detail.o(.constdata)
    btn_w                                    0x0800a8e2   Data          10  ui_mechanics_detail.o(.constdata)
    popup_x                                  0x0800a8ec   Data           8  ui_mechanics_detail.o(.constdata)
    popup_y                                  0x0800a8f4   Data           8  ui_mechanics_detail.o(.constdata)
    btn_label                                0x0800a8fc   Data          20  ui_mechanics_detail.o(.constdata)
    title_label                              0x0800a910   Data          20  ui_mechanics_detail.o(.constdata)
    state_label                              0x0800a924   Data           8  ui_mechanics_detail.o(.constdata)
    info_label                               0x0800a92c   Data          20  ui_mechanics_detail.o(.constdata)
    popup_title_width                        0x0800a940   Data           4  ui_mechanics_detail.o(.constdata)
    popup_title_angle                        0x0800a944   Data           4  ui_mechanics_detail.o(.constdata)
    footer_label_times                       0x0800a948   Data           4  ui_mechanics_detail.o(.constdata)
    width_text                               0x0800a94c   Data          16  ui_mechanics_detail.o(.constdata)
    angle_text                               0x0800a95c   Data           8  ui_mechanics_detail.o(.constdata)
    pendulum_view                            0x0800a964   Data          12  ui_mechanics_detail.o(.constdata)
    collision_view                           0x0800a970   Data          32  ui_mechanics_detail.o(.constdata)
    gravity_view                             0x0800a990   Data          12  ui_mechanics_detail.o(.constdata)
    linear_view                              0x0800a99c   Data          24  ui_mechanics_detail.o(.constdata)
    angular_view                             0x0800a9b4   Data           8  ui_mechanics_detail.o(.constdata)
    .constdata                               0x0800a9bc   Section       40  ui_signal_menu.o(.constdata)
    btn_x                                    0x0800a9bc   Data          10  ui_signal_menu.o(.constdata)
    btn_w                                    0x0800a9c6   Data          10  ui_signal_menu.o(.constdata)
    btn_label                                0x0800a9d0   Data          20  ui_signal_menu.o(.constdata)
    .constdata                               0x0800a9e4   Section       60  ui_signal_detail.o(.constdata)
    btn_x                                    0x0800a9e4   Data          10  ui_signal_detail.o(.constdata)
    btn_w                                    0x0800a9ee   Data          10  ui_signal_detail.o(.constdata)
    period_label                             0x0800a9f8   Data          20  ui_signal_detail.o(.constdata)
    btn_label                                0x0800aa0c   Data          20  ui_signal_detail.o(.constdata)
    .constdata                               0x0800aa20   Section       40  ui_settings_menu.o(.constdata)
    btn_x                                    0x0800aa20   Data          10  ui_settings_menu.o(.constdata)
    btn_w                                    0x0800aa2a   Data          10  ui_settings_menu.o(.constdata)
    btn_label                                0x0800aa34   Data          20  ui_settings_menu.o(.constdata)
    .constdata                               0x0800aa48   Section       40  ui_settings_detail.o(.constdata)
    btn_x                                    0x0800aa48   Data          10  ui_settings_detail.o(.constdata)
    btn_w                                    0x0800aa52   Data          10  ui_settings_detail.o(.constdata)
    btn_label                                0x0800aa5c   Data          20  ui_settings_detail.o(.constdata)
    .constdata                               0x0800aa70   Section       17  __printf_flags_ss_wp.o(.constdata)
    maptable                                 0x0800aa70   Data          17  __printf_flags_ss_wp.o(.constdata)
    .conststring                             0x0800aa84   Section      121  touch.o(.conststring)
    .conststring                             0x0800ab00   Section       89  ui_main.o(.conststring)
    .conststring                             0x0800ab5c   Section       33  ui_timing_menu.o(.conststring)
    .conststring                             0x0800ab80   Section       73  ui_timing_detail.o(.conststring)
    .conststring                             0x0800abcc   Section       65  ui_mechanics_menu.o(.conststring)
    .conststring                             0x0800ac10   Section      385  ui_mechanics_detail.o(.conststring)
    .conststring                             0x0800ad94   Section       33  ui_signal_detail.o(.conststring)
    .data                                    0x20000000   Section        4  delay.o(.data)
    fac_us                                   0x20000000   Data           1  delay.o(.data)
    fac_ms                                   0x20000002   Data           2  delay.o(.data)
    .data                                    0x20000004   Section        6  usart.o(.data)
    .data                                    0x2000000a   Section        4  lcd.o(.data)
    .data                                    0x2000000e   Section        1  ctp.o(.data)
    t                                        0x2000000e   Data           1  ctp.o(.data)
    .data                                    0x20000010   Section       54  touch.o(.data)
    .data                                    0x20000046   Section        1  ui_main.o(.data)
    touch_ready                              0x20000046   Data           1  ui_main.o(.data)
    .data                                    0x20000047   Section        3  ui_timing_menu.o(.data)
    selected_item                            0x20000047   Data           1  ui_timing_menu.o(.data)
    timing_measuring                         0x20000048   Data           1  ui_timing_menu.o(.data)
    touch_ready                              0x20000049   Data           1  ui_timing_menu.o(.data)
    .data                                    0x2000004c   Section        8  ui_timing_detail.o(.data)
    touch_ready                              0x2000004c   Data           1  ui_timing_detail.o(.data)
    g_edge_head                              0x2000004d   Data           1  ui_timing_detail.o(.data)
    g_edge_tail                              0x2000004e   Data           1  ui_timing_detail.o(.data)
    g_timer_high_us                          0x20000050   Data           4  ui_timing_detail.o(.data)
    .data                                    0x20000054   Section        3  ui_mechanics_menu.o(.data)
    selected_item                            0x20000054   Data           1  ui_mechanics_menu.o(.data)
    mech_measuring                           0x20000055   Data           1  ui_mechanics_menu.o(.data)
    touch_ready                              0x20000056   Data           1  ui_mechanics_menu.o(.data)
    .data                                    0x20000057   Section        1  ui_mechanics_detail.o(.data)
    touch_ready                              0x20000057   Data           1  ui_mechanics_detail.o(.data)
    .data                                    0x20000058   Section        2  ui_signal_menu.o(.data)
    signal_output                            0x20000058   Data           1  ui_signal_menu.o(.data)
    touch_ready                              0x20000059   Data           1  ui_signal_menu.o(.data)
    .data                                    0x2000005a   Section        3  ui_signal_detail.o(.data)
    touch_ready                              0x2000005a   Data           1  ui_signal_detail.o(.data)
    g_signal                                 0x2000005b   Data           2  ui_signal_detail.o(.data)
    .data                                    0x2000005d   Section        1  ui_settings_menu.o(.data)
    touch_ready                              0x2000005d   Data           1  ui_settings_menu.o(.data)
    .data                                    0x2000005e   Section        3  ui_settings_detail.o(.data)
    touch_ready                              0x2000005e   Data           1  ui_settings_detail.o(.data)
    g_settings                               0x2000005f   Data           2  ui_settings_detail.o(.data)
    .bss                                     0x20000064   Section      200  usart.o(.bss)
    .bss                                     0x2000012c   Section       14  lcd.o(.bss)
    .bss                                     0x2000013c   Section      412  ui_timing_detail.o(.bss)
    g_detail                                 0x2000013c   Data         284  ui_timing_detail.o(.bss)
    g_edge_queue                             0x20000258   Data         128  ui_timing_detail.o(.bss)
    .bss                                     0x200002d8   Section       11  ui_mechanics_detail.o(.bss)
    g_mech                                   0x200002d8   Data          11  ui_mechanics_detail.o(.bss)
    .bss                                     0x200002e4   Section       96  libspace.o(.bss)
    HEAP                                     0x20000348   Section      512  startup_stm32f10x_hd.o(HEAP)
    Heap_Mem                                 0x20000348   Data         512  startup_stm32f10x_hd.o(HEAP)
    STACK                                    0x20000548   Section     1024  startup_stm32f10x_hd.o(STACK)
    Stack_Mem                                0x20000548   Data        1024  startup_stm32f10x_hd.o(STACK)
    __initial_sp                             0x20000948   Data           0  startup_stm32f10x_hd.o(STACK)

    Global Symbols

    Symbol Name                              Value     Ov Type        Size  Object(Section)

    BuildAttributes$$THM_ISAv4$P$D$K$B$S$PE$A:L22UL41UL21$X:L11$S22US41US21$IEEE1$IW$USESV6$~STKCKD$USESV7$~SHL$OTIME$ROPI$IEEEJ$EBA8$UX$STANDARDLIB$REQ8$PRES8$EABIv2 0x00000000   Number         0  anon$$obj.o ABSOLUTE
    __ARM_use_no_argv                        0x00000000   Number         0  test.o ABSOLUTE
    _printf_flags                            0x00000000   Number         0  printf_stubs.o ABSOLUTE
    _printf_return_value                     0x00000000   Number         0  printf_stubs.o ABSOLUTE
    _printf_sizespec                         0x00000000   Number         0  printf_stubs.o ABSOLUTE
    _printf_widthprec                        0x00000000   Number         0  printf_stubs.o ABSOLUTE
    __ARM_exceptions_init                     - Undefined Weak Reference
    __alloca_initialize                       - Undefined Weak Reference
    __arm_fini_                               - Undefined Weak Reference
    __arm_preinit_                            - Undefined Weak Reference
    __cpp_initialize__aeabi_                  - Undefined Weak Reference
    __cxa_finalize                            - Undefined Weak Reference
    __rt_locale                               - Undefined Weak Reference
    __sigvec_lookup                           - Undefined Weak Reference
    _atexit_init                              - Undefined Weak Reference
    _call_atexit_fns                          - Undefined Weak Reference
    _clock_init                               - Undefined Weak Reference
    _fp_trap_init                             - Undefined Weak Reference
    _fp_trap_shutdown                         - Undefined Weak Reference
    _get_lc_collate                           - Undefined Weak Reference
    _get_lc_ctype                             - Undefined Weak Reference
    _get_lc_monetary                          - Undefined Weak Reference
    _get_lc_numeric                           - Undefined Weak Reference
    _get_lc_time                              - Undefined Weak Reference
    _getenv_init                              - Undefined Weak Reference
    _handle_redirection                       - Undefined Weak Reference
    _init_alloc                               - Undefined Weak Reference
    _init_user_alloc                          - Undefined Weak Reference
    _initio                                   - Undefined Weak Reference
    _printf_truncate_signed                   - Undefined Weak Reference
    _printf_truncate_unsigned                 - Undefined Weak Reference
    _rand_init                                - Undefined Weak Reference
    _signal_finish                            - Undefined Weak Reference
    _signal_init                              - Undefined Weak Reference
    _terminate_alloc                          - Undefined Weak Reference
    _terminate_user_alloc                     - Undefined Weak Reference
    _terminateio                              - Undefined Weak Reference
    __Vectors_Size                           0x00000130   Number         0  startup_stm32f10x_hd.o ABSOLUTE
    __Vectors                                0x08000000   Data           4  startup_stm32f10x_hd.o(RESET)
    __Vectors_End                            0x08000130   Data           0  startup_stm32f10x_hd.o(RESET)
    __main                                   0x08000131   Thumb Code     8  __main.o(!!!main)
    __scatterload                            0x08000139   Thumb Code     0  __scatter.o(!!!scatter)
    __scatterload_rt2                        0x08000139   Thumb Code    44  __scatter.o(!!!scatter)
    __scatterload_rt2_thumb_only             0x08000139   Thumb Code     0  __scatter.o(!!!scatter)
    __scatterload_null                       0x08000147   Thumb Code     0  __scatter.o(!!!scatter)
    __scatterload_copy                       0x0800016d   Thumb Code    26  __scatter_copy.o(!!handler_copy)
    __scatterload_zeroinit                   0x08000189   Thumb Code    28  __scatter_zi.o(!!handler_zi)
    _printf_percent                          0x080001a5   Thumb Code     0  _printf_percent.o(.ARM.Collect$$_printf_percent$$00000000)
    _printf_u                                0x080001a5   Thumb Code     0  _printf_u.o(.ARM.Collect$$_printf_percent$$0000000A)
    _printf_percent_end                      0x080001ab   Thumb Code     0  _printf_percent_end.o(.ARM.Collect$$_printf_percent$$00000017)
    __rt_lib_init                            0x080001af   Thumb Code     0  libinit.o(.ARM.Collect$$libinit$$00000000)
    __rt_lib_init_alloca_1                   0x080001b1   Thumb Code     0  libinit2.o(.ARM.Collect$$libinit$$0000002E)
    __rt_lib_init_argv_1                     0x080001b1   Thumb Code     0  libinit2.o(.ARM.Collect$$libinit$$0000002C)
    __rt_lib_init_atexit_1                   0x080001b1   Thumb Code     0  libinit2.o(.ARM.Collect$$libinit$$0000001B)
    __rt_lib_init_clock_1                    0x080001b1   Thumb Code     0  libinit2.o(.ARM.Collect$$libinit$$00000021)
    __rt_lib_init_cpp_1                      0x080001b1   Thumb Code     0  libinit2.o(.ARM.Collect$$libinit$$00000032)
    __rt_lib_init_exceptions_1               0x080001b1   Thumb Code     0  libinit2.o(.ARM.Collect$$libinit$$00000030)
    __rt_lib_init_fp_1                       0x080001b1   Thumb Code     0  libinit2.o(.ARM.Collect$$libinit$$00000002)
    __rt_lib_init_fp_trap_1                  0x080001b1   Thumb Code     0  libinit2.o(.ARM.Collect$$libinit$$0000001F)
    __rt_lib_init_getenv_1                   0x080001b1   Thumb Code     0  libinit2.o(.ARM.Collect$$libinit$$00000023)
    __rt_lib_init_heap_1                     0x080001b1   Thumb Code     0  libinit2.o(.ARM.Collect$$libinit$$0000000A)
    __rt_lib_init_lc_collate_1               0x080001b1   Thumb Code     0  libinit2.o(.ARM.Collect$$libinit$$00000011)
    __rt_lib_init_lc_ctype_1                 0x080001b1   Thumb Code     0  libinit2.o(.ARM.Collect$$libinit$$00000013)
    __rt_lib_init_lc_monetary_1              0x080001b1   Thumb Code     0  libinit2.o(.ARM.Collect$$libinit$$00000015)
    __rt_lib_init_lc_numeric_1               0x080001b1   Thumb Code     0  libinit2.o(.ARM.Collect$$libinit$$00000017)
    __rt_lib_init_lc_time_1                  0x080001b1   Thumb Code     0  libinit2.o(.ARM.Collect$$libinit$$00000019)
    __rt_lib_init_preinit_1                  0x080001b1   Thumb Code     0  libinit2.o(.ARM.Collect$$libinit$$00000004)
    __rt_lib_init_rand_1                     0x080001b1   Thumb Code     0  libinit2.o(.ARM.Collect$$libinit$$0000000E)
    __rt_lib_init_return                     0x080001b1   Thumb Code     0  libinit2.o(.ARM.Collect$$libinit$$00000033)
    __rt_lib_init_signal_1                   0x080001b1   Thumb Code     0  libinit2.o(.ARM.Collect$$libinit$$0000001D)
    __rt_lib_init_stdio_1                    0x080001b1   Thumb Code     0  libinit2.o(.ARM.Collect$$libinit$$00000025)
    __rt_lib_init_user_alloc_1               0x080001b1   Thumb Code     0  libinit2.o(.ARM.Collect$$libinit$$0000000C)
    __rt_lib_shutdown                        0x080001b3   Thumb Code     0  libshutdown.o(.ARM.Collect$$libshutdown$$00000000)
    __rt_lib_shutdown_cpp_1                  0x080001b5   Thumb Code     0  libshutdown2.o(.ARM.Collect$$libshutdown$$00000004)
    __rt_lib_shutdown_fini_1                 0x080001b5   Thumb Code     0  libshutdown2.o(.ARM.Collect$$libshutdown$$00000002)
    __rt_lib_shutdown_fp_trap_1              0x080001b5   Thumb Code     0  libshutdown2.o(.ARM.Collect$$libshutdown$$00000009)
    __rt_lib_shutdown_heap_1                 0x080001b5   Thumb Code     0  libshutdown2.o(.ARM.Collect$$libshutdown$$00000011)
    __rt_lib_shutdown_return                 0x080001b5   Thumb Code     0  libshutdown2.o(.ARM.Collect$$libshutdown$$00000012)
    __rt_lib_shutdown_signal_1               0x080001b5   Thumb Code     0  libshutdown2.o(.ARM.Collect$$libshutdown$$0000000C)
    __rt_lib_shutdown_stdio_1                0x080001b5   Thumb Code     0  libshutdown2.o(.ARM.Collect$$libshutdown$$00000006)
    __rt_lib_shutdown_user_alloc_1           0x080001b5   Thumb Code     0  libshutdown2.o(.ARM.Collect$$libshutdown$$0000000E)
    __rt_entry                               0x080001b7   Thumb Code     0  __rtentry.o(.ARM.Collect$$rtentry$$00000000)
    __rt_entry_presh_1                       0x080001b7   Thumb Code     0  __rtentry2.o(.ARM.Collect$$rtentry$$00000002)
    __rt_entry_sh                            0x080001b7   Thumb Code     0  __rtentry4.o(.ARM.Collect$$rtentry$$00000004)
    __rt_entry_li                            0x080001bd   Thumb Code     0  __rtentry2.o(.ARM.Collect$$rtentry$$0000000A)
    __rt_entry_postsh_1                      0x080001bd   Thumb Code     0  __rtentry2.o(.ARM.Collect$$rtentry$$00000009)
    __rt_entry_main                          0x080001c1   Thumb Code     0  __rtentry2.o(.ARM.Collect$$rtentry$$0000000D)
    __rt_entry_postli_1                      0x080001c1   Thumb Code     0  __rtentry2.o(.ARM.Collect$$rtentry$$0000000C)
    __rt_exit                                0x080001c9   Thumb Code     0  rtexit.o(.ARM.Collect$$rtexit$$00000000)
    __rt_exit_ls                             0x080001cb   Thumb Code     0  rtexit2.o(.ARM.Collect$$rtexit$$00000003)
    __rt_exit_prels_1                        0x080001cb   Thumb Code     0  rtexit2.o(.ARM.Collect$$rtexit$$00000002)
    __rt_exit_exit                           0x080001cf   Thumb Code     0  rtexit2.o(.ARM.Collect$$rtexit$$00000004)
    Reset_Handler                            0x080001d5   Thumb Code     4  startup_stm32f10x_hd.o(.text)
    NMI_Handler                              0x080001d9   Thumb Code     2  startup_stm32f10x_hd.o(.text)
    HardFault_Handler                        0x080001db   Thumb Code     2  startup_stm32f10x_hd.o(.text)
    MemManage_Handler                        0x080001dd   Thumb Code     2  startup_stm32f10x_hd.o(.text)
    BusFault_Handler                         0x080001df   Thumb Code     2  startup_stm32f10x_hd.o(.text)
    UsageFault_Handler                       0x080001e1   Thumb Code     2  startup_stm32f10x_hd.o(.text)
    SVC_Handler                              0x080001e3   Thumb Code     2  startup_stm32f10x_hd.o(.text)
    DebugMon_Handler                         0x080001e5   Thumb Code     2  startup_stm32f10x_hd.o(.text)
    PendSV_Handler                           0x080001e7   Thumb Code     2  startup_stm32f10x_hd.o(.text)
    SysTick_Handler                          0x080001e9   Thumb Code     2  startup_stm32f10x_hd.o(.text)
    ADC1_2_IRQHandler                        0x080001eb   Thumb Code     0  startup_stm32f10x_hd.o(.text)
    ADC3_IRQHandler                          0x080001eb   Thumb Code     0  startup_stm32f10x_hd.o(.text)
    CAN1_RX1_IRQHandler                      0x080001eb   Thumb Code     0  startup_stm32f10x_hd.o(.text)
    CAN1_SCE_IRQHandler                      0x080001eb   Thumb Code     0  startup_stm32f10x_hd.o(.text)
    DMA1_Channel1_IRQHandler                 0x080001eb   Thumb Code     0  startup_stm32f10x_hd.o(.text)
    DMA1_Channel2_IRQHandler                 0x080001eb   Thumb Code     0  startup_stm32f10x_hd.o(.text)
    DMA1_Channel3_IRQHandler                 0x080001eb   Thumb Code     0  startup_stm32f10x_hd.o(.text)
    DMA1_Channel4_IRQHandler                 0x080001eb   Thumb Code     0  startup_stm32f10x_hd.o(.text)
    DMA1_Channel5_IRQHandler                 0x080001eb   Thumb Code     0  startup_stm32f10x_hd.o(.text)
    DMA1_Channel6_IRQHandler                 0x080001eb   Thumb Code     0  startup_stm32f10x_hd.o(.text)
    DMA1_Channel7_IRQHandler                 0x080001eb   Thumb Code     0  startup_stm32f10x_hd.o(.text)
    DMA2_Channel1_IRQHandler                 0x080001eb   Thumb Code     0  startup_stm32f10x_hd.o(.text)
    DMA2_Channel2_IRQHandler                 0x080001eb   Thumb Code     0  startup_stm32f10x_hd.o(.text)
    DMA2_Channel3_IRQHandler                 0x080001eb   Thumb Code     0  startup_stm32f10x_hd.o(.text)
    DMA2_Channel4_5_IRQHandler               0x080001eb   Thumb Code     0  startup_stm32f10x_hd.o(.text)
    EXTI2_IRQHandler                         0x080001eb   Thumb Code     0  startup_stm32f10x_hd.o(.text)
    EXTI3_IRQHandler                         0x080001eb   Thumb Code     0  startup_stm32f10x_hd.o(.text)
    EXTI4_IRQHandler                         0x080001eb   Thumb Code     0  startup_stm32f10x_hd.o(.text)
    EXTI9_5_IRQHandler                       0x080001eb   Thumb Code     0  startup_stm32f10x_hd.o(.text)
    FLASH_IRQHandler                         0x080001eb   Thumb Code     0  startup_stm32f10x_hd.o(.text)
    FSMC_IRQHandler                          0x080001eb   Thumb Code     0  startup_stm32f10x_hd.o(.text)
    I2C1_ER_IRQHandler                       0x080001eb   Thumb Code     0  startup_stm32f10x_hd.o(.text)
    I2C1_EV_IRQHandler                       0x080001eb   Thumb Code     0  startup_stm32f10x_hd.o(.text)
    I2C2_ER_IRQHandler                       0x080001eb   Thumb Code     0  startup_stm32f10x_hd.o(.text)
    I2C2_EV_IRQHandler                       0x080001eb   Thumb Code     0  startup_stm32f10x_hd.o(.text)
    PVD_IRQHandler                           0x080001eb   Thumb Code     0  startup_stm32f10x_hd.o(.text)
    RCC_IRQHandler                           0x080001eb   Thumb Code     0  startup_stm32f10x_hd.o(.text)
    RTCAlarm_IRQHandler                      0x080001eb   Thumb Code     0  startup_stm32f10x_hd.o(.text)
    RTC_IRQHandler                           0x080001eb   Thumb Code     0  startup_stm32f10x_hd.o(.text)
    SDIO_IRQHandler                          0x080001eb   Thumb Code     0  startup_stm32f10x_hd.o(.text)
    SPI1_IRQHandler                          0x080001eb   Thumb Code     0  startup_stm32f10x_hd.o(.text)
    SPI2_IRQHandler                          0x080001eb   Thumb Code     0  startup_stm32f10x_hd.o(.text)
    SPI3_IRQHandler                          0x080001eb   Thumb Code     0  startup_stm32f10x_hd.o(.text)
    TAMPER_IRQHandler                        0x080001eb   Thumb Code     0  startup_stm32f10x_hd.o(.text)
    TIM1_BRK_IRQHandler                      0x080001eb   Thumb Code     0  startup_stm32f10x_hd.o(.text)
    TIM1_CC_IRQHandler                       0x080001eb   Thumb Code     0  startup_stm32f10x_hd.o(.text)
    TIM1_TRG_COM_IRQHandler                  0x080001eb   Thumb Code     0  startup_stm32f10x_hd.o(.text)
    TIM1_UP_IRQHandler                       0x080001eb   Thumb Code     0  startup_stm32f10x_hd.o(.text)
    TIM3_IRQHandler                          0x080001eb   Thumb Code     0  startup_stm32f10x_hd.o(.text)
    TIM4_IRQHandler                          0x080001eb   Thumb Code     0  startup_stm32f10x_hd.o(.text)
    TIM5_IRQHandler                          0x080001eb   Thumb Code     0  startup_stm32f10x_hd.o(.text)
    TIM6_IRQHandler                          0x080001eb   Thumb Code     0  startup_stm32f10x_hd.o(.text)
    TIM7_IRQHandler                          0x080001eb   Thumb Code     0  startup_stm32f10x_hd.o(.text)
    TIM8_BRK_IRQHandler                      0x080001eb   Thumb Code     0  startup_stm32f10x_hd.o(.text)
    TIM8_CC_IRQHandler                       0x080001eb   Thumb Code     0  startup_stm32f10x_hd.o(.text)
    TIM8_TRG_COM_IRQHandler                  0x080001eb   Thumb Code     0  startup_stm32f10x_hd.o(.text)
    TIM8_UP_IRQHandler                       0x080001eb   Thumb Code     0  startup_stm32f10x_hd.o(.text)
    UART4_IRQHandler                         0x080001eb   Thumb Code     0  startup_stm32f10x_hd.o(.text)
    UART5_IRQHandler                         0x080001eb   Thumb Code     0  startup_stm32f10x_hd.o(.text)
    USART2_IRQHandler                        0x080001eb   Thumb Code     0  startup_stm32f10x_hd.o(.text)
    USART3_IRQHandler                        0x080001eb   Thumb Code     0  startup_stm32f10x_hd.o(.text)
    USBWakeUp_IRQHandler                     0x080001eb   Thumb Code     0  startup_stm32f10x_hd.o(.text)
    USB_HP_CAN1_TX_IRQHandler                0x080001eb   Thumb Code     0  startup_stm32f10x_hd.o(.text)
    USB_LP_CAN1_RX0_IRQHandler               0x080001eb   Thumb Code     0  startup_stm32f10x_hd.o(.text)
    WWDG_IRQHandler                          0x080001eb   Thumb Code     0  startup_stm32f10x_hd.o(.text)
    __user_initial_stackheap                 0x080001ed   Thumb Code     0  startup_stm32f10x_hd.o(.text)
    main                                     0x0800020d   Thumb Code   362  test.o(.text)
    UI_TimingMenu_Draw                       0x08000687   Thumb Code    82  ui_timing_menu.o(.text)
    UI_TimingMenu_SetMeasuring               0x080006d9   Thumb Code    10  ui_timing_menu.o(.text)
    UI_TimingMenu_GetSelected                0x080006e3   Thumb Code     6  ui_timing_menu.o(.text)
    UI_TimingMenu_Scan                       0x080006e9   Thumb Code   246  ui_timing_menu.o(.text)
    EXTI0_IRQHandler                         0x080009cb   Thumb Code    36  ui_timing_detail.o(.text)
    EXTI1_IRQHandler                         0x080009ef   Thumb Code    36  ui_timing_detail.o(.text)
    EXTI15_10_IRQHandler                     0x08000a13   Thumb Code    38  ui_timing_detail.o(.text)
    TIM2_IRQHandler                          0x08000a39   Thumb Code    30  ui_timing_detail.o(.text)
    UI_TimingDetail_Open                     0x08000e81   Thumb Code   116  ui_timing_detail.o(.text)
    UI_TimingDetail_Scan                     0x08000ef5   Thumb Code   580  ui_timing_detail.o(.text)
    UI_MechanicsMenu_Draw                    0x08001649   Thumb Code    82  ui_mechanics_menu.o(.text)
    UI_MechanicsMenu_SetMeasuring            0x0800169b   Thumb Code    10  ui_mechanics_menu.o(.text)
    UI_MechanicsMenu_GetSelected             0x080016a5   Thumb Code     6  ui_mechanics_menu.o(.text)
    UI_MechanicsMenu_Scan                    0x080016ab   Thumb Code   246  ui_mechanics_menu.o(.text)
    UI_SignalMenu_Draw                       0x080019b3   Thumb Code    70  ui_signal_menu.o(.text)
    UI_SignalMenu_SetOutput                  0x080019f9   Thumb Code    10  ui_signal_menu.o(.text)
    UI_SignalMenu_GetSelected                0x08001a03   Thumb Code     4  ui_signal_menu.o(.text)
    UI_SignalMenu_Scan                       0x08001a07   Thumb Code   192  ui_signal_menu.o(.text)
    UI_SignalDetail_Open                     0x08001dcd   Thumb Code    64  ui_signal_detail.o(.text)
    UI_SignalDetail_Scan                     0x08001e0d   Thumb Code   202  ui_signal_detail.o(.text)
    UI_SettingsMenu_Draw                     0x080021cb   Thumb Code    74  ui_settings_menu.o(.text)
    UI_SettingsMenu_GetSelected              0x08002215   Thumb Code     4  ui_settings_menu.o(.text)
    UI_SettingsMenu_Scan                     0x08002219   Thumb Code   192  ui_settings_menu.o(.text)
    UI_SettingsDetail_Open                   0x08002733   Thumb Code    68  ui_settings_detail.o(.text)
    UI_SettingsDetail_Scan                   0x08002777   Thumb Code   182  ui_settings_detail.o(.text)
    __use_no_semihosting                     0x080028c9   Thumb Code     2  use_no_semi_2.o(.text)
    __2snprintf                              0x080028cd   Thumb Code    48  noretval__2snprintf.o(.text)
    _printf_pre_padding                      0x08002901   Thumb Code    44  _printf_pad.o(.text)
    _printf_post_padding                     0x0800292d   Thumb Code    34  _printf_pad.o(.text)
    _printf_int_dec                          0x08002951   Thumb Code   104  _printf_dec.o(.text)
    __printf                                 0x080029c9   Thumb Code   388  __printf_flags_ss_wp.o(.text)
    strcpy                                   0x08002b51   Thumb Code    72  strcpy.o(.text)
    strlen                                   0x08002b99   Thumb Code    62  strlen.o(.text)
    __aeabi_memclr4                          0x08002bd7   Thumb Code     0  rt_memclr_w.o(.text)
    __aeabi_memclr8                          0x08002bd7   Thumb Code     0  rt_memclr_w.o(.text)
    __rt_memclr_w                            0x08002bd7   Thumb Code    78  rt_memclr_w.o(.text)
    _memset_w                                0x08002bdb   Thumb Code     0  rt_memclr_w.o(.text)
    __use_two_region_memory                  0x08002c25   Thumb Code     2  heapauxi.o(.text)
    __rt_heap_escrow$2region                 0x08002c27   Thumb Code     2  heapauxi.o(.text)
    __rt_heap_expand$2region                 0x08002c29   Thumb Code     2  heapauxi.o(.text)
    __I$use$semihosting                      0x08002c2b   Thumb Code     0  use_no_semi.o(.text)
    __use_no_semihosting_swi                 0x08002c2b   Thumb Code     2  use_no_semi.o(.text)
    __read_errno                             0x08002c2d   Thumb Code    10  _rserrno.o(.text)
    __set_errno                              0x08002c37   Thumb Code    12  _rserrno.o(.text)
    _printf_int_common                       0x08002c43   Thumb Code   178  _printf_intcommon.o(.text)
    _printf_char_common                      0x08002cff   Thumb Code    32  _printf_char_common.o(.text)
    _sputc                                   0x08002d25   Thumb Code    10  _sputc.o(.text)
    _snputc                                  0x08002d2f   Thumb Code    16  _snputc.o(.text)
    __aeabi_errno_addr                       0x08002d41   Thumb Code     8  rt_errno_addr_intlibspace.o(.text)
    __errno$intlibspace                      0x08002d41   Thumb Code     0  rt_errno_addr_intlibspace.o(.text)
    __rt_errno_addr$intlibspace              0x08002d41   Thumb Code     0  rt_errno_addr_intlibspace.o(.text)
    __user_libspace                          0x08002d49   Thumb Code     8  libspace.o(.text)
    __user_perproc_libspace                  0x08002d49   Thumb Code     0  libspace.o(.text)
    __user_perthread_libspace                0x08002d49   Thumb Code     0  libspace.o(.text)
    __user_setup_stackheap                   0x08002d51   Thumb Code    74  sys_stackheap_outer.o(.text)
    exit                                     0x08002d9b   Thumb Code    18  exit.o(.text)
    CT_Delay                                 0x08002dad   Thumb Code    10  ctiic.o(i.CT_Delay)
    CT_IIC_Ack                               0x08002db9   Thumb Code    66  ctiic.o(i.CT_IIC_Ack)
    CT_IIC_Init                              0x08002e09   Thumb Code    64  ctiic.o(i.CT_IIC_Init)
    CT_IIC_NAck                              0x08002e55   Thumb Code    66  ctiic.o(i.CT_IIC_NAck)
    CT_IIC_Read_Byte                         0x08002ea5   Thumb Code    96  ctiic.o(i.CT_IIC_Read_Byte)
    CT_IIC_Send_Byte                         0x08002f11   Thumb Code    84  ctiic.o(i.CT_IIC_Send_Byte)
    CT_IIC_Start                             0x08002f71   Thumb Code    62  ctiic.o(i.CT_IIC_Start)
    CT_IIC_Stop                              0x08002fbd   Thumb Code    58  ctiic.o(i.CT_IIC_Stop)
    CT_IIC_Wait_Ack                          0x08003005   Thumb Code    84  ctiic.o(i.CT_IIC_Wait_Ack)
    FT6336_Init                              0x08003065   Thumb Code    36  ctp.o(i.FT6336_Init)
    FT6336_RD_Reg                            0x08003091   Thumb Code    88  ctp.o(i.FT6336_RD_Reg)
    FT6336_Scan                              0x080030e9   Thumb Code   394  ctp.o(i.FT6336_Scan)
    GUI_DrawFont16                           0x08003281   Thumb Code   234  lcd.o(i.GUI_DrawFont16)
    GUI_DrawFont24                           0x0800337d   Thumb Code   250  lcd.o(i.GUI_DrawFont24)
    GUI_DrawFont32                           0x08003489   Thumb Code   234  lcd.o(i.GUI_DrawFont32)
    INTX_DISABLE                             0x08003585   Thumb Code     4  sys.o(i.INTX_DISABLE)
    INTX_ENABLE                              0x08003589   Thumb Code     4  sys.o(i.INTX_ENABLE)
    JTAG_Set                                 0x0800358d   Thumb Code    38  sys.o(i.JTAG_Set)
    LCD_Clear                                0x080035bd   Thumb Code    44  lcd.o(i.LCD_Clear)
    LCD_Display_Dir                          0x080035ed   Thumb Code   228  lcd.o(i.LCD_Display_Dir)
    LCD_DrawLine                             0x080036d5   Thumb Code   176  lcd.o(i.LCD_DrawLine)
    LCD_DrawPoint                            0x08003785   Thumb Code    28  lcd.o(i.LCD_DrawPoint)
    LCD_Draw_Circle                          0x080037a5   Thumb Code   152  lcd.o(i.LCD_Draw_Circle)
    LCD_Fast_DrawPoint                       0x0800383d   Thumb Code    28  lcd.o(i.LCD_Fast_DrawPoint)
    LCD_Fill                                 0x0800385d   Thumb Code   178  lcd.o(i.LCD_Fill)
    LCD_Init                                 0x08003915   Thumb Code   588  lcd.o(i.LCD_Init)
    LCD_Pow                                  0x08003b79   Thumb Code    22  lcd.o(i.LCD_Pow)
    LCD_SetCursor                            0x08003b91   Thumb Code    48  lcd.o(i.LCD_SetCursor)
    LCD_Set_Window                           0x08003bc5   Thumb Code    96  lcd.o(i.LCD_Set_Window)
    LCD_ShowChar                             0x08003c29   Thumb Code   272  lcd.o(i.LCD_ShowChar)
    LCD_ShowNum                              0x08003d51   Thumb Code   148  lcd.o(i.LCD_ShowNum)
    LCD_ShowString                           0x08003de5   Thumb Code   102  lcd.o(i.LCD_ShowString)
    LCD_WR_DATA                              0x08003e4d   Thumb Code    78  lcd.o(i.LCD_WR_DATA)
    LCD_WR_REG                               0x08003ea5   Thumb Code    78  lcd.o(i.LCD_WR_REG)
    LCD_WriteRAM                             0x08003efd   Thumb Code    12  lcd.o(i.LCD_WriteRAM)
    LCD_WriteRAM_Prepare                     0x08003f09   Thumb Code    12  lcd.o(i.LCD_WriteRAM_Prepare)
    LCD_WriteReg                             0x08003f19   Thumb Code    20  lcd.o(i.LCD_WriteReg)
    MYRCC_DeInit                             0x08003f2d   Thumb Code    90  sys.o(i.MYRCC_DeInit)
    MY_NVIC_Init                             0x08003f95   Thumb Code   116  sys.o(i.MY_NVIC_Init)
    MY_NVIC_PriorityGroupConfig              0x0800400d   Thumb Code    32  sys.o(i.MY_NVIC_PriorityGroupConfig)
    MY_NVIC_SetVectorTable                   0x08004035   Thumb Code    12  sys.o(i.MY_NVIC_SetVectorTable)
    Show_Str                                 0x08004049   Thumb Code   238  lcd.o(i.Show_Str)
    Stm32_Clock_Init                         0x0800413d   Thumb Code   134  sys.o(i.Stm32_Clock_Init)
    TP_Adj_Info_Show                         0x080041cd   Thumb Code   374  touch.o(i.TP_Adj_Info_Show)
    TP_Adjust                                0x08004375   Thumb Code  2054  touch.o(i.TP_Adjust)
    TP_Drow_Touch_Point                      0x08004bcd   Thumb Code   108  touch.o(i.TP_Drow_Touch_Point)
    TP_Init                                  0x08004d15   Thumb Code   180  touch.o(i.TP_Init)
    TP_Read_AD                               0x08004ded   Thumb Code   136  touch.o(i.TP_Read_AD)
    TP_Read_XOY                              0x08004e7d   Thumb Code   120  touch.o(i.TP_Read_XOY)
    TP_Read_XY                               0x08004ef5   Thumb Code    38  touch.o(i.TP_Read_XY)
    TP_Read_XY2                              0x08004f25   Thumb Code   192  touch.o(i.TP_Read_XY2)
    TP_Save_Adjdata                          0x08004fe5   Thumb Code   220  touch.o(i.TP_Save_Adjdata)
    TP_Scan                                  0x080050cd   Thumb Code   262  touch.o(i.TP_Scan)
    TP_Write_Byte                            0x080051dd   Thumb Code    66  touch.o(i.TP_Write_Byte)
    UI_Main_Draw                             0x08005229   Thumb Code    72  ui_main.o(i.UI_Main_Draw)
    UI_Main_Scan                             0x08005271   Thumb Code   164  ui_main.o(i.UI_Main_Scan)
    UI_MechanicsDetail_Open                  0x0800531d   Thumb Code   102  ui_mechanics_detail.o(i.UI_MechanicsDetail_Open)
    UI_MechanicsDetail_Scan                  0x08005389   Thumb Code   266  ui_mechanics_detail.o(i.UI_MechanicsDetail_Scan)
    USART1_IRQHandler                        0x080054a1   Thumb Code   118  usart.o(i.USART1_IRQHandler)
    _is_digit                                0x08005525   Thumb Code    14  __printf_wp.o(i._is_digit)
    _sys_exit                                0x08005533   Thumb Code     6  usart.o(i._sys_exit)
    delay_init                               0x08005619   Thumb Code    56  delay.o(i.delay_init)
    delay_ms                                 0x08005659   Thumb Code    56  delay.o(i.delay_ms)
    delay_us                                 0x08005695   Thumb Code    56  delay.o(i.delay_us)
    gui_draw_hline                           0x0800641d   Thumb Code    36  lcd.o(i.gui_draw_hline)
    gui_fill_circle                          0x08006441   Thumb Code   176  lcd.o(i.gui_fill_circle)
    lcd_draw_bline                           0x08006629   Thumb Code   212  lcd.o(i.lcd_draw_bline)
    sqrt                                     0x08006719   Thumb Code    76  sqrt.o(i.sqrt)
    __fpl_dcmp_Inf                           0x08006789   Thumb Code    24  dcmpi.o(x$fpl$dcmpinf)
    __aeabi_d2uiz                            0x080067a1   Thumb Code     0  dfixu.o(x$fpl$dfixu)
    _dfixu                                   0x080067a1   Thumb Code    90  dfixu.o(x$fpl$dfixu)
    __aeabi_ui2d                             0x080067fb   Thumb Code     0  dflt_clz.o(x$fpl$dfltu)
    _dfltu                                   0x080067fb   Thumb Code    38  dflt_clz.o(x$fpl$dfltu)
    __aeabi_cdcmple                          0x08006821   Thumb Code     0  dleqf.o(x$fpl$dleqf)
    _dcmple                                  0x08006821   Thumb Code   120  dleqf.o(x$fpl$dleqf)
    __fpl_dcmple_InfNaN                      0x08006883   Thumb Code     0  dleqf.o(x$fpl$dleqf)
    __aeabi_dmul                             0x08006899   Thumb Code     0  dmul.o(x$fpl$dmul)
    _dmul                                    0x08006899   Thumb Code   332  dmul.o(x$fpl$dmul)
    __fpl_dnaninf                            0x080069ed   Thumb Code   156  dnaninf.o(x$fpl$dnaninf)
    __fpl_dretinf                            0x08006a89   Thumb Code    12  dretinf.o(x$fpl$dretinf)
    __aeabi_cdrcmple                         0x08006a95   Thumb Code     0  drleqf.o(x$fpl$drleqf)
    _drcmple                                 0x08006a95   Thumb Code   108  drleqf.o(x$fpl$drleqf)
    _dsqrt                                   0x08006b01   Thumb Code   456  dsqrt_noumaal.o(x$fpl$dsqrt)
    __aeabi_f2d                              0x08006ccd   Thumb Code     0  f2d.o(x$fpl$f2d)
    _f2d                                     0x08006ccd   Thumb Code    86  f2d.o(x$fpl$f2d)
    __aeabi_fadd                             0x08006d25   Thumb Code     0  faddsub_clz.o(x$fpl$fadd)
    _fadd                                    0x08006d25   Thumb Code   196  faddsub_clz.o(x$fpl$fadd)
    __aeabi_fdiv                             0x08006de9   Thumb Code     0  fdiv.o(x$fpl$fdiv)
    _fdiv                                    0x08006de9   Thumb Code   384  fdiv.o(x$fpl$fdiv)
    __aeabi_f2iz                             0x08006f6d   Thumb Code     0  ffix.o(x$fpl$ffix)
    _ffix                                    0x08006f6d   Thumb Code    54  ffix.o(x$fpl$ffix)
    __aeabi_f2uiz                            0x08006fa5   Thumb Code     0  ffixu.o(x$fpl$ffixu)
    _ffixu                                   0x08006fa5   Thumb Code    62  ffixu.o(x$fpl$ffixu)
    __aeabi_i2f                              0x08006fe5   Thumb Code     0  fflt_clz.o(x$fpl$fflt)
    _fflt                                    0x08006fe5   Thumb Code    48  fflt_clz.o(x$fpl$fflt)
    __aeabi_ui2f                             0x08007015   Thumb Code     0  fflt_clz.o(x$fpl$ffltu)
    _ffltu                                   0x08007015   Thumb Code    38  fflt_clz.o(x$fpl$ffltu)
    __aeabi_fmul                             0x0800703d   Thumb Code     0  fmul.o(x$fpl$fmul)
    _fmul                                    0x0800703d   Thumb Code   258  fmul.o(x$fpl$fmul)
    __fpl_fnaninf                            0x0800713f   Thumb Code   140  fnaninf.o(x$fpl$fnaninf)
    __fpl_fretinf                            0x080071cb   Thumb Code    10  fretinf.o(x$fpl$fretinf)
    __aeabi_fsub                             0x080071d5   Thumb Code     0  faddsub_clz.o(x$fpl$fsub)
    _fsub                                    0x080071d5   Thumb Code   234  faddsub_clz.o(x$fpl$fsub)
    __I$use$fp                               0x080072be   Number         0  usenofp.o(x$fpl$usenofp)
    asc2_1206                                0x080072be   Data        1140  lcd.o(.constdata)
    asc2_1608                                0x08007732   Data        1520  lcd.o(.constdata)
    asc2_2412                                0x08007d22   Data        3420  lcd.o(.constdata)
    tfont16                                  0x08008a7e   Data        5950  lcd.o(.constdata)
    tfont24                                  0x0800a1bc   Data         444  lcd.o(.constdata)
    tfont32                                  0x0800a378   Data        1040  lcd.o(.constdata)
    FT5206_TPX_TBL                           0x0800a788   Data          10  ctp.o(.constdata)
    TP_REMIND_MSG_TBL                        0x0800a794   Data           4  touch.o(.constdata)
    Region$$Table$$Base                      0x0800adb8   Number         0  anon$$obj.o(Region$$Table)
    Region$$Table$$Limit                     0x0800add8   Number         0  anon$$obj.o(Region$$Table)
    __stdout                                 0x20000004   Data           4  usart.o(.data)
    USART_RX_STA                             0x20000008   Data           2  usart.o(.data)
    POINT_COLOR                              0x2000000a   Data           2  lcd.o(.data)
    BACK_COLOR                               0x2000000c   Data           2  lcd.o(.data)
    tp_dev                                   0x20000010   Data          52  touch.o(.data)
    CMD_RDX                                  0x20000044   Data           1  touch.o(.data)
    CMD_RDY                                  0x20000045   Data           1  touch.o(.data)
    USART_RX_BUF                             0x20000064   Data         200  usart.o(.bss)
    lcddev                                   0x2000012c   Data          14  lcd.o(.bss)
    __libspace_start                         0x200002e4   Data          96  libspace.o(.bss)
    __temporary_stack_top$libspace           0x20000344   Data           0  libspace.o(.bss)



==============================================================================

Memory Map of the image

  Image Entry point : 0x08000131

  Load Region LR_IROM1 (Base: 0x08000000, Size: 0x0000ae3c, Max: 0x00010000, ABSOLUTE)

    Execution Region ER_IROM1 (Exec base: 0x08000000, Load base: 0x08000000, Size: 0x0000add8, Max: 0x00010000, ABSOLUTE)

    Exec Addr    Load Addr    Size         Type   Attr      Idx    E Section Name        Object

    0x08000000   0x08000000   0x00000130   Data   RO            3    RESET               startup_stm32f10x_hd.o
    0x08000130   0x08000130   0x00000008   Code   RO         1107  * !!!main             c_w.l(__main.o)
    0x08000138   0x08000138   0x00000034   Code   RO         1353    !!!scatter          c_w.l(__scatter.o)
    0x0800016c   0x0800016c   0x0000001a   Code   RO         1355    !!handler_copy      c_w.l(__scatter_copy.o)
    0x08000186   0x08000186   0x00000002   PAD
    0x08000188   0x08000188   0x0000001c   Code   RO         1357    !!handler_zi        c_w.l(__scatter_zi.o)
    0x080001a4   0x080001a4   0x00000000   Code   RO         1096    .ARM.Collect$$_printf_percent$$00000000  c_w.l(_printf_percent.o)
    0x080001a4   0x080001a4   0x00000006   Code   RO         1095    .ARM.Collect$$_printf_percent$$0000000A  c_w.l(_printf_u.o)
    0x080001aa   0x080001aa   0x00000004   Code   RO         1178    .ARM.Collect$$_printf_percent$$00000017  c_w.l(_printf_percent_end.o)
    0x080001ae   0x080001ae   0x00000002   Code   RO         1228    .ARM.Collect$$libinit$$00000000  c_w.l(libinit.o)
    0x080001b0   0x080001b0   0x00000000   Code   RO         1232    .ARM.Collect$$libinit$$00000002  c_w.l(libinit2.o)
    0x080001b0   0x080001b0   0x00000000   Code   RO         1234    .ARM.Collect$$libinit$$00000004  c_w.l(libinit2.o)
    0x080001b0   0x080001b0   0x00000000   Code   RO         1237    .ARM.Collect$$libinit$$0000000A  c_w.l(libinit2.o)
    0x080001b0   0x080001b0   0x00000000   Code   RO         1239    .ARM.Collect$$libinit$$0000000C  c_w.l(libinit2.o)
    0x080001b0   0x080001b0   0x00000000   Code   RO         1241    .ARM.Collect$$libinit$$0000000E  c_w.l(libinit2.o)
    0x080001b0   0x080001b0   0x00000000   Code   RO         1244    .ARM.Collect$$libinit$$00000011  c_w.l(libinit2.o)
    0x080001b0   0x080001b0   0x00000000   Code   RO         1246    .ARM.Collect$$libinit$$00000013  c_w.l(libinit2.o)
    0x080001b0   0x080001b0   0x00000000   Code   RO         1248    .ARM.Collect$$libinit$$00000015  c_w.l(libinit2.o)
    0x080001b0   0x080001b0   0x00000000   Code   RO         1250    .ARM.Collect$$libinit$$00000017  c_w.l(libinit2.o)
    0x080001b0   0x080001b0   0x00000000   Code   RO         1252    .ARM.Collect$$libinit$$00000019  c_w.l(libinit2.o)
    0x080001b0   0x080001b0   0x00000000   Code   RO         1254    .ARM.Collect$$libinit$$0000001B  c_w.l(libinit2.o)
    0x080001b0   0x080001b0   0x00000000   Code   RO         1256    .ARM.Collect$$libinit$$0000001D  c_w.l(libinit2.o)
    0x080001b0   0x080001b0   0x00000000   Code   RO         1258    .ARM.Collect$$libinit$$0000001F  c_w.l(libinit2.o)
    0x080001b0   0x080001b0   0x00000000   Code   RO         1260    .ARM.Collect$$libinit$$00000021  c_w.l(libinit2.o)
    0x080001b0   0x080001b0   0x00000000   Code   RO         1262    .ARM.Collect$$libinit$$00000023  c_w.l(libinit2.o)
    0x080001b0   0x080001b0   0x00000000   Code   RO         1264    .ARM.Collect$$libinit$$00000025  c_w.l(libinit2.o)
    0x080001b0   0x080001b0   0x00000000   Code   RO         1268    .ARM.Collect$$libinit$$0000002C  c_w.l(libinit2.o)
    0x080001b0   0x080001b0   0x00000000   Code   RO         1270    .ARM.Collect$$libinit$$0000002E  c_w.l(libinit2.o)
    0x080001b0   0x080001b0   0x00000000   Code   RO         1272    .ARM.Collect$$libinit$$00000030  c_w.l(libinit2.o)
    0x080001b0   0x080001b0   0x00000000   Code   RO         1274    .ARM.Collect$$libinit$$00000032  c_w.l(libinit2.o)
    0x080001b0   0x080001b0   0x00000002   Code   RO         1275    .ARM.Collect$$libinit$$00000033  c_w.l(libinit2.o)
    0x080001b2   0x080001b2   0x00000002   Code   RO         1293    .ARM.Collect$$libshutdown$$00000000  c_w.l(libshutdown.o)
    0x080001b4   0x080001b4   0x00000000   Code   RO         1303    .ARM.Collect$$libshutdown$$00000002  c_w.l(libshutdown2.o)
    0x080001b4   0x080001b4   0x00000000   Code   RO         1305    .ARM.Collect$$libshutdown$$00000004  c_w.l(libshutdown2.o)
    0x080001b4   0x080001b4   0x00000000   Code   RO         1307    .ARM.Collect$$libshutdown$$00000006  c_w.l(libshutdown2.o)
    0x080001b4   0x080001b4   0x00000000   Code   RO         1310    .ARM.Collect$$libshutdown$$00000009  c_w.l(libshutdown2.o)
    0x080001b4   0x080001b4   0x00000000   Code   RO         1313    .ARM.Collect$$libshutdown$$0000000C  c_w.l(libshutdown2.o)
    0x080001b4   0x080001b4   0x00000000   Code   RO         1315    .ARM.Collect$$libshutdown$$0000000E  c_w.l(libshutdown2.o)
    0x080001b4   0x080001b4   0x00000000   Code   RO         1318    .ARM.Collect$$libshutdown$$00000011  c_w.l(libshutdown2.o)
    0x080001b4   0x080001b4   0x00000002   Code   RO         1319    .ARM.Collect$$libshutdown$$00000012  c_w.l(libshutdown2.o)
    0x080001b6   0x080001b6   0x00000000   Code   RO         1167    .ARM.Collect$$rtentry$$00000000  c_w.l(__rtentry.o)
    0x080001b6   0x080001b6   0x00000000   Code   RO         1195    .ARM.Collect$$rtentry$$00000002  c_w.l(__rtentry2.o)
    0x080001b6   0x080001b6   0x00000006   Code   RO         1207    .ARM.Collect$$rtentry$$00000004  c_w.l(__rtentry4.o)
    0x080001bc   0x080001bc   0x00000000   Code   RO         1197    .ARM.Collect$$rtentry$$00000009  c_w.l(__rtentry2.o)
    0x080001bc   0x080001bc   0x00000004   Code   RO         1198    .ARM.Collect$$rtentry$$0000000A  c_w.l(__rtentry2.o)
    0x080001c0   0x080001c0   0x00000000   Code   RO         1200    .ARM.Collect$$rtentry$$0000000C  c_w.l(__rtentry2.o)
    0x080001c0   0x080001c0   0x00000008   Code   RO         1201    .ARM.Collect$$rtentry$$0000000D  c_w.l(__rtentry2.o)
    0x080001c8   0x080001c8   0x00000002   Code   RO         1229    .ARM.Collect$$rtexit$$00000000  c_w.l(rtexit.o)
    0x080001ca   0x080001ca   0x00000000   Code   RO         1277    .ARM.Collect$$rtexit$$00000002  c_w.l(rtexit2.o)
    0x080001ca   0x080001ca   0x00000004   Code   RO         1278    .ARM.Collect$$rtexit$$00000003  c_w.l(rtexit2.o)
    0x080001ce   0x080001ce   0x00000006   Code   RO         1279    .ARM.Collect$$rtexit$$00000004  c_w.l(rtexit2.o)
    0x080001d4   0x080001d4   0x00000038   Code   RO            4    .text               startup_stm32f10x_hd.o
    0x0800020c   0x0800020c   0x00000214   Code   RO           10    .text               test.o
    0x08000420   0x08000420   0x000003fc   Code   RO          880    .text               ui_timing_menu.o
    0x0800081c   0x0800081c   0x00000bbc   Code   RO          885    .text               ui_timing_detail.o
    0x080013d8   0x080013d8   0x00000408   Code   RO          891    .text               ui_mechanics_menu.o
    0x080017e0   0x080017e0   0x00000394   Code   RO         1015    .text               ui_signal_menu.o
    0x08001b74   0x08001b74   0x000003c4   Code   RO         1020    .text               ui_signal_detail.o
    0x08001f38   0x08001f38   0x0000057c   Code   RO         1025    .text               ui_settings_menu.o
    0x080024b4   0x080024b4   0x00000414   Code   RO         1030    .text               ui_settings_detail.o
    0x080028c8   0x080028c8   0x00000002   Code   RO         1037    .text               c_w.l(use_no_semi_2.o)
    0x080028ca   0x080028ca   0x00000002   PAD
    0x080028cc   0x080028cc   0x00000034   Code   RO         1045    .text               c_w.l(noretval__2snprintf.o)
    0x08002900   0x08002900   0x0000004e   Code   RO         1049    .text               c_w.l(_printf_pad.o)
    0x0800294e   0x0800294e   0x00000002   PAD
    0x08002950   0x08002950   0x00000078   Code   RO         1051    .text               c_w.l(_printf_dec.o)
    0x080029c8   0x080029c8   0x00000188   Code   RO         1091    .text               c_w.l(__printf_flags_ss_wp.o)
    0x08002b50   0x08002b50   0x00000048   Code   RO         1097    .text               c_w.l(strcpy.o)
    0x08002b98   0x08002b98   0x0000003e   Code   RO         1099    .text               c_w.l(strlen.o)
    0x08002bd6   0x08002bd6   0x0000004e   Code   RO         1103    .text               c_w.l(rt_memclr_w.o)
    0x08002c24   0x08002c24   0x00000006   Code   RO         1105    .text               c_w.l(heapauxi.o)
    0x08002c2a   0x08002c2a   0x00000002   Code   RO         1165    .text               c_w.l(use_no_semi.o)
    0x08002c2c   0x08002c2c   0x00000016   Code   RO         1168    .text               c_w.l(_rserrno.o)
    0x08002c42   0x08002c42   0x000000b2   Code   RO         1170    .text               c_w.l(_printf_intcommon.o)
    0x08002cf4   0x08002cf4   0x00000030   Code   RO         1172    .text               c_w.l(_printf_char_common.o)
    0x08002d24   0x08002d24   0x0000000a   Code   RO         1174    .text               c_w.l(_sputc.o)
    0x08002d2e   0x08002d2e   0x00000010   Code   RO         1176    .text               c_w.l(_snputc.o)
    0x08002d3e   0x08002d3e   0x00000002   PAD
    0x08002d40   0x08002d40   0x00000008   Code   RO         1212    .text               c_w.l(rt_errno_addr_intlibspace.o)
    0x08002d48   0x08002d48   0x00000008   Code   RO         1216    .text               c_w.l(libspace.o)
    0x08002d50   0x08002d50   0x0000004a   Code   RO         1219    .text               c_w.l(sys_stackheap_outer.o)
    0x08002d9a   0x08002d9a   0x00000012   Code   RO         1221    .text               c_w.l(exit.o)
    0x08002dac   0x08002dac   0x0000000a   Code   RO          502    i.CT_Delay          ctiic.o
    0x08002db6   0x08002db6   0x00000002   PAD
    0x08002db8   0x08002db8   0x00000050   Code   RO          503    i.CT_IIC_Ack        ctiic.o
    0x08002e08   0x08002e08   0x0000004c   Code   RO          504    i.CT_IIC_Init       ctiic.o
    0x08002e54   0x08002e54   0x00000050   Code   RO          505    i.CT_IIC_NAck       ctiic.o
    0x08002ea4   0x08002ea4   0x0000006c   Code   RO          506    i.CT_IIC_Read_Byte  ctiic.o
    0x08002f10   0x08002f10   0x00000060   Code   RO          507    i.CT_IIC_Send_Byte  ctiic.o
    0x08002f70   0x08002f70   0x0000004c   Code   RO          508    i.CT_IIC_Start      ctiic.o
    0x08002fbc   0x08002fbc   0x00000048   Code   RO          509    i.CT_IIC_Stop       ctiic.o
    0x08003004   0x08003004   0x00000060   Code   RO          510    i.CT_IIC_Wait_Ack   ctiic.o
    0x08003064   0x08003064   0x0000002c   Code   RO          451    i.FT6336_Init       ctp.o
    0x08003090   0x08003090   0x00000058   Code   RO          452    i.FT6336_RD_Reg     ctp.o
    0x080030e8   0x080030e8   0x00000198   Code   RO          453    i.FT6336_Scan       ctp.o
    0x08003280   0x08003280   0x000000fc   Code   RO          182    i.GUI_DrawFont16    lcd.o
    0x0800337c   0x0800337c   0x0000010c   Code   RO          183    i.GUI_DrawFont24    lcd.o
    0x08003488   0x08003488   0x000000fc   Code   RO          184    i.GUI_DrawFont32    lcd.o
    0x08003584   0x08003584   0x00000004   Code   RO           61    i.INTX_DISABLE      sys.o
    0x08003588   0x08003588   0x00000004   Code   RO           62    i.INTX_ENABLE       sys.o
    0x0800358c   0x0800358c   0x00000030   Code   RO           63    i.JTAG_Set          sys.o
    0x080035bc   0x080035bc   0x00000030   Code   RO          187    i.LCD_Clear         lcd.o
    0x080035ec   0x080035ec   0x000000e8   Code   RO          191    i.LCD_Display_Dir   lcd.o
    0x080036d4   0x080036d4   0x000000b0   Code   RO          192    i.LCD_DrawLine      lcd.o
    0x08003784   0x08003784   0x00000020   Code   RO          193    i.LCD_DrawPoint     lcd.o
    0x080037a4   0x080037a4   0x00000098   Code   RO          195    i.LCD_Draw_Circle   lcd.o
    0x0800383c   0x0800383c   0x00000020   Code   RO          196    i.LCD_Fast_DrawPoint  lcd.o
    0x0800385c   0x0800385c   0x000000b8   Code   RO          197    i.LCD_Fill          lcd.o
    0x08003914   0x08003914   0x00000264   Code   RO          198    i.LCD_Init          lcd.o
    0x08003b78   0x08003b78   0x00000016   Code   RO          199    i.LCD_Pow           lcd.o
    0x08003b8e   0x08003b8e   0x00000002   PAD
    0x08003b90   0x08003b90   0x00000034   Code   RO          203    i.LCD_SetCursor     lcd.o
    0x08003bc4   0x08003bc4   0x00000064   Code   RO          204    i.LCD_Set_Window    lcd.o
    0x08003c28   0x08003c28   0x00000128   Code   RO          205    i.LCD_ShowChar      lcd.o
    0x08003d50   0x08003d50   0x00000094   Code   RO          206    i.LCD_ShowNum       lcd.o
    0x08003de4   0x08003de4   0x00000066   Code   RO          207    i.LCD_ShowString    lcd.o
    0x08003e4a   0x08003e4a   0x00000002   PAD
    0x08003e4c   0x08003e4c   0x00000058   Code   RO          209    i.LCD_WR_DATA       lcd.o
    0x08003ea4   0x08003ea4   0x00000058   Code   RO          210    i.LCD_WR_REG        lcd.o
    0x08003efc   0x08003efc   0x0000000c   Code   RO          211    i.LCD_WriteRAM      lcd.o
    0x08003f08   0x08003f08   0x00000010   Code   RO          212    i.LCD_WriteRAM_Prepare  lcd.o
    0x08003f18   0x08003f18   0x00000014   Code   RO          213    i.LCD_WriteReg      lcd.o
    0x08003f2c   0x08003f2c   0x00000068   Code   RO           64    i.MYRCC_DeInit      sys.o
    0x08003f94   0x08003f94   0x00000078   Code   RO           65    i.MY_NVIC_Init      sys.o
    0x0800400c   0x0800400c   0x00000028   Code   RO           66    i.MY_NVIC_PriorityGroupConfig  sys.o
    0x08004034   0x08004034   0x00000014   Code   RO           67    i.MY_NVIC_SetVectorTable  sys.o
    0x08004048   0x08004048   0x000000f4   Code   RO          215    i.Show_Str          lcd.o
    0x0800413c   0x0800413c   0x00000090   Code   RO           68    i.Stm32_Clock_Init  sys.o
    0x080041cc   0x080041cc   0x000001a8   Code   RO          562    i.TP_Adj_Info_Show  touch.o
    0x08004374   0x08004374   0x00000858   Code   RO          563    i.TP_Adjust         touch.o
    0x08004bcc   0x08004bcc   0x00000070   Code   RO          565    i.TP_Drow_Touch_Point  touch.o
    0x08004c3c   0x08004c3c   0x00000014   Code   RO          566    i.TP_Flash_ClearStatus  touch.o
    0x08004c50   0x08004c50   0x00000040   Code   RO          567    i.TP_Flash_ErasePage  touch.o
    0x08004c90   0x08004c90   0x00000014   Code   RO          568    i.TP_Flash_Lock     touch.o
    0x08004ca4   0x08004ca4   0x00000038   Code   RO          569    i.TP_Flash_ProgramHalfWord  touch.o
    0x08004cdc   0x08004cdc   0x00000024   Code   RO          570    i.TP_Flash_Unlock   touch.o
    0x08004d00   0x08004d00   0x00000014   Code   RO          571    i.TP_Flash_WaitDone  touch.o
    0x08004d14   0x08004d14   0x000000d8   Code   RO          573    i.TP_Init           touch.o
    0x08004dec   0x08004dec   0x00000090   Code   RO          574    i.TP_Read_AD        touch.o
    0x08004e7c   0x08004e7c   0x00000078   Code   RO          575    i.TP_Read_XOY       touch.o
    0x08004ef4   0x08004ef4   0x00000030   Code   RO          576    i.TP_Read_XY        touch.o
    0x08004f24   0x08004f24   0x000000c0   Code   RO          577    i.TP_Read_XY2       touch.o
    0x08004fe4   0x08004fe4   0x000000e8   Code   RO          578    i.TP_Save_Adjdata   touch.o
    0x080050cc   0x080050cc   0x00000110   Code   RO          579    i.TP_Scan           touch.o
    0x080051dc   0x080051dc   0x0000004c   Code   RO          580    i.TP_Write_Byte     touch.o
    0x08005228   0x08005228   0x00000048   Code   RO          790    i.UI_Main_Draw      ui_main.o
    0x08005270   0x08005270   0x000000ac   Code   RO          791    i.UI_Main_Scan      ui_main.o
    0x0800531c   0x0800531c   0x0000006c   Code   RO          896    i.UI_MechanicsDetail_Open  ui_mechanics_detail.o
    0x08005388   0x08005388   0x00000118   Code   RO          897    i.UI_MechanicsDetail_Scan  ui_mechanics_detail.o
    0x080054a0   0x080054a0   0x00000084   Code   RO          141    i.USART1_IRQHandler  usart.o
    0x08005524   0x08005524   0x0000000e   Code   RO         1084    i._is_digit         c_w.l(__printf_wp.o)
    0x08005532   0x08005532   0x00000006   Code   RO          142    i._sys_exit         usart.o
    0x08005538   0x08005538   0x00000038   Code   RO          898    i.confirm_popup     ui_mechanics_detail.o
    0x08005570   0x08005570   0x000000a8   Code   RO          899    i.current_value_text  ui_mechanics_detail.o
    0x08005618   0x08005618   0x00000040   Code   RO           12    i.delay_init        delay.o
    0x08005658   0x08005658   0x0000003c   Code   RO           13    i.delay_ms          delay.o
    0x08005694   0x08005694   0x0000003c   Code   RO           14    i.delay_us          delay.o
    0x080056d0   0x080056d0   0x00000060   Code   RO          900    i.draw_ascii_center  ui_mechanics_detail.o
    0x08005730   0x08005730   0x0000008c   Code   RO          901    i.draw_body         ui_mechanics_detail.o
    0x080057bc   0x080057bc   0x000000e4   Code   RO          902    i.draw_btn          ui_mechanics_detail.o
    0x080058a0   0x080058a0   0x0000002e   Code   RO          903    i.draw_button_bar   ui_mechanics_detail.o
    0x080058ce   0x080058ce   0x00000002   PAD
    0x080058d0   0x080058d0   0x00000094   Code   RO          904    i.draw_footer       ui_mechanics_detail.o
    0x08005964   0x08005964   0x00000020   Code   RO          905    i.draw_full_page    ui_mechanics_detail.o
    0x08005984   0x08005984   0x00000058   Code   RO          906    i.draw_gb_center    ui_mechanics_detail.o
    0x080059dc   0x080059dc   0x000000f8   Code   RO          792    i.draw_icon_clock   ui_main.o
    0x08005ad4   0x08005ad4   0x00000128   Code   RO          793    i.draw_icon_gear    ui_main.o
    0x08005bfc   0x08005bfc   0x000000ec   Code   RO          794    i.draw_icon_pendulum  ui_main.o
    0x08005ce8   0x08005ce8   0x00000112   Code   RO          795    i.draw_icon_wave    ui_main.o
    0x08005dfa   0x08005dfa   0x00000002   PAD
    0x08005dfc   0x08005dfc   0x000000e4   Code   RO          796    i.draw_one_btn      ui_main.o
    0x08005ee0   0x08005ee0   0x000000c0   Code   RO          797    i.draw_one_card     ui_main.o
    0x08005fa0   0x08005fa0   0x0000003c   Code   RO          798    i.draw_panel        ui_main.o
    0x08005fdc   0x08005fdc   0x0000003c   Code   RO          907    i.draw_panel        ui_mechanics_detail.o
    0x08006018   0x08006018   0x00000100   Code   RO          908    i.draw_popup        ui_mechanics_detail.o
    0x08006118   0x08006118   0x0000003c   Code   RO          799    i.draw_ring         ui_main.o
    0x08006154   0x08006154   0x00000024   Code   RO          800    i.draw_thick_line   ui_main.o
    0x08006178   0x08006178   0x00000098   Code   RO          801    i.draw_titlebar     ui_main.o
    0x08006210   0x08006210   0x00000098   Code   RO          909    i.draw_titlebar     ui_mechanics_detail.o
    0x080062a8   0x080062a8   0x0000002c   Code   RO          910    i.draw_value_area   ui_mechanics_detail.o
    0x080062d4   0x080062d4   0x000000a4   Code   RO          802    i.fill_round_rect   ui_main.o
    0x08006378   0x08006378   0x000000a4   Code   RO          911    i.fill_round_rect   ui_mechanics_detail.o
    0x0800641c   0x0800641c   0x00000024   Code   RO          216    i.gui_draw_hline    lcd.o
    0x08006440   0x08006440   0x000000b0   Code   RO          217    i.gui_fill_circle   lcd.o
    0x080064f0   0x080064f0   0x0000004c   Code   RO          803    i.hit_btn           ui_main.o
    0x0800653c   0x0800653c   0x0000004c   Code   RO          912    i.hit_btn           ui_mechanics_detail.o
    0x08006588   0x08006588   0x0000003a   Code   RO          804    i.hit_card          ui_main.o
    0x080065c2   0x080065c2   0x00000002   PAD
    0x080065c4   0x080065c4   0x00000064   Code   RO          913    i.hit_popup_option  ui_mechanics_detail.o
    0x08006628   0x08006628   0x000000d4   Code   RO          220    i.lcd_draw_bline    lcd.o
    0x080066fc   0x080066fc   0x0000001c   Code   RO          914    i.reset_page        ui_mechanics_detail.o
    0x08006718   0x08006718   0x0000004c   Code   RO         1158    i.sqrt              m_ws.l(sqrt.o)
    0x08006764   0x08006764   0x00000024   Code   RO          915    i.switch_view       ui_mechanics_detail.o
    0x08006788   0x08006788   0x00000018   Code   RO         1179    x$fpl$dcmpinf       fz_ws.l(dcmpi.o)
    0x080067a0   0x080067a0   0x0000005a   Code   RO         1109    x$fpl$dfixu         fz_ws.l(dfixu.o)
    0x080067fa   0x080067fa   0x00000026   Code   RO         1113    x$fpl$dfltu         fz_ws.l(dflt_clz.o)
    0x08006820   0x08006820   0x00000078   Code   RO         1119    x$fpl$dleqf         fz_ws.l(dleqf.o)
    0x08006898   0x08006898   0x00000154   Code   RO         1121    x$fpl$dmul          fz_ws.l(dmul.o)
    0x080069ec   0x080069ec   0x0000009c   Code   RO         1181    x$fpl$dnaninf       fz_ws.l(dnaninf.o)
    0x08006a88   0x08006a88   0x0000000c   Code   RO         1183    x$fpl$dretinf       fz_ws.l(dretinf.o)
    0x08006a94   0x08006a94   0x0000006c   Code   RO         1123    x$fpl$drleqf        fz_ws.l(drleqf.o)
    0x08006b00   0x08006b00   0x000001cc   Code   RO         1185    x$fpl$dsqrt         fz_ws.l(dsqrt_noumaal.o)
    0x08006ccc   0x08006ccc   0x00000056   Code   RO         1125    x$fpl$f2d           fz_ws.l(f2d.o)
    0x08006d22   0x08006d22   0x00000002   PAD
    0x08006d24   0x08006d24   0x000000c4   Code   RO         1127    x$fpl$fadd          fz_ws.l(faddsub_clz.o)
    0x08006de8   0x08006de8   0x00000184   Code   RO         1134    x$fpl$fdiv          fz_ws.l(fdiv.o)
    0x08006f6c   0x08006f6c   0x00000036   Code   RO         1137    x$fpl$ffix          fz_ws.l(ffix.o)
    0x08006fa2   0x08006fa2   0x00000002   PAD
    0x08006fa4   0x08006fa4   0x0000003e   Code   RO         1141    x$fpl$ffixu         fz_ws.l(ffixu.o)
    0x08006fe2   0x08006fe2   0x00000002   PAD
    0x08006fe4   0x08006fe4   0x00000030   Code   RO         1146    x$fpl$fflt          fz_ws.l(fflt_clz.o)
    0x08007014   0x08007014   0x00000026   Code   RO         1145    x$fpl$ffltu         fz_ws.l(fflt_clz.o)
    0x0800703a   0x0800703a   0x00000002   PAD
    0x0800703c   0x0800703c   0x00000102   Code   RO         1153    x$fpl$fmul          fz_ws.l(fmul.o)
    0x0800713e   0x0800713e   0x0000008c   Code   RO         1189    x$fpl$fnaninf       fz_ws.l(fnaninf.o)
    0x080071ca   0x080071ca   0x0000000a   Code   RO         1191    x$fpl$fretinf       fz_ws.l(fretinf.o)
    0x080071d4   0x080071d4   0x000000ea   Code   RO         1129    x$fpl$fsub          fz_ws.l(faddsub_clz.o)
    0x080072be   0x080072be   0x00000000   Code   RO         1193    x$fpl$usenofp       fz_ws.l(usenofp.o)
    0x080072be   0x080072be   0x000034ca   Data   RO          223    .constdata          lcd.o
    0x0800a788   0x0800a788   0x0000000a   Data   RO          455    .constdata          ctp.o
    0x0800a792   0x0800a792   0x00000002   PAD
    0x0800a794   0x0800a794   0x00000004   Data   RO          581    .constdata          touch.o
    0x0800a798   0x0800a798   0x0000005c   Data   RO          805    .constdata          ui_main.o
    0x0800a7f4   0x0800a7f4   0x00000034   Data   RO          881    .constdata          ui_timing_menu.o
    0x0800a828   0x0800a828   0x00000074   Data   RO          887    .constdata          ui_timing_detail.o
    0x0800a89c   0x0800a89c   0x0000003c   Data   RO          892    .constdata          ui_mechanics_menu.o
    0x0800a8d8   0x0800a8d8   0x000000e4   Data   RO          917    .constdata          ui_mechanics_detail.o
    0x0800a9bc   0x0800a9bc   0x00000028   Data   RO         1016    .constdata          ui_signal_menu.o
    0x0800a9e4   0x0800a9e4   0x0000003c   Data   RO         1021    .constdata          ui_signal_detail.o
    0x0800aa20   0x0800aa20   0x00000028   Data   RO         1026    .constdata          ui_settings_menu.o
    0x0800aa48   0x0800aa48   0x00000028   Data   RO         1031    .constdata          ui_settings_detail.o
    0x0800aa70   0x0800aa70   0x00000011   Data   RO         1092    .constdata          c_w.l(__printf_flags_ss_wp.o)
    0x0800aa81   0x0800aa81   0x00000003   PAD
    0x0800aa84   0x0800aa84   0x00000079   Data   RO          582    .conststring        touch.o
    0x0800aafd   0x0800aafd   0x00000003   PAD
    0x0800ab00   0x0800ab00   0x00000059   Data   RO          806    .conststring        ui_main.o
    0x0800ab59   0x0800ab59   0x00000003   PAD
    0x0800ab5c   0x0800ab5c   0x00000021   Data   RO          882    .conststring        ui_timing_menu.o
    0x0800ab7d   0x0800ab7d   0x00000003   PAD
    0x0800ab80   0x0800ab80   0x00000049   Data   RO          888    .conststring        ui_timing_detail.o
    0x0800abc9   0x0800abc9   0x00000003   PAD
    0x0800abcc   0x0800abcc   0x00000041   Data   RO          893    .conststring        ui_mechanics_menu.o
    0x0800ac0d   0x0800ac0d   0x00000003   PAD
    0x0800ac10   0x0800ac10   0x00000181   Data   RO          918    .conststring        ui_mechanics_detail.o
    0x0800ad91   0x0800ad91   0x00000003   PAD
    0x0800ad94   0x0800ad94   0x00000021   Data   RO         1022    .conststring        ui_signal_detail.o
    0x0800adb5   0x0800adb5   0x00000003   PAD
    0x0800adb8   0x0800adb8   0x00000020   Data   RO         1351    Region$$Table       anon$$obj.o


    Execution Region RW_IRAM1 (Exec base: 0x20000000, Load base: 0x0800add8, Size: 0x00000948, Max: 0x00005000, ABSOLUTE)

    Exec Addr    Load Addr    Size         Type   Attr      Idx    E Section Name        Object

    0x20000000   0x0800add8   0x00000004   Data   RW           15    .data               delay.o
    0x20000004   0x0800addc   0x00000006   Data   RW          146    .data               usart.o
    0x2000000a   0x0800ade2   0x00000004   Data   RW          224    .data               lcd.o
    0x2000000e   0x0800ade6   0x00000001   Data   RW          456    .data               ctp.o
    0x2000000f   0x0800ade7   0x00000001   PAD
    0x20000010   0x0800ade8   0x00000036   Data   RW          583    .data               touch.o
    0x20000046   0x0800ae1e   0x00000001   Data   RW          807    .data               ui_main.o
    0x20000047   0x0800ae1f   0x00000003   Data   RW          883    .data               ui_timing_menu.o
    0x2000004a   0x0800ae22   0x00000002   PAD
    0x2000004c   0x0800ae24   0x00000008   Data   RW          889    .data               ui_timing_detail.o
    0x20000054   0x0800ae2c   0x00000003   Data   RW          894    .data               ui_mechanics_menu.o
    0x20000057   0x0800ae2f   0x00000001   Data   RW          919    .data               ui_mechanics_detail.o
    0x20000058   0x0800ae30   0x00000002   Data   RW         1018    .data               ui_signal_menu.o
    0x2000005a   0x0800ae32   0x00000003   Data   RW         1023    .data               ui_signal_detail.o
    0x2000005d   0x0800ae35   0x00000001   Data   RW         1028    .data               ui_settings_menu.o
    0x2000005e   0x0800ae36   0x00000003   Data   RW         1033    .data               ui_settings_detail.o
    0x20000061   0x0800ae39   0x00000003   PAD
    0x20000064        -       0x000000c8   Zero   RW          145    .bss                usart.o
    0x2000012c        -       0x0000000e   Zero   RW          222    .bss                lcd.o
    0x2000013a   0x0800ae39   0x00000002   PAD
    0x2000013c        -       0x0000019c   Zero   RW          886    .bss                ui_timing_detail.o
    0x200002d8        -       0x0000000b   Zero   RW          916    .bss                ui_mechanics_detail.o
    0x200002e3   0x0800ae39   0x00000001   PAD
    0x200002e4        -       0x00000060   Zero   RW         1217    .bss                c_w.l(libspace.o)
    0x20000344   0x0800ae39   0x00000004   PAD
    0x20000348        -       0x00000200   Zero   RW            2    HEAP                startup_stm32f10x_hd.o
    0x20000548        -       0x00000400   Zero   RW            1    STACK               startup_stm32f10x_hd.o


==============================================================================

Image component sizes


      Code (inc. data)   RO Data    RW Data    ZI Data      Debug   Object Name

       694        104          0          0          0       4973   ctiic.o
       540         22         10          1          0       2773   ctp.o
       184         16          0          4          0     208055   delay.o
      3852        162      13514          4         14      22799   lcd.o
        56         22        304          0       1536        836   startup_stm32f10x_hd.o
       484         54          0          0          0       4436   sys.o
       532         26          0          0          0        112   test.o
      4188        300        125         54          0      13184   touch.o
      2324        122        181          1          0      10894   ui_main.o
      2306        238        613          1         11      14596   ui_mechanics_detail.o
      1032         64        125          3          0        356   ui_mechanics_menu.o
      1044        128         40          3          0        296   ui_settings_detail.o
      1404        284         40          1          0        356   ui_settings_menu.o
       964         98         93          3          0        260   ui_signal_detail.o
       916         74         40          2          0        344   ui_signal_menu.o
      3004        184        189          8        412       1000   ui_timing_detail.o
      1020         62         85          3          0        356   ui_timing_menu.o
       138         14          0          6        200       3008   usart.o

    ----------------------------------------------------------------------
     24694       1974      15414        100       2176     288634   Object Totals
         0          0         32          0          0          0   (incl. Generated)
        12          0         23          6          3          0   (incl. Padding)

    ----------------------------------------------------------------------

      Code (inc. data)   RO Data    RW Data    ZI Data      Debug   Library Member Name

         8          0          0          0          0         68   __main.o
       392          4         17          0          0         92   __printf_flags_ss_wp.o
        14          0          0          0          0         68   __printf_wp.o
         0          0          0          0          0          0   __rtentry.o
        12          0          0          0          0          0   __rtentry2.o
         6          0          0          0          0          0   __rtentry4.o
        52          8          0          0          0          0   __scatter.o
        26          0          0          0          0          0   __scatter_copy.o
        28          0          0          0          0          0   __scatter_zi.o
        48          6          0          0          0         96   _printf_char_common.o
       120         16          0          0          0         92   _printf_dec.o
       178          0          0          0          0         88   _printf_intcommon.o
        78          0          0          0          0        108   _printf_pad.o
         0          0          0          0          0          0   _printf_percent.o
         4          0          0          0          0          0   _printf_percent_end.o
         6          0          0          0          0          0   _printf_u.o
        22          0          0          0          0        100   _rserrno.o
        16          0          0          0          0         68   _snputc.o
        10          0          0          0          0         68   _sputc.o
        18          0          0          0          0         80   exit.o
         6          0          0          0          0        152   heapauxi.o
         2          0          0          0          0          0   libinit.o
         2          0          0          0          0          0   libinit2.o
         2          0          0          0          0          0   libshutdown.o
         2          0          0          0          0          0   libshutdown2.o
         8          4          0          0         96         68   libspace.o
        52          4          0          0          0         84   noretval__2snprintf.o
         8          4          0          0          0         68   rt_errno_addr_intlibspace.o
        78          0          0          0          0         80   rt_memclr_w.o
         2          0          0          0          0          0   rtexit.o
        10          0          0          0          0          0   rtexit2.o
        72          0          0          0          0         80   strcpy.o
        62          0          0          0          0         76   strlen.o
        74          0          0          0          0         80   sys_stackheap_outer.o
         2          0          0          0          0         68   use_no_semi.o
         2          0          0          0          0         68   use_no_semi_2.o
        24          0          0          0          0         68   dcmpi.o
        90          4          0          0          0         92   dfixu.o
        38          0          0          0          0         68   dflt_clz.o
       120          4          0          0          0         92   dleqf.o
       340         12          0          0          0        104   dmul.o
       156          4          0          0          0         92   dnaninf.o
        12          0          0          0          0         68   dretinf.o
       108          0          0          0          0         80   drleqf.o
       460         56          0          0          0        120   dsqrt_noumaal.o
        86          4          0          0          0         84   f2d.o
       430          8          0          0          0        168   faddsub_clz.o
       388         76          0          0          0         96   fdiv.o
        54          4          0          0          0         84   ffix.o
        62          4          0          0          0         84   ffixu.o
        86          0          0          0          0        136   fflt_clz.o
       258          4          0          0          0         84   fmul.o
       140          4          0          0          0         84   fnaninf.o
        10          0          0          0          0         68   fretinf.o
         0          0          0          0          0          0   usenofp.o
        76          0          0          0          0         84   sqrt.o

    ----------------------------------------------------------------------
      4376        230         20          0        100       3508   Library Totals
        16          0          3          0          4          0   (incl. Padding)

    ----------------------------------------------------------------------

      Code (inc. data)   RO Data    RW Data    ZI Data      Debug   Library Name

      1422         46         17          0         96       1752   c_w.l
      2862        184          0          0          0       1672   fz_ws.l
        76          0          0          0          0         84   m_ws.l

    ----------------------------------------------------------------------
      4376        230         20          0        100       3508   Library Totals

    ----------------------------------------------------------------------

==============================================================================


      Code (inc. data)   RO Data    RW Data    ZI Data      Debug   

     29070       2204      15434        100       2276     284442   Grand Totals
     29070       2204      15434        100       2276     284442   ELF Image Totals
     29070       2204      15434        100          0          0   ROM Totals

==============================================================================

    Total RO  Size (Code + RO Data)                44504 (  43.46kB)
    Total RW  Size (RW Data + ZI Data)              2376 (   2.32kB)
    Total ROM Size (Code + RO Data + RW Data)      44604 (  43.56kB)

==============================================================================

