<html>
<body>
<pre>
<h1>礦ision Build Log</h1>
<h2>Tool Versions:</h2>
IDE-Version: μVision V5.41.0.0
Copyright (C) 2024 ARM Ltd and ARM Germany GmbH. All rights reserved.
License Information: shier shier, shier, LIC=65ISZ-JP2GF-VEZHA-1GWNW-P71GJ-LNR6Y
 
Tool Versions:
Toolchain:       MDK-ARM Plus  Version: 5.41.0.0
Toolchain Path:  D:\keil5\ARM\ARMCC\Bin
C Compiler:      Armcc.exe V5.06 update 7 (build 960)
Assembler:       Armasm.exe V5.06 update 7 (build 960)
Linker/Locator:  ArmLink.exe V5.06 update 7 (build 960)
Library Manager: ArmAr.exe V5.06 update 7 (build 960)
Hex Converter:   FromElf.exe V5.06 update 7 (build 960)
CPU DLL:         SARMCM3.DLL V5.41.0.0
Dialog DLL:      DCM.DLL V1.17.5.0
Target DLL:      Segger\JL2CM3.dll V2.99.45.0
Dialog DLL:      TCM.DLL V1.56.4.0
 
<h2>Project:</h2>
E:\YQ Project\SLV258-存贮式数字毫秒计项目\1.代码\STM32F1_ST7789_16Bit  Demo_V1\USER\test.uvprojx
Project File Date:  06/11/2026

<h2>Output:</h2>
*** Using Compiler 'V5.06 update 7 (build 960)', folder: 'D:\keil5\ARM\ARMCC\Bin'
Rebuild target 'Target 1'
Note: source file '..\HARDWARE\UI\ui_timing_menu.c' - object file renamed from '..\OBJ\ui_timing_menu.o' to '..\OBJ\ui_timing_menu_1.o'.
Note: source file '..\HARDWARE\UI\ui_timing_detail.c' - object file renamed from '..\OBJ\ui_timing_detail.o' to '..\OBJ\ui_timing_detail_1.o'.
Note: source file '..\HARDWARE\UI\ui_mechanics_menu.c' - object file renamed from '..\OBJ\ui_mechanics_menu.o' to '..\OBJ\ui_mechanics_menu_1.o'.
Note: source file '..\HARDWARE\UI\ui_mechanics_detail.c' - object file renamed from '..\OBJ\ui_mechanics_detail.o' to '..\OBJ\ui_mechanics_detail_1.o'.
Note: source file '..\HARDWARE\UI\ui_signal_menu.c' - object file renamed from '..\OBJ\ui_signal_menu.o' to '..\OBJ\ui_signal_menu_1.o'.
Note: source file '..\HARDWARE\UI\ui_signal_detail.c' - object file renamed from '..\OBJ\ui_signal_detail.o' to '..\OBJ\ui_signal_detail_1.o'.
Note: source file '..\HARDWARE\UI\ui_settings_menu.c' - object file renamed from '..\OBJ\ui_settings_menu.o' to '..\OBJ\ui_settings_menu_1.o'.
Note: source file '..\HARDWARE\UI\ui_settings_detail.c' - object file renamed from '..\OBJ\ui_settings_detail.o' to '..\OBJ\ui_settings_detail_1.o'.
assembling startup_stm32f10x_hd.s...
compiling test.c...
test.c(98): warning:  #177-D: function "rtp_raw_test"  was declared but never referenced
  static void rtp_raw_test(void)
test.c(171): warning:  #177-D: function "rtp_param_test"  was declared but never referenced
  static void rtp_param_test(void)
test.c: 2 warnings, 0 errors
compiling delay.c...
compiling ctiic.c...
compiling test code.c...
compiling ui_mechanics_detail.c...
compiling ui_signal_menu.c...
compiling ui_mechanics_menu.c...
compiling ctp.c...
compiling ui_signal_detail.c...
compiling usart.c...
compiling ui_main.c...
compiling ui_timing_detail.c...
compiling touch.c...
..\HARDWARE\TOUCH\touch.c(595): warning:  #111-D: statement is unreachable
  	return 1; 									 
..\HARDWARE\TOUCH\touch.c: 1 warning, 0 errors
compiling LCD.c...
compiling ui_timing_menu.c...
compiling sys.c...
compiling ui_settings_menu.c...
compiling ui_settings_detail.c...
linking...
Program Size: Code=32186 RO-data=15434 RW-data=100 ZI-data=2276  
FromELF: creating hex file...
"..\OBJ\test.axf" - 0 Error(s), 3 Warning(s).

<h2>Software Packages used:</h2>

Package Vendor: Keil
                http://www.keil.com/pack/Keil.STM32F1xx_DFP.2.3.0.pack
                Keil::STM32F1xx_DFP@2.3.0
                STMicroelectronics STM32F1 Series Device Support, Drivers and Examples

<h2>Collection of Component include folders:</h2>
  D:/keil5/Keil/STM32F1xx_DFP/2.3.0/Device/Include

<h2>Collection of Component Files used:</h2>
Build Time Elapsed:  00:00:02
</pre>
</body>
</html>
