Component: ARM Compiler 5.06 update 7 (build 960) Tool: armlink [4d3601]

==============================================================================

Section Cross References

    startup_stm32f10x_hd.o(STACK) refers (Special) to heapauxi.o(.text) for __use_two_region_memory
    startup_stm32f10x_hd.o(HEAP) refers (Special) to heapauxi.o(.text) for __use_two_region_memory
    startup_stm32f10x_hd.o(RESET) refers (Special) to heapauxi.o(.text) for __use_two_region_memory
    startup_stm32f10x_hd.o(RESET) refers to startup_stm32f10x_hd.o(STACK) for __initial_sp
    startup_stm32f10x_hd.o(RESET) refers to startup_stm32f10x_hd.o(.text) for Reset_Handler
    startup_stm32f10x_hd.o(RESET) refers to ui_timing_detail_1.o(i.EXTI0_IRQHandler) for EXTI0_IRQHandler
    startup_stm32f10x_hd.o(RESET) refers to ui_timing_detail_1.o(i.EXTI1_IRQHandler) for EXTI1_IRQHandler
    startup_stm32f10x_hd.o(RESET) refers to ui_timing_detail_1.o(i.TIM2_IRQHandler) for TIM2_IRQHandler
    startup_stm32f10x_hd.o(RESET) refers to usart.o(i.USART1_IRQHandler) for USART1_IRQHandler
    startup_stm32f10x_hd.o(RESET) refers to ui_timing_detail_1.o(i.EXTI15_10_IRQHandler) for EXTI15_10_IRQHandler
    startup_stm32f10x_hd.o(.text) refers (Special) to heapauxi.o(.text) for __use_two_region_memory
    startup_stm32f10x_hd.o(.text) refers to __main.o(!!!main) for __main
    startup_stm32f10x_hd.o(.text) refers to startup_stm32f10x_hd.o(HEAP) for Heap_Mem
    startup_stm32f10x_hd.o(.text) refers to startup_stm32f10x_hd.o(STACK) for Stack_Mem
    test.o(i.lcd_show_signed_num) refers to lcd.o(i.LCD_ShowChar) for LCD_ShowChar
    test.o(i.lcd_show_signed_num) refers to lcd.o(i.LCD_ShowNum) for LCD_ShowNum
    test.o(i.main) refers to sys.o(i.Stm32_Clock_Init) for Stm32_Clock_Init
    test.o(i.main) refers to delay.o(i.delay_init) for delay_init
    test.o(i.main) refers to lcd.o(i.LCD_Init) for LCD_Init
    test.o(i.main) refers to lcd.o(i.LCD_Display_Dir) for LCD_Display_Dir
    test.o(i.main) refers to lcd.o(i.LCD_Clear) for LCD_Clear
    test.o(i.main) refers to test.o(i.pulse_io_init) for pulse_io_init
    test.o(i.main) refers to ui_main.o(i.UI_Main_Draw) for UI_Main_Draw
    test.o(i.main) refers to ui_main.o(i.UI_Main_Scan) for UI_Main_Scan
    test.o(i.main) refers to test.o(i.wait_touch_release) for wait_touch_release
    test.o(i.main) refers to ui_timing_menu_1.o(i.UI_TimingMenu_SetMeasuring) for UI_TimingMenu_SetMeasuring
    test.o(i.main) refers to ui_timing_menu_1.o(i.UI_TimingMenu_Draw) for UI_TimingMenu_Draw
    test.o(i.main) refers to ui_mechanics_menu_1.o(i.UI_MechanicsMenu_SetMeasuring) for UI_MechanicsMenu_SetMeasuring
    test.o(i.main) refers to ui_mechanics_menu_1.o(i.UI_MechanicsMenu_Draw) for UI_MechanicsMenu_Draw
    test.o(i.main) refers to ui_signal_menu_1.o(i.UI_SignalMenu_SetOutput) for UI_SignalMenu_SetOutput
    test.o(i.main) refers to ui_signal_menu_1.o(i.UI_SignalMenu_Draw) for UI_SignalMenu_Draw
    test.o(i.main) refers to ui_settings_menu_1.o(i.UI_SettingsMenu_Draw) for UI_SettingsMenu_Draw
    test.o(i.main) refers to ui_timing_menu_1.o(i.UI_TimingMenu_Scan) for UI_TimingMenu_Scan
    test.o(i.main) refers to ui_timing_menu_1.o(i.UI_TimingMenu_GetSelected) for UI_TimingMenu_GetSelected
    test.o(i.main) refers to ui_timing_detail_1.o(i.UI_TimingDetail_Open) for UI_TimingDetail_Open
    test.o(i.main) refers to ui_timing_detail_1.o(i.UI_TimingDetail_Scan) for UI_TimingDetail_Scan
    test.o(i.main) refers to ui_mechanics_menu_1.o(i.UI_MechanicsMenu_Scan) for UI_MechanicsMenu_Scan
    test.o(i.main) refers to ui_mechanics_menu_1.o(i.UI_MechanicsMenu_GetSelected) for UI_MechanicsMenu_GetSelected
    test.o(i.main) refers to ui_mechanics_detail_1.o(i.UI_MechanicsDetail_Open) for UI_MechanicsDetail_Open
    test.o(i.main) refers to ui_mechanics_detail_1.o(i.UI_MechanicsDetail_Scan) for UI_MechanicsDetail_Scan
    test.o(i.main) refers to ui_signal_menu_1.o(i.UI_SignalMenu_Scan) for UI_SignalMenu_Scan
    test.o(i.main) refers to ui_signal_detail_1.o(i.UI_SignalDetail_Open) for UI_SignalDetail_Open
    test.o(i.main) refers to ui_signal_detail_1.o(i.UI_SignalDetail_Scan) for UI_SignalDetail_Scan
    test.o(i.main) refers to ui_settings_menu_1.o(i.UI_SettingsMenu_Scan) for UI_SettingsMenu_Scan
    test.o(i.main) refers to ui_settings_detail_1.o(i.UI_SettingsDetail_Open) for UI_SettingsDetail_Open
    test.o(i.main) refers to ui_settings_detail_1.o(i.UI_SettingsDetail_Scan) for UI_SettingsDetail_Scan
    test.o(i.main) refers to touch.o(.data) for tp_dev
    test.o(i.rtp_draw_target) refers to lcd.o(i.LCD_DrawLine) for LCD_DrawLine
    test.o(i.rtp_draw_target) refers to lcd.o(i.LCD_Draw_Circle) for LCD_Draw_Circle
    test.o(i.rtp_draw_target) refers to lcd.o(.data) for POINT_COLOR
    test.o(i.rtp_map_raw_to_screen) refers to lcd.o(.bss) for lcddev
    test.o(i.rtp_param_test) refers to test.o(i.rtp_gpio_init) for rtp_gpio_init
    test.o(i.rtp_param_test) refers to lcd.o(i.LCD_Clear) for LCD_Clear
[...]
    btn_label                                0x0800b440   Data          20  ui_timing_menu_1.o(.constdata)
    .constdata                               0x0800b454   Section      116  ui_timing_detail_1.o(.constdata)
    btn_x                                    0x0800b454   Data          10  ui_timing_detail_1.o(.constdata)
    btn_w                                    0x0800b45e   Data          10  ui_timing_detail_1.o(.constdata)
    width_x                                  0x0800b468   Data           8  ui_timing_detail_1.o(.constdata)
    width_y                                  0x0800b470   Data           8  ui_timing_detail_1.o(.constdata)
    btn_label                                0x0800b478   Data          20  ui_timing_detail_1.o(.constdata)
    title_label                              0x0800b48c   Data          12  ui_timing_detail_1.o(.constdata)
    info_label_s1                            0x0800b498   Data           4  ui_timing_detail_1.o(.constdata)
    info_label_s2                            0x0800b49c   Data           4  ui_timing_detail_1.o(.constdata)
    info_label_count                         0x0800b4a0   Data           4  ui_timing_detail_1.o(.constdata)
    footer_label_count                       0x0800b4a4   Data           4  ui_timing_detail_1.o(.constdata)
    footer_label_times                       0x0800b4a8   Data           4  ui_timing_detail_1.o(.constdata)
    status_text                              0x0800b4ac   Data          12  ui_timing_detail_1.o(.constdata)
    width_text                               0x0800b4b8   Data          16  ui_timing_detail_1.o(.constdata)
    .constdata                               0x0800b4c8   Section       60  ui_mechanics_menu_1.o(.constdata)
    btn_x                                    0x0800b4c8   Data          10  ui_mechanics_menu_1.o(.constdata)
    btn_w                                    0x0800b4d2   Data          10  ui_mechanics_menu_1.o(.constdata)
    item_label                               0x0800b4dc   Data          20  ui_mechanics_menu_1.o(.constdata)
    btn_label                                0x0800b4f0   Data          20  ui_mechanics_menu_1.o(.constdata)
    .constdata                               0x0800b504   Section      228  ui_mechanics_detail_1.o(.constdata)
    btn_x                                    0x0800b504   Data          10  ui_mechanics_detail_1.o(.constdata)
    btn_w                                    0x0800b50e   Data          10  ui_mechanics_detail_1.o(.constdata)
    popup_x                                  0x0800b518   Data           8  ui_mechanics_detail_1.o(.constdata)
    popup_y                                  0x0800b520   Data           8  ui_mechanics_detail_1.o(.constdata)
    btn_label                                0x0800b528   Data          20  ui_mechanics_detail_1.o(.constdata)
    title_label                              0x0800b53c   Data          20  ui_mechanics_detail_1.o(.constdata)
    state_label                              0x0800b550   Data           8  ui_mechanics_detail_1.o(.constdata)
    info_label                               0x0800b558   Data          20  ui_mechanics_detail_1.o(.constdata)
    popup_title_width                        0x0800b56c   Data           4  ui_mechanics_detail_1.o(.constdata)
    popup_title_angle                        0x0800b570   Data           4  ui_mechanics_detail_1.o(.constdata)
    footer_label_times                       0x0800b574   Data           4  ui_mechanics_detail_1.o(.constdata)
    width_text                               0x0800b578   Data          16  ui_mechanics_detail_1.o(.constdata)
    angle_text                               0x0800b588   Data           8  ui_mechanics_detail_1.o(.constdata)
    pendulum_view                            0x0800b590   Data          12  ui_mechanics_detail_1.o(.constdata)
    collision_view                           0x0800b59c   Data          32  ui_mechanics_detail_1.o(.constdata)
    gravity_view                             0x0800b5bc   Data          12  ui_mechanics_detail_1.o(.constdata)
    linear_view                              0x0800b5c8   Data          24  ui_mechanics_detail_1.o(.constdata)
    angular_view                             0x0800b5e0   Data           8  ui_mechanics_detail_1.o(.constdata)
    .constdata                               0x0800b5e8   Section       40  ui_signal_menu_1.o(.constdata)
    btn_x                                    0x0800b5e8   Data          10  ui_signal_menu_1.o(.constdata)
    btn_w                                    0x0800b5f2   Data          10  ui_signal_menu_1.o(.constdata)
    btn_label                                0x0800b5fc   Data          20  ui_signal_menu_1.o(.constdata)
    .constdata                               0x0800b610   Section       60  ui_signal_detail_1.o(.constdata)
    btn_x                                    0x0800b610   Data          10  ui_signal_detail_1.o(.constdata)
    btn_w                                    0x0800b61a   Data          10  ui_signal_detail_1.o(.constdata)
    period_label                             0x0800b624   Data          20  ui_signal_detail_1.o(.constdata)
    btn_label                                0x0800b638   Data          20  ui_signal_detail_1.o(.constdata)
    .constdata                               0x0800b64c   Section       40  ui_settings_menu_1.o(.constdata)
    btn_x                                    0x0800b64c   Data          10  ui_settings_menu_1.o(.constdata)
    btn_w                                    0x0800b656   Data          10  ui_settings_menu_1.o(.constdata)
    btn_label                                0x0800b660   Data          20  ui_settings_menu_1.o(.constdata)
    .constdata                               0x0800b674   Section       40  ui_settings_detail_1.o(.constdata)
    btn_x                                    0x0800b674   Data          10  ui_settings_detail_1.o(.constdata)
    btn_w                                    0x0800b67e   Data          10  ui_settings_detail_1.o(.constdata)
    btn_label                                0x0800b688   Data          20  ui_settings_detail_1.o(.constdata)
    .constdata                               0x0800b69c   Section       17  __printf_flags_ss_wp.o(.constdata)
    maptable                                 0x0800b69c   Data          17  __printf_flags_ss_wp.o(.constdata)
    .conststring                             0x0800b6b0   Section      121  touch.o(.conststring)
    .conststring                             0x0800b72c   Section       89  ui_main.o(.conststring)
    .conststring                             0x0800b788   Section       33  ui_timing_menu_1.o(.conststring)
    .conststring                             0x0800b7ac   Section       73  ui_timing_detail_1.o(.conststring)
    .conststring                             0x0800b7f8   Section       65  ui_mechanics_menu_1.o(.conststring)
    .conststring                             0x0800b83c   Section      385  ui_mechanics_detail_1.o(.conststring)
    .conststring                             0x0800b9c0   Section       33  ui_signal_detail_1.o(.conststring)
    .data                                    0x20000000   Section        4  delay.o(.data)
    fac_us                                   0x20000000   Data           1  delay.o(.data)
    fac_ms                                   0x20000002   Data           2  delay.o(.data)
    .data                                    0x20000004   Section        6  usart.o(.data)
    .data                                    0x2000000a   Section        4  lcd.o(.data)
    .data                                    0x2000000e   Section        1  ctp.o(.data)
    t                                        0x2000000e   Data           1  ctp.o(.data)
    .data                                    0x20000010   Section       54  touch.o(.data)
    .data                                    0x20000046   Section        1  ui_main.o(.data)
    touch_ready                              0x20000046   Data           1  ui_main.o(.data)
    .data                                    0x20000047   Section        3  ui_timing_menu_1.o(.data)
    selected_item                            0x20000047   Data           1  ui_timing_menu_1.o(.data)
    timing_measuring                         0x20000048   Data           1  ui_timing_menu_1.o(.data)
    touch_ready                              0x20000049   Data           1  ui_timing_menu_1.o(.data)
    .data                                    0x2000004c   Section        9  ui_timing_detail_1.o(.data)
    g_edge_head                              0x2000004c   Data           1  ui_timing_detail_1.o(.data)
    g_edge_tail                              0x2000004d   Data           1  ui_timing_detail_1.o(.data)
    g_timer_high_us                          0x20000050   Data           4  ui_timing_detail_1.o(.data)
    touch_ready                              0x20000054   Data           1  ui_timing_detail_1.o(.data)
    .data                                    0x20000055   Section        3  ui_mechanics_menu_1.o(.data)
    selected_item                            0x20000055   Data           1  ui_mechanics_menu_1.o(.data)
    mech_measuring                           0x20000056   Data           1  ui_mechanics_menu_1.o(.data)
    touch_ready                              0x20000057   Data           1  ui_mechanics_menu_1.o(.data)
    .data                                    0x20000058   Section        1  ui_mechanics_detail_1.o(.data)
    touch_ready                              0x20000058   Data           1  ui_mechanics_detail_1.o(.data)
    .data                                    0x20000059   Section        2  ui_signal_menu_1.o(.data)
    signal_output                            0x20000059   Data           1  ui_signal_menu_1.o(.data)
    touch_ready                              0x2000005a   Data           1  ui_signal_menu_1.o(.data)
    .data                                    0x2000005b   Section        3  ui_signal_detail_1.o(.data)
    g_signal                                 0x2000005b   Data           2  ui_signal_detail_1.o(.data)
    touch_ready                              0x2000005d   Data           1  ui_signal_detail_1.o(.data)
    .data                                    0x2000005e   Section        1  ui_settings_menu_1.o(.data)
    touch_ready                              0x2000005e   Data           1  ui_settings_menu_1.o(.data)
    .data                                    0x2000005f   Section        3  ui_settings_detail_1.o(.data)
    g_settings                               0x2000005f   Data           2  ui_settings_detail_1.o(.data)
    touch_ready                              0x20000061   Data           1  ui_settings_detail_1.o(.data)
    .bss                                     0x20000064   Section      200  usart.o(.bss)
    .bss                                     0x2000012c   Section       14  lcd.o(.bss)
    .bss                                     0x2000013c   Section      412  ui_timing_detail_1.o(.bss)
    g_detail                                 0x2000013c   Data         284  ui_timing_detail_1.o(.bss)
    g_edge_queue                             0x20000258   Data         128  ui_timing_detail_1.o(.bss)
    .bss                                     0x200002d8   Section       11  ui_mechanics_detail_1.o(.bss)
    g_mech                                   0x200002d8   Data          11  ui_mechanics_detail_1.o(.bss)
    .bss                                     0x200002e4   Section       96  libspace.o(.bss)
    HEAP                                     0x20000348   Section      512  startup_stm32f10x_hd.o(HEAP)
    Heap_Mem                                 0x20000348   Data         512  startup_stm32f10x_hd.o(HEAP)
    STACK                                    0x20000548   Section     1024  startup_stm32f10x_hd.o(STACK)
    Stack_Mem                                0x20000548   Data        1024  startup_stm32f10x_hd.o(STACK)
    __initial_sp                             0x20000948   Data           0  startup_stm32f10x_hd.o(STACK)

    Global Symbols

    Symbol Name                              Value     Ov Type        Size  Object(Section)

    BuildAttributes$$THM_ISAv4$P$D$K$B$S$PE$A:L22UL41UL21$X:L11$S22US41US21$IEEE1$IW$USESV6$~STKCKD$USESV7$~SHL$OTIME$ROPI$IEEEJ$EBA8$UX$STANDARDLIB$REQ8$PRES8$EABIv2 0x00000000   Number         0  anon$$obj.o ABSOLUTE
    __ARM_use_no_argv                        0x00000000   Number         0  test.o ABSOLUTE
    _printf_flags                            0x00000000   Number         0  printf_stubs.o ABSOLUTE
    _printf_return_value                     0x00000000   Number         0  printf_stubs.o ABSOLUTE
    _printf_sizespec                         0x00000000   Number         0  printf_stubs.o ABSOLUTE
    _printf_widthprec                        0x00000000   Number         0  printf_stubs.o ABSOLUTE
    __ARM_exceptions_init                     - Undefined Weak Reference
    __alloca_initialize                       - Undefined Weak Reference
    __arm_fini_                               - Undefined Weak Reference
    __arm_preinit_                            - Undefined Weak Reference
    __cpp_initialize__aeabi_                  - Undefined Weak Reference
    __cxa_finalize                            - Undefined Weak Reference
    __rt_locale                               - Undefined Weak Reference
    __sigvec_lookup                           - Undefined Weak Reference
    _atexit_init                              - Undefined Weak Reference
    _call_atexit_fns                          - Undefined Weak Reference
    _clock_init                               - Undefined Weak Reference
    _fp_trap_init                             - Undefined Weak Reference
    _fp_trap_shutdown                         - Undefined Weak Reference
    _get_lc_collate                           - Undefined Weak Reference
    _get_lc_ctype                             - Undefined Weak Reference
    _get_lc_monetary                          - Undefined Weak Reference
    _get_lc_numeric                           - Undefined Weak Reference
    _get_lc_time                              - Undefined Weak Reference
    _getenv_init                              - Undefined Weak Reference
    _handle_redirection                       - Undefined Weak Reference
    _init_alloc                               - Undefined Weak Reference
    _init_user_alloc                          - Undefined Weak Reference
    _initio                                   - Undefined Weak Reference
    _printf_truncate_signed                   - Undefined Weak Reference
    _printf_truncate_unsigned                 - Undefined Weak Reference
    _rand_init                                - Undefined Weak Reference
    _signal_finish                            - Undefined Weak Reference
    _signal_init                              - Undefined Weak Reference
    _terminate_alloc                          - Undefined Weak Reference
    _terminate_user_alloc                     - Undefined Weak Reference
    _terminateio                              - Undefined Weak Reference
    __Vectors_Size                           0x00000130   Number         0  startup_stm32f10x_hd.o ABSOLUTE
    __Vectors                                0x08000000   Data           4  startup_stm32f10x_hd.o(RESET)
    __Vectors_End                            0x08000130   Data           0  startup_stm32f10x_hd.o(RESET)
    __main                                   0x08000131   Thumb Code     8  __main.o(!!!main)
    __scatterload                            0x08000139   Thumb Code     0  __scatter.o(!!!scatter)
    __scatterload_rt2                        0x08000139   Thumb Code    44  __scatter.o(!!!scatter)
    __scatterload_rt2_thumb_only             0x08000139   Thumb Code     0  __scatter.o(!!!scatter)
    __scatterload_null                       0x08000147   Thumb Code     0  __scatter.o(!!!scatter)
    __scatterload_copy                       0x0800016d   Thumb Code    26  __scatter_copy.o(!!handler_copy)
    __scatterload_zeroinit                   0x08000189   Thumb Code    28  __scatter_zi.o(!!handler_zi)
    _printf_percent                          0x080001a5   Thumb Code     0  _printf_percent.o(.ARM.Collect$$_printf_percent$$00000000)
    _printf_u                                0x080001a5   Thumb Code     0  _printf_u.o(.ARM.Collect$$_printf_percent$$0000000A)
    _printf_percent_end                      0x080001ab   Thumb Code     0  _printf_percent_end.o(.ARM.Collect$$_printf_percent$$00000017)
    __rt_lib_init                            0x080001af   Thumb Code     0  libinit.o(.ARM.Collect$$libinit$$00000000)
    __rt_lib_init_alloca_1                   0x080001b1   Thumb Code     0  libinit2.o(.ARM.Collect$$libinit$$0000002E)
    __rt_lib_init_argv_1                     0x080001b1   Thumb Code     0  libinit2.o(.ARM.Collect$$libinit$$0000002C)
    __rt_lib_init_atexit_1                   0x080001b1   Thumb Code     0  libinit2.o(.ARM.Collect$$libinit$$0000001B)
    __rt_lib_init_clock_1                    0x080001b1   Thumb Code     0  libinit2.o(.ARM.Collect$$libinit$$00000021)
    __rt_lib_init_cpp_1                      0x080001b1   Thumb Code     0  libinit2.o(.ARM.Collect$$libinit$$00000032)
    __rt_lib_init_exceptions_1               0x080001b1   Thumb Code     0  libinit2.o(.ARM.Collect$$libinit$$00000030)
    __rt_lib_init_fp_1                       0x080001b1   Thumb Code     0  libinit2.o(.ARM.Collect$$libinit$$00000002)
    __rt_lib_init_fp_trap_1                  0x080001b1   Thumb Code     0  libinit2.o(.ARM.Collect$$libinit$$0000001F)
    __rt_lib_init_getenv_1                   0x080001b1   Thumb Code     0  libinit2.o(.ARM.Collect$$libinit$$00000023)
    __rt_lib_init_heap_1                     0x080001b1   Thumb Code     0  libinit2.o(.ARM.Collect$$libinit$$0000000A)
    __rt_lib_init_lc_collate_1               0x080001b1   Thumb Code     0  libinit2.o(.ARM.Collect$$libinit$$00000011)
    __rt_lib_init_lc_ctype_1                 0x080001b1   Thumb Code     0  libinit2.o(.ARM.Collect$$libinit$$00000013)
    __rt_lib_init_lc_monetary_1              0x080001b1   Thumb Code     0  libinit2.o(.ARM.Collect$$libinit$$00000015)
    __rt_lib_init_lc_numeric_1               0x080001b1   Thumb Code     0  libinit2.o(.ARM.Collect$$libinit$$00000017)
    __rt_lib_init_lc_time_1                  0x080001b1   Thumb Code     0  libinit2.o(.ARM.Collect$$libinit$$00000019)
    __rt_lib_init_preinit_1                  0x080001b1   Thumb Code     0  libinit2.o(.ARM.Collect$$libinit$$00000004)
    __rt_lib_init_rand_1                     0x080001b1   Thumb Code     0  libinit2.o(.ARM.Collect$$libinit$$0000000E)
    __rt_lib_init_return                     0x080001b1   Thumb Code     0  libinit2.o(.ARM.Collect$$libinit$$00000033)
    __rt_lib_init_signal_1                   0x080001b1   Thumb Code     0  libinit2.o(.ARM.Collect$$libinit$$0000001D)
    __rt_lib_init_stdio_1                    0x080001b1   Thumb Code     0  libinit2.o(.ARM.Collect$$libinit$$00000025)
    __rt_lib_init_user_alloc_1               0x080001b1   Thumb Code     0  libinit2.o(.ARM.Collect$$libinit$$0000000C)
    __rt_lib_shutdown                        0x080001b3   Thumb Code     0  libshutdown.o(.ARM.Collect$$libshutdown$$00000000)
    __rt_lib_shutdown_cpp_1                  0x080001b5   Thumb Code     0  libshutdown2.o(.ARM.Collect$$libshutdown$$00000004)
    __rt_lib_shutdown_fini_1                 0x080001b5   Thumb Code     0  libshutdown2.o(.ARM.Collect$$libshutdown$$00000002)
    __rt_lib_shutdown_fp_trap_1              0x080001b5   Thumb Code     0  libshutdown2.o(.ARM.Collect$$libshutdown$$00000009)
    __rt_lib_shutdown_heap_1                 0x080001b5   Thumb Code     0  libshutdown2.o(.ARM.Collect$$libshutdown$$00000011)
    __rt_lib_shutdown_return                 0x080001b5   Thumb Code     0  libshutdown2.o(.ARM.Collect$$libshutdown$$00000012)
    __rt_lib_shutdown_signal_1               0x080001b5   Thumb Code     0  libshutdown2.o(.ARM.Collect$$libshutdown$$0000000C)
    __rt_lib_shutdown_stdio_1                0x080001b5   Thumb Code     0  libshutdown2.o(.ARM.Collect$$libshutdown$$00000006)
    __rt_lib_shutdown_user_alloc_1           0x080001b5   Thumb Code     0  libshutdown2.o(.ARM.Collect$$libshutdown$$0000000E)
    __rt_entry                               0x080001b7   Thumb Code     0  __rtentry.o(.ARM.Collect$$rtentry$$00000000)
    __rt_entry_presh_1                       0x080001b7   Thumb Code     0  __rtentry2.o(.ARM.Collect$$rtentry$$00000002)
    __rt_entry_sh                            0x080001b7   Thumb Code     0  __rtentry4.o(.ARM.Collect$$rtentry$$00000004)
    __rt_entry_li                            0x080001bd   Thumb Code     0  __rtentry2.o(.ARM.Collect$$rtentry$$0000000A)
    __rt_entry_postsh_1                      0x080001bd   Thumb Code     0  __rtentry2.o(.ARM.Collect$$rtentry$$00000009)
    __rt_entry_main                          0x080001c1   Thumb Code     0  __rtentry2.o(.ARM.Collect$$rtentry$$0000000D)
    __rt_entry_postli_1                      0x080001c1   Thumb Code     0  __rtentry2.o(.ARM.Collect$$rtentry$$0000000C)
    __rt_exit                                0x080001c9   Thumb Code     0  rtexit.o(.ARM.Collect$$rtexit$$00000000)
    __rt_exit_ls                             0x080001cb   Thumb Code     0  rtexit2.o(.ARM.Collect$$rtexit$$00000003)
    __rt_exit_prels_1                        0x080001cb   Thumb Code     0  rtexit2.o(.ARM.Collect$$rtexit$$00000002)
    __rt_exit_exit                           0x080001cf   Thumb Code     0  rtexit2.o(.ARM.Collect$$rtexit$$00000004)
    Reset_Handler                            0x080001d5   Thumb Code     4  startup_stm32f10x_hd.o(.text)
    NMI_Handler                              0x080001d9   Thumb Code     2  startup_stm32f10x_hd.o(.text)
    HardFault_Handler                        0x080001db   Thumb Code     2  startup_stm32f10x_hd.o(.text)
    MemManage_Handler                        0x080001dd   Thumb Code     2  startup_stm32f10x_hd.o(.text)
    BusFault_Handler                         0x080001df   Thumb Code     2  startup_stm32f10x_hd.o(.text)
    UsageFault_Handler                       0x080001e1   Thumb Code     2  startup_stm32f10x_hd.o(.text)
    SVC_Handler                              0x080001e3   Thumb Code     2  startup_stm32f10x_hd.o(.text)
    DebugMon_Handler                         0x080001e5   Thumb Code     2  startup_stm32f10x_hd.o(.text)
    PendSV_Handler                           0x080001e7   Thumb Code     2  startup_stm32f10x_hd.o(.text)
    SysTick_Handler                          0x080001e9   Thumb Code     2  startup_stm32f10x_hd.o(.text)
    ADC1_2_IRQHandler                        0x080001eb   Thumb Code     0  startup_stm32f10x_hd.o(.text)
    ADC3_IRQHandler                          0x080001eb   Thumb Code     0  startup_stm32f10x_hd.o(.text)
    CAN1_RX1_IRQHandler                      0x080001eb   Thumb Code     0  startup_stm32f10x_hd.o(.text)
    CAN1_SCE_IRQHandler                      0x080001eb   Thumb Code     0  startup_stm32f10x_hd.o(.text)
    DMA1_Channel1_IRQHandler                 0x080001eb   Thumb Code     0  startup_stm32f10x_hd.o(.text)
    DMA1_Channel2_IRQHandler                 0x080001eb   Thumb Code     0  startup_stm32f10x_hd.o(.text)
    DMA1_Channel3_IRQHandler                 0x080001eb   Thumb Code     0  startup_stm32f10x_hd.o(.text)
    DMA1_Channel4_IRQHandler                 0x080001eb   Thumb Code     0  startup_stm32f10x_hd.o(.text)
    DMA1_Channel5_IRQHandler                 0x080001eb   Thumb Code     0  startup_stm32f10x_hd.o(.text)
    DMA1_Channel6_IRQHandler                 0x080001eb   Thumb Code     0  startup_stm32f10x_hd.o(.text)
    DMA1_Channel7_IRQHandler                 0x080001eb   Thumb Code     0  startup_stm32f10x_hd.o(.text)
    DMA2_Channel1_IRQHandler                 0x080001eb   Thumb Code     0  startup_stm32f10x_hd.o(.text)
    DMA2_Channel2_IRQHandler                 0x080001eb   Thumb Code     0  startup_stm32f10x_hd.o(.text)
    DMA2_Channel3_IRQHandler                 0x080001eb   Thumb Code     0  startup_stm32f10x_hd.o(.text)
    DMA2_Channel4_5_IRQHandler               0x080001eb   Thumb Code     0  startup_stm32f10x_hd.o(.text)
    EXTI2_IRQHandler                         0x080001eb   Thumb Code     0  startup_stm32f10x_hd.o(.text)
    EXTI3_IRQHandler                         0x080001eb   Thumb Code     0  startup_stm32f10x_hd.o(.text)
    EXTI4_IRQHandler                         0x080001eb   Thumb Code     0  startup_stm32f10x_hd.o(.text)
    EXTI9_5_IRQHandler                       0x080001eb   Thumb Code     0  startup_stm32f10x_hd.o(.text)
    FLASH_IRQHandler                         0x080001eb   Thumb Code     0  startup_stm32f10x_hd.o(.text)
    FSMC_IRQHandler                          0x080001eb   Thumb Code     0  startup_stm32f10x_hd.o(.text)
    I2C1_ER_IRQHandler                       0x080001eb   Thumb Code     0  startup_stm32f10x_hd.o(.text)
    I2C1_EV_IRQHandler                       0x080001eb   Thumb Code     0  startup_stm32f10x_hd.o(.text)
    I2C2_ER_IRQHandler                       0x080001eb   Thumb Code     0  startup_stm32f10x_hd.o(.text)
    I2C2_EV_IRQHandler                       0x080001eb   Thumb Code     0  startup_stm32f10x_hd.o(.text)
    PVD_IRQHandler                           0x080001eb   Thumb Code     0  startup_stm32f10x_hd.o(.text)
    RCC_IRQHandler                           0x080001eb   Thumb Code     0  startup_stm32f10x_hd.o(.text)
    RTCAlarm_IRQHandler                      0x080001eb   Thumb Code     0  startup_stm32f10x_hd.o(.text)
    RTC_IRQHandler                           0x080001eb   Thumb Code     0  startup_stm32f10x_hd.o(.text)
    SDIO_IRQHandler                          0x080001eb   Thumb Code     0  startup_stm32f10x_hd.o(.text)
    SPI1_IRQHandler                          0x080001eb   Thumb Code     0  startup_stm32f10x_hd.o(.text)
    SPI2_IRQHandler                          0x080001eb   Thumb Code     0  startup_stm32f10x_hd.o(.text)
    SPI3_IRQHandler                          0x080001eb   Thumb Code     0  startup_stm32f10x_hd.o(.text)
    TAMPER_IRQHandler                        0x080001eb   Thumb Code     0  startup_stm32f10x_hd.o(.text)
    TIM1_BRK_IRQHandler                      0x080001eb   Thumb Code     0  startup_stm32f10x_hd.o(.text)
    TIM1_CC_IRQHandler                       0x080001eb   Thumb Code     0  startup_stm32f10x_hd.o(.text)
    TIM1_TRG_COM_IRQHandler                  0x080001eb   Thumb Code     0  startup_stm32f10x_hd.o(.text)
    TIM1_UP_IRQHandler                       0x080001eb   Thumb Code     0  startup_stm32f10x_hd.o(.text)
    TIM3_IRQHandler                          0x080001eb   Thumb Code     0  startup_stm32f10x_hd.o(.text)
    TIM4_IRQHandler                          0x080001eb   Thumb Code     0  startup_stm32f10x_hd.o(.text)
    TIM5_IRQHandler                          0x080001eb   Thumb Code     0  startup_stm32f10x_hd.o(.text)
    TIM6_IRQHandler                          0x080001eb   Thumb Code     0  startup_stm32f10x_hd.o(.text)
    TIM7_IRQHandler                          0x080001eb   Thumb Code     0  startup_stm32f10x_hd.o(.text)
    TIM8_BRK_IRQHandler                      0x080001eb   Thumb Code     0  startup_stm32f10x_hd.o(.text)
    TIM8_CC_IRQHandler                       0x080001eb   Thumb Code     0  startup_stm32f10x_hd.o(.text)
    TIM8_TRG_COM_IRQHandler                  0x080001eb   Thumb Code     0  startup_stm32f10x_hd.o(.text)
    TIM8_UP_IRQHandler                       0x080001eb   Thumb Code     0  startup_stm32f10x_hd.o(.text)
    UART4_IRQHandler                         0x080001eb   Thumb Code     0  startup_stm32f10x_hd.o(.text)
    UART5_IRQHandler                         0x080001eb   Thumb Code     0  startup_stm32f10x_hd.o(.text)
    USART2_IRQHandler                        0x080001eb   Thumb Code     0  startup_stm32f10x_hd.o(.text)
    USART3_IRQHandler                        0x080001eb   Thumb Code     0  startup_stm32f10x_hd.o(.text)
    USBWakeUp_IRQHandler                     0x080001eb   Thumb Code     0  startup_stm32f10x_hd.o(.text)
    USB_HP_CAN1_TX_IRQHandler                0x080001eb   Thumb Code     0  startup_stm32f10x_hd.o(.text)
    USB_LP_CAN1_RX0_IRQHandler               0x080001eb   Thumb Code     0  startup_stm32f10x_hd.o(.text)
    WWDG_IRQHandler                          0x080001eb   Thumb Code     0  startup_stm32f10x_hd.o(.text)
    __user_initial_stackheap                 0x080001ed   Thumb Code     0  startup_stm32f10x_hd.o(.text)
    __use_no_semihosting                     0x0800020d   Thumb Code     2  use_no_semi_2.o(.text)
    __2snprintf                              0x08000211   Thumb Code    48  noretval__2snprintf.o(.text)
    _printf_pre_padding                      0x08000245   Thumb Code    44  _printf_pad.o(.text)
    _printf_post_padding                     0x08000271   Thumb Code    34  _printf_pad.o(.text)
    _printf_int_dec                          0x08000295   Thumb Code   104  _printf_dec.o(.text)
    __printf                                 0x0800030d   Thumb Code   388  __printf_flags_ss_wp.o(.text)
    strcpy                                   0x08000495   Thumb Code    72  strcpy.o(.text)
    strlen                                   0x080004dd   Thumb Code    62  strlen.o(.text)
    __aeabi_memclr4                          0x0800051b   Thumb Code     0  rt_memclr_w.o(.text)
    __aeabi_memclr8                          0x0800051b   Thumb Code     0  rt_memclr_w.o(.text)
    __rt_memclr_w                            0x0800051b   Thumb Code    78  rt_memclr_w.o(.text)
    _memset_w                                0x0800051f   Thumb Code     0  rt_memclr_w.o(.text)
    __use_two_region_memory                  0x08000569   Thumb Code     2  heapauxi.o(.text)
    __rt_heap_escrow$2region                 0x0800056b   Thumb Code     2  heapauxi.o(.text)
    __rt_heap_expand$2region                 0x0800056d   Thumb Code     2  heapauxi.o(.text)
    __I$use$semihosting                      0x0800056f   Thumb Code     0  use_no_semi.o(.text)
    __use_no_semihosting_swi                 0x0800056f   Thumb Code     2  use_no_semi.o(.text)
    __read_errno                             0x08000571   Thumb Code    10  _rserrno.o(.text)
    __set_errno                              0x0800057b   Thumb Code    12  _rserrno.o(.text)
    _printf_int_common                       0x08000587   Thumb Code   178  _printf_intcommon.o(.text)
    _printf_char_common                      0x08000643   Thumb Code    32  _printf_char_common.o(.text)
    _sputc                                   0x08000669   Thumb Code    10  _sputc.o(.text)
    _snputc                                  0x08000673   Thumb Code    16  _snputc.o(.text)
    __aeabi_errno_addr                       0x08000685   Thumb Code     8  rt_errno_addr_intlibspace.o(.text)
    __errno$intlibspace                      0x08000685   Thumb Code     0  rt_errno_addr_intlibspace.o(.text)
    __rt_errno_addr$intlibspace              0x08000685   Thumb Code     0  rt_errno_addr_intlibspace.o(.text)
    __user_libspace                          0x0800068d   Thumb Code     8  libspace.o(.text)
    __user_perproc_libspace                  0x0800068d   Thumb Code     0  libspace.o(.text)
    __user_perthread_libspace                0x0800068d   Thumb Code     0  libspace.o(.text)
    __user_setup_stackheap                   0x08000695   Thumb Code    74  sys_stackheap_outer.o(.text)
    exit                                     0x080006df   Thumb Code    18  exit.o(.text)
    CT_Delay                                 0x080006f1   Thumb Code    10  ctiic.o(i.CT_Delay)
    CT_IIC_Ack                               0x080006fd   Thumb Code    66  ctiic.o(i.CT_IIC_Ack)
    CT_IIC_Init                              0x0800074d   Thumb Code    64  ctiic.o(i.CT_IIC_Init)
    CT_IIC_NAck                              0x08000799   Thumb Code    66  ctiic.o(i.CT_IIC_NAck)
    CT_IIC_Read_Byte                         0x080007e9   Thumb Code    96  ctiic.o(i.CT_IIC_Read_Byte)
    CT_IIC_Send_Byte                         0x08000855   Thumb Code    84  ctiic.o(i.CT_IIC_Send_Byte)
    CT_IIC_Start                             0x080008b5   Thumb Code    62  ctiic.o(i.CT_IIC_Start)
    CT_IIC_Stop                              0x08000901   Thumb Code    58  ctiic.o(i.CT_IIC_Stop)
    CT_IIC_Wait_Ack                          0x08000949   Thumb Code    84  ctiic.o(i.CT_IIC_Wait_Ack)
    EXTI0_IRQHandler                         0x080009a9   Thumb Code    40  ui_timing_detail_1.o(i.EXTI0_IRQHandler)
    EXTI15_10_IRQHandler                     0x080009d9   Thumb Code    42  ui_timing_detail_1.o(i.EXTI15_10_IRQHandler)
    EXTI1_IRQHandler                         0x08000a0d   Thumb Code    40  ui_timing_detail_1.o(i.EXTI1_IRQHandler)
    FT6336_Init                              0x08000a3d   Thumb Code    36  ctp.o(i.FT6336_Init)
    FT6336_RD_Reg                            0x08000a69   Thumb Code    88  ctp.o(i.FT6336_RD_Reg)
    FT6336_Scan                              0x08000ac1   Thumb Code   394  ctp.o(i.FT6336_Scan)
    GUI_DrawFont16                           0x08000c59   Thumb Code   234  lcd.o(i.GUI_DrawFont16)
    GUI_DrawFont24                           0x08000d55   Thumb Code   250  lcd.o(i.GUI_DrawFont24)
    GUI_DrawFont32                           0x08000e61   Thumb Code   234  lcd.o(i.GUI_DrawFont32)
    INTX_DISABLE                             0x08000f5d   Thumb Code     4  sys.o(i.INTX_DISABLE)
    INTX_ENABLE                              0x08000f61   Thumb Code     4  sys.o(i.INTX_ENABLE)
    JTAG_Set                                 0x08000f65   Thumb Code    38  sys.o(i.JTAG_Set)
    LCD_Clear                                0x08000f95   Thumb Code    44  lcd.o(i.LCD_Clear)
    LCD_Display_Dir                          0x08000fc5   Thumb Code   228  lcd.o(i.LCD_Display_Dir)
    LCD_DrawLine                             0x080010ad   Thumb Code   176  lcd.o(i.LCD_DrawLine)
    LCD_DrawPoint                            0x0800115d   Thumb Code    28  lcd.o(i.LCD_DrawPoint)
    LCD_Draw_Circle                          0x0800117d   Thumb Code   152  lcd.o(i.LCD_Draw_Circle)
    LCD_Fast_DrawPoint                       0x08001215   Thumb Code    28  lcd.o(i.LCD_Fast_DrawPoint)
    LCD_Fill                                 0x08001235   Thumb Code   178  lcd.o(i.LCD_Fill)
    LCD_Init                                 0x080012ed   Thumb Code   588  lcd.o(i.LCD_Init)
    LCD_Pow                                  0x08001551   Thumb Code    22  lcd.o(i.LCD_Pow)
    LCD_SetCursor                            0x08001569   Thumb Code    48  lcd.o(i.LCD_SetCursor)
    LCD_Set_Window                           0x0800159d   Thumb Code    96  lcd.o(i.LCD_Set_Window)
    LCD_ShowChar                             0x08001601   Thumb Code   272  lcd.o(i.LCD_ShowChar)
    LCD_ShowNum                              0x08001729   Thumb Code   148  lcd.o(i.LCD_ShowNum)
    LCD_ShowString                           0x080017bd   Thumb Code   102  lcd.o(i.LCD_ShowString)
    LCD_WR_DATA                              0x08001825   Thumb Code    78  lcd.o(i.LCD_WR_DATA)
    LCD_WR_REG                               0x0800187d   Thumb Code    78  lcd.o(i.LCD_WR_REG)
    LCD_WriteRAM                             0x080018d5   Thumb Code    12  lcd.o(i.LCD_WriteRAM)
    LCD_WriteRAM_Prepare                     0x080018e1   Thumb Code    12  lcd.o(i.LCD_WriteRAM_Prepare)
    LCD_WriteReg                             0x080018f1   Thumb Code    20  lcd.o(i.LCD_WriteReg)
    MYRCC_DeInit                             0x08001905   Thumb Code    90  sys.o(i.MYRCC_DeInit)
    MY_NVIC_Init                             0x0800196d   Thumb Code   116  sys.o(i.MY_NVIC_Init)
    MY_NVIC_PriorityGroupConfig              0x080019e5   Thumb Code    32  sys.o(i.MY_NVIC_PriorityGroupConfig)
    MY_NVIC_SetVectorTable                   0x08001a0d   Thumb Code    12  sys.o(i.MY_NVIC_SetVectorTable)
    Show_Str                                 0x08001a21   Thumb Code   238  lcd.o(i.Show_Str)
    Stm32_Clock_Init                         0x08001b15   Thumb Code   134  sys.o(i.Stm32_Clock_Init)
    TIM2_IRQHandler                          0x08001ba5   Thumb Code    42  ui_timing_detail_1.o(i.TIM2_IRQHandler)
    TP_Adj_Info_Show                         0x08001bd5   Thumb Code   374  touch.o(i.TP_Adj_Info_Show)
    TP_Adjust                                0x08001d7d   Thumb Code  2054  touch.o(i.TP_Adjust)
    TP_Drow_Touch_Point                      0x080025d5   Thumb Code   108  touch.o(i.TP_Drow_Touch_Point)
    TP_Init                                  0x0800271d   Thumb Code   180  touch.o(i.TP_Init)
    TP_Read_AD                               0x080027f5   Thumb Code   136  touch.o(i.TP_Read_AD)
    TP_Read_XOY                              0x08002885   Thumb Code   120  touch.o(i.TP_Read_XOY)
    TP_Read_XY                               0x080028fd   Thumb Code    38  touch.o(i.TP_Read_XY)
    TP_Read_XY2                              0x0800292d   Thumb Code   192  touch.o(i.TP_Read_XY2)
    TP_Save_Adjdata                          0x080029ed   Thumb Code   220  touch.o(i.TP_Save_Adjdata)
    TP_Scan                                  0x08002ad5   Thumb Code   262  touch.o(i.TP_Scan)
    TP_Write_Byte                            0x08002be5   Thumb Code    66  touch.o(i.TP_Write_Byte)
    UI_Main_Draw                             0x08002c31   Thumb Code    72  ui_main.o(i.UI_Main_Draw)
    UI_Main_Scan                             0x08002c79   Thumb Code   164  ui_main.o(i.UI_Main_Scan)
    UI_MechanicsDetail_Open                  0x08002d25   Thumb Code   102  ui_mechanics_detail_1.o(i.UI_MechanicsDetail_Open)
    UI_MechanicsDetail_Scan                  0x08002d91   Thumb Code   266  ui_mechanics_detail_1.o(i.UI_MechanicsDetail_Scan)
    UI_MechanicsMenu_Draw                    0x08002ea9   Thumb Code    88  ui_mechanics_menu_1.o(i.UI_MechanicsMenu_Draw)
    UI_MechanicsMenu_GetSelected             0x08002f01   Thumb Code     6  ui_mechanics_menu_1.o(i.UI_MechanicsMenu_GetSelected)
    UI_MechanicsMenu_Scan                    0x08002f0d   Thumb Code   212  ui_mechanics_menu_1.o(i.UI_MechanicsMenu_Scan)
    UI_MechanicsMenu_SetMeasuring            0x08002fed   Thumb Code    22  ui_mechanics_menu_1.o(i.UI_MechanicsMenu_SetMeasuring)
    UI_SettingsDetail_Open                   0x08003009   Thumb Code    20  ui_settings_detail_1.o(i.UI_SettingsDetail_Open)
    UI_SettingsDetail_Scan                   0x08003021   Thumb Code   164  ui_settings_detail_1.o(i.UI_SettingsDetail_Scan)
    UI_SettingsMenu_Draw                     0x080030d1   Thumb Code    78  ui_settings_menu_1.o(i.UI_SettingsMenu_Draw)
    UI_SettingsMenu_Scan                     0x08003121   Thumb Code   176  ui_settings_menu_1.o(i.UI_SettingsMenu_Scan)
    UI_SignalDetail_Open                     0x080031d9   Thumb Code    18  ui_signal_detail_1.o(i.UI_SignalDetail_Open)
    UI_SignalDetail_Scan                     0x080031f1   Thumb Code   186  ui_signal_detail_1.o(i.UI_SignalDetail_Scan)
    UI_SignalMenu_Draw                       0x080032b9   Thumb Code    74  ui_signal_menu_1.o(i.UI_SignalMenu_Draw)
    UI_SignalMenu_Scan                       0x08003305   Thumb Code   176  ui_signal_menu_1.o(i.UI_SignalMenu_Scan)
    UI_SignalMenu_SetOutput                  0x080033bd   Thumb Code    22  ui_signal_menu_1.o(i.UI_SignalMenu_SetOutput)
    UI_TimingDetail_Open                     0x080033d9   Thumb Code    70  ui_timing_detail_1.o(i.UI_TimingDetail_Open)
    UI_TimingDetail_Scan                     0x08003425   Thumb Code   344  ui_timing_detail_1.o(i.UI_TimingDetail_Scan)
    UI_TimingMenu_Draw                       0x0800358d   Thumb Code    88  ui_timing_menu_1.o(i.UI_TimingMenu_Draw)
    UI_TimingMenu_GetSelected                0x080035e5   Thumb Code     6  ui_timing_menu_1.o(i.UI_TimingMenu_GetSelected)
    UI_TimingMenu_Scan                       0x080035f1   Thumb Code   212  ui_timing_menu_1.o(i.UI_TimingMenu_Scan)
    UI_TimingMenu_SetMeasuring               0x080036d1   Thumb Code    22  ui_timing_menu_1.o(i.UI_TimingMenu_SetMeasuring)
    USART1_IRQHandler                        0x080036ed   Thumb Code   118  usart.o(i.USART1_IRQHandler)
    _is_digit                                0x08003771   Thumb Code    14  __printf_wp.o(i._is_digit)
    _sys_exit                                0x0800377f   Thumb Code     6  usart.o(i._sys_exit)
    delay_init                               0x0800388d   Thumb Code    56  delay.o(i.delay_init)
    delay_ms                                 0x080038cd   Thumb Code    56  delay.o(i.delay_ms)
    delay_us                                 0x08003909   Thumb Code    56  delay.o(i.delay_us)
    gui_draw_hline                           0x08006675   Thumb Code    36  lcd.o(i.gui_draw_hline)
    gui_fill_circle                          0x08006699   Thumb Code   176  lcd.o(i.gui_fill_circle)
    lcd_draw_bline                           0x08006c0d   Thumb Code   212  lcd.o(i.lcd_draw_bline)
    main                                     0x08006ce1   Thumb Code   454  test.o(i.main)
    sqrt                                     0x08007185   Thumb Code    76  sqrt.o(i.sqrt)
    __fpl_dcmp_Inf                           0x080073b5   Thumb Code    24  dcmpi.o(x$fpl$dcmpinf)
    __aeabi_d2uiz                            0x080073cd   Thumb Code     0  dfixu.o(x$fpl$dfixu)
    _dfixu                                   0x080073cd   Thumb Code    90  dfixu.o(x$fpl$dfixu)
    __aeabi_ui2d                             0x08007427   Thumb Code     0  dflt_clz.o(x$fpl$dfltu)
    _dfltu                                   0x08007427   Thumb Code    38  dflt_clz.o(x$fpl$dfltu)
    __aeabi_cdcmple                          0x0800744d   Thumb Code     0  dleqf.o(x$fpl$dleqf)
    _dcmple                                  0x0800744d   Thumb Code   120  dleqf.o(x$fpl$dleqf)
    __fpl_dcmple_InfNaN                      0x080074af   Thumb Code     0  dleqf.o(x$fpl$dleqf)
    __aeabi_dmul                             0x080074c5   Thumb Code     0  dmul.o(x$fpl$dmul)
    _dmul                                    0x080074c5   Thumb Code   332  dmul.o(x$fpl$dmul)
    __fpl_dnaninf                            0x08007619   Thumb Code   156  dnaninf.o(x$fpl$dnaninf)
    __fpl_dretinf                            0x080076b5   Thumb Code    12  dretinf.o(x$fpl$dretinf)
    __aeabi_cdrcmple                         0x080076c1   Thumb Code     0  drleqf.o(x$fpl$drleqf)
    _drcmple                                 0x080076c1   Thumb Code   108  drleqf.o(x$fpl$drleqf)
    _dsqrt                                   0x0800772d   Thumb Code   456  dsqrt_noumaal.o(x$fpl$dsqrt)
    __aeabi_f2d                              0x080078f9   Thumb Code     0  f2d.o(x$fpl$f2d)
    _f2d                                     0x080078f9   Thumb Code    86  f2d.o(x$fpl$f2d)
    __aeabi_fadd                             0x08007951   Thumb Code     0  faddsub_clz.o(x$fpl$fadd)
    _fadd                                    0x08007951   Thumb Code   196  faddsub_clz.o(x$fpl$fadd)
    __aeabi_fdiv                             0x08007a15   Thumb Code     0  fdiv.o(x$fpl$fdiv)
    _fdiv                                    0x08007a15   Thumb Code   384  fdiv.o(x$fpl$fdiv)
    __aeabi_f2iz                             0x08007b99   Thumb Code     0  ffix.o(x$fpl$ffix)
    _ffix                                    0x08007b99   Thumb Code    54  ffix.o(x$fpl$ffix)
    __aeabi_f2uiz                            0x08007bd1   Thumb Code     0  ffixu.o(x$fpl$ffixu)
    _ffixu                                   0x08007bd1   Thumb Code    62  ffixu.o(x$fpl$ffixu)
    __aeabi_i2f                              0x08007c11   Thumb Code     0  fflt_clz.o(x$fpl$fflt)
    _fflt                                    0x08007c11   Thumb Code    48  fflt_clz.o(x$fpl$fflt)
    __aeabi_ui2f                             0x08007c41   Thumb Code     0  fflt_clz.o(x$fpl$ffltu)
    _ffltu                                   0x08007c41   Thumb Code    38  fflt_clz.o(x$fpl$ffltu)
    __aeabi_fmul                             0x08007c69   Thumb Code     0  fmul.o(x$fpl$fmul)
    _fmul                                    0x08007c69   Thumb Code   258  fmul.o(x$fpl$fmul)
    __fpl_fnaninf                            0x08007d6b   Thumb Code   140  fnaninf.o(x$fpl$fnaninf)
    __fpl_fretinf                            0x08007df7   Thumb Code    10  fretinf.o(x$fpl$fretinf)
    __aeabi_fsub                             0x08007e01   Thumb Code     0  faddsub_clz.o(x$fpl$fsub)
    _fsub                                    0x08007e01   Thumb Code   234  faddsub_clz.o(x$fpl$fsub)
    __I$use$fp                               0x08007eea   Number         0  usenofp.o(x$fpl$usenofp)
    asc2_1206                                0x08007eea   Data        1140  lcd.o(.constdata)
    asc2_1608                                0x0800835e   Data        1520  lcd.o(.constdata)
    asc2_2412                                0x0800894e   Data        3420  lcd.o(.constdata)
    tfont16                                  0x080096aa   Data        5950  lcd.o(.constdata)
    tfont24                                  0x0800ade8   Data         444  lcd.o(.constdata)
    tfont32                                  0x0800afa4   Data        1040  lcd.o(.constdata)
    FT5206_TPX_TBL                           0x0800b3b4   Data          10  ctp.o(.constdata)
    TP_REMIND_MSG_TBL                        0x0800b3c0   Data           4  touch.o(.constdata)
    Region$$Table$$Base                      0x0800b9e4   Number         0  anon$$obj.o(Region$$Table)
    Region$$Table$$Limit                     0x0800ba04   Number         0  anon$$obj.o(Region$$Table)
    __stdout                                 0x20000004   Data           4  usart.o(.data)
    USART_RX_STA                             0x20000008   Data           2  usart.o(.data)
    POINT_COLOR                              0x2000000a   Data           2  lcd.o(.data)
    BACK_COLOR                               0x2000000c   Data           2  lcd.o(.data)
    tp_dev                                   0x20000010   Data          52  touch.o(.data)
    CMD_RDX                                  0x20000044   Data           1  touch.o(.data)
    CMD_RDY                                  0x20000045   Data           1  touch.o(.data)
    USART_RX_BUF                             0x20000064   Data         200  usart.o(.bss)
    lcddev                                   0x2000012c   Data          14  lcd.o(.bss)
    __libspace_start                         0x200002e4   Data          96  libspace.o(.bss)
    __temporary_stack_top$libspace           0x20000344   Data           0  libspace.o(.bss)



==============================================================================

Memory Map of the image

  Image Entry point : 0x08000131

  Load Region LR_IROM1 (Base: 0x08000000, Size: 0x0000ba68, Max: 0x00010000, ABSOLUTE)

    Execution Region ER_IROM1 (Exec base: 0x08000000, Load base: 0x08000000, Size: 0x0000ba04, Max: 0x00010000, ABSOLUTE)

    Exec Addr    Load Addr    Size         Type   Attr      Idx    E Section Name        Object

    0x08000000   0x08000000   0x00000130   Data   RO            3    RESET               startup_stm32f10x_hd.o
    0x08000130   0x08000130   0x00000008   Code   RO         1781  * !!!main             c_w.l(__main.o)
    0x08000138   0x08000138   0x00000034   Code   RO         2027    !!!scatter          c_w.l(__scatter.o)
    0x0800016c   0x0800016c   0x0000001a   Code   RO         2029    !!handler_copy      c_w.l(__scatter_copy.o)
    0x08000186   0x08000186   0x00000002   PAD
    0x08000188   0x08000188   0x0000001c   Code   RO         2031    !!handler_zi        c_w.l(__scatter_zi.o)
    0x080001a4   0x080001a4   0x00000000   Code   RO         1770    .ARM.Collect$$_printf_percent$$00000000  c_w.l(_printf_percent.o)
    0x080001a4   0x080001a4   0x00000006   Code   RO         1769    .ARM.Collect$$_printf_percent$$0000000A  c_w.l(_printf_u.o)
    0x080001aa   0x080001aa   0x00000004   Code   RO         1852    .ARM.Collect$$_printf_percent$$00000017  c_w.l(_printf_percent_end.o)
    0x080001ae   0x080001ae   0x00000002   Code   RO         1902    .ARM.Collect$$libinit$$00000000  c_w.l(libinit.o)
    0x080001b0   0x080001b0   0x00000000   Code   RO         1906    .ARM.Collect$$libinit$$00000002  c_w.l(libinit2.o)
    0x080001b0   0x080001b0   0x00000000   Code   RO         1908    .ARM.Collect$$libinit$$00000004  c_w.l(libinit2.o)
    0x080001b0   0x080001b0   0x00000000   Code   RO         1911    .ARM.Collect$$libinit$$0000000A  c_w.l(libinit2.o)
    0x080001b0   0x080001b0   0x00000000   Code   RO         1913    .ARM.Collect$$libinit$$0000000C  c_w.l(libinit2.o)
    0x080001b0   0x080001b0   0x00000000   Code   RO         1915    .ARM.Collect$$libinit$$0000000E  c_w.l(libinit2.o)
    0x080001b0   0x080001b0   0x00000000   Code   RO         1918    .ARM.Collect$$libinit$$00000011  c_w.l(libinit2.o)
    0x080001b0   0x080001b0   0x00000000   Code   RO         1920    .ARM.Collect$$libinit$$00000013  c_w.l(libinit2.o)
    0x080001b0   0x080001b0   0x00000000   Code   RO         1922    .ARM.Collect$$libinit$$00000015  c_w.l(libinit2.o)
    0x080001b0   0x080001b0   0x00000000   Code   RO         1924    .ARM.Collect$$libinit$$00000017  c_w.l(libinit2.o)
    0x080001b0   0x080001b0   0x00000000   Code   RO         1926    .ARM.Collect$$libinit$$00000019  c_w.l(libinit2.o)
    0x080001b0   0x080001b0   0x00000000   Code   RO         1928    .ARM.Collect$$libinit$$0000001B  c_w.l(libinit2.o)
    0x080001b0   0x080001b0   0x00000000   Code   RO         1930    .ARM.Collect$$libinit$$0000001D  c_w.l(libinit2.o)
    0x080001b0   0x080001b0   0x00000000   Code   RO         1932    .ARM.Collect$$libinit$$0000001F  c_w.l(libinit2.o)
    0x080001b0   0x080001b0   0x00000000   Code   RO         1934    .ARM.Collect$$libinit$$00000021  c_w.l(libinit2.o)
    0x080001b0   0x080001b0   0x00000000   Code   RO         1936    .ARM.Collect$$libinit$$00000023  c_w.l(libinit2.o)
    0x080001b0   0x080001b0   0x00000000   Code   RO         1938    .ARM.Collect$$libinit$$00000025  c_w.l(libinit2.o)
    0x080001b0   0x080001b0   0x00000000   Code   RO         1942    .ARM.Collect$$libinit$$0000002C  c_w.l(libinit2.o)
    0x080001b0   0x080001b0   0x00000000   Code   RO         1944    .ARM.Collect$$libinit$$0000002E  c_w.l(libinit2.o)
    0x080001b0   0x080001b0   0x00000000   Code   RO         1946    .ARM.Collect$$libinit$$00000030  c_w.l(libinit2.o)
    0x080001b0   0x080001b0   0x00000000   Code   RO         1948    .ARM.Collect$$libinit$$00000032  c_w.l(libinit2.o)
    0x080001b0   0x080001b0   0x00000002   Code   RO         1949    .ARM.Collect$$libinit$$00000033  c_w.l(libinit2.o)
    0x080001b2   0x080001b2   0x00000002   Code   RO         1967    .ARM.Collect$$libshutdown$$00000000  c_w.l(libshutdown.o)
    0x080001b4   0x080001b4   0x00000000   Code   RO         1977    .ARM.Collect$$libshutdown$$00000002  c_w.l(libshutdown2.o)
    0x080001b4   0x080001b4   0x00000000   Code   RO         1979    .ARM.Collect$$libshutdown$$00000004  c_w.l(libshutdown2.o)
    0x080001b4   0x080001b4   0x00000000   Code   RO         1981    .ARM.Collect$$libshutdown$$00000006  c_w.l(libshutdown2.o)
    0x080001b4   0x080001b4   0x00000000   Code   RO         1984    .ARM.Collect$$libshutdown$$00000009  c_w.l(libshutdown2.o)
    0x080001b4   0x080001b4   0x00000000   Code   RO         1987    .ARM.Collect$$libshutdown$$0000000C  c_w.l(libshutdown2.o)
    0x080001b4   0x080001b4   0x00000000   Code   RO         1989    .ARM.Collect$$libshutdown$$0000000E  c_w.l(libshutdown2.o)
    0x080001b4   0x080001b4   0x00000000   Code   RO         1992    .ARM.Collect$$libshutdown$$00000011  c_w.l(libshutdown2.o)
    0x080001b4   0x080001b4   0x00000002   Code   RO         1993    .ARM.Collect$$libshutdown$$00000012  c_w.l(libshutdown2.o)
    0x080001b6   0x080001b6   0x00000000   Code   RO         1841    .ARM.Collect$$rtentry$$00000000  c_w.l(__rtentry.o)
    0x080001b6   0x080001b6   0x00000000   Code   RO         1869    .ARM.Collect$$rtentry$$00000002  c_w.l(__rtentry2.o)
    0x080001b6   0x080001b6   0x00000006   Code   RO         1881    .ARM.Collect$$rtentry$$00000004  c_w.l(__rtentry4.o)
    0x080001bc   0x080001bc   0x00000000   Code   RO         1871    .ARM.Collect$$rtentry$$00000009  c_w.l(__rtentry2.o)
    0x080001bc   0x080001bc   0x00000004   Code   RO         1872    .ARM.Collect$$rtentry$$0000000A  c_w.l(__rtentry2.o)
    0x080001c0   0x080001c0   0x00000000   Code   RO         1874    .ARM.Collect$$rtentry$$0000000C  c_w.l(__rtentry2.o)
    0x080001c0   0x080001c0   0x00000008   Code   RO         1875    .ARM.Collect$$rtentry$$0000000D  c_w.l(__rtentry2.o)
    0x080001c8   0x080001c8   0x00000002   Code   RO         1903    .ARM.Collect$$rtexit$$00000000  c_w.l(rtexit.o)
    0x080001ca   0x080001ca   0x00000000   Code   RO         1951    .ARM.Collect$$rtexit$$00000002  c_w.l(rtexit2.o)
    0x080001ca   0x080001ca   0x00000004   Code   RO         1952    .ARM.Collect$$rtexit$$00000003  c_w.l(rtexit2.o)
    0x080001ce   0x080001ce   0x00000006   Code   RO         1953    .ARM.Collect$$rtexit$$00000004  c_w.l(rtexit2.o)
    0x080001d4   0x080001d4   0x00000038   Code   RO            4    .text               startup_stm32f10x_hd.o
    0x0800020c   0x0800020c   0x00000002   Code   RO         1711    .text               c_w.l(use_no_semi_2.o)
    0x0800020e   0x0800020e   0x00000002   PAD
    0x08000210   0x08000210   0x00000034   Code   RO         1719    .text               c_w.l(noretval__2snprintf.o)
    0x08000244   0x08000244   0x0000004e   Code   RO         1723    .text               c_w.l(_printf_pad.o)
    0x08000292   0x08000292   0x00000002   PAD
    0x08000294   0x08000294   0x00000078   Code   RO         1725    .text               c_w.l(_printf_dec.o)
    0x0800030c   0x0800030c   0x00000188   Code   RO         1765    .text               c_w.l(__printf_flags_ss_wp.o)
    0x08000494   0x08000494   0x00000048   Code   RO         1771    .text               c_w.l(strcpy.o)
    0x080004dc   0x080004dc   0x0000003e   Code   RO         1773    .text               c_w.l(strlen.o)
    0x0800051a   0x0800051a   0x0000004e   Code   RO         1777    .text               c_w.l(rt_memclr_w.o)
    0x08000568   0x08000568   0x00000006   Code   RO         1779    .text               c_w.l(heapauxi.o)
    0x0800056e   0x0800056e   0x00000002   Code   RO         1839    .text               c_w.l(use_no_semi.o)
    0x08000570   0x08000570   0x00000016   Code   RO         1842    .text               c_w.l(_rserrno.o)
    0x08000586   0x08000586   0x000000b2   Code   RO         1844    .text               c_w.l(_printf_intcommon.o)
    0x08000638   0x08000638   0x00000030   Code   RO         1846    .text               c_w.l(_printf_char_common.o)
    0x08000668   0x08000668   0x0000000a   Code   RO         1848    .text               c_w.l(_sputc.o)
    0x08000672   0x08000672   0x00000010   Code   RO         1850    .text               c_w.l(_snputc.o)
    0x08000682   0x08000682   0x00000002   PAD
    0x08000684   0x08000684   0x00000008   Code   RO         1886    .text               c_w.l(rt_errno_addr_intlibspace.o)
    0x0800068c   0x0800068c   0x00000008   Code   RO         1890    .text               c_w.l(libspace.o)
    0x08000694   0x08000694   0x0000004a   Code   RO         1893    .text               c_w.l(sys_stackheap_outer.o)
    0x080006de   0x080006de   0x00000012   Code   RO         1895    .text               c_w.l(exit.o)
    0x080006f0   0x080006f0   0x0000000a   Code   RO          595    i.CT_Delay          ctiic.o
    0x080006fa   0x080006fa   0x00000002   PAD
    0x080006fc   0x080006fc   0x00000050   Code   RO          596    i.CT_IIC_Ack        ctiic.o
    0x0800074c   0x0800074c   0x0000004c   Code   RO          597    i.CT_IIC_Init       ctiic.o
    0x08000798   0x08000798   0x00000050   Code   RO          598    i.CT_IIC_NAck       ctiic.o
    0x080007e8   0x080007e8   0x0000006c   Code   RO          599    i.CT_IIC_Read_Byte  ctiic.o
    0x08000854   0x08000854   0x00000060   Code   RO          600    i.CT_IIC_Send_Byte  ctiic.o
    0x080008b4   0x080008b4   0x0000004c   Code   RO          601    i.CT_IIC_Start      ctiic.o
    0x08000900   0x08000900   0x00000048   Code   RO          602    i.CT_IIC_Stop       ctiic.o
    0x08000948   0x08000948   0x00000060   Code   RO          603    i.CT_IIC_Wait_Ack   ctiic.o
    0x080009a8   0x080009a8   0x00000030   Code   RO         1034    i.EXTI0_IRQHandler  ui_timing_detail_1.o
    0x080009d8   0x080009d8   0x00000034   Code   RO         1035    i.EXTI15_10_IRQHandler  ui_timing_detail_1.o
    0x08000a0c   0x08000a0c   0x00000030   Code   RO         1036    i.EXTI1_IRQHandler  ui_timing_detail_1.o
    0x08000a3c   0x08000a3c   0x0000002c   Code   RO          548    i.FT6336_Init       ctp.o
    0x08000a68   0x08000a68   0x00000058   Code   RO          549    i.FT6336_RD_Reg     ctp.o
    0x08000ac0   0x08000ac0   0x00000198   Code   RO          550    i.FT6336_Scan       ctp.o
    0x08000c58   0x08000c58   0x000000fc   Code   RO          279    i.GUI_DrawFont16    lcd.o
    0x08000d54   0x08000d54   0x0000010c   Code   RO          280    i.GUI_DrawFont24    lcd.o
    0x08000e60   0x08000e60   0x000000fc   Code   RO          281    i.GUI_DrawFont32    lcd.o
    0x08000f5c   0x08000f5c   0x00000004   Code   RO          158    i.INTX_DISABLE      sys.o
    0x08000f60   0x08000f60   0x00000004   Code   RO          159    i.INTX_ENABLE       sys.o
    0x08000f64   0x08000f64   0x00000030   Code   RO          160    i.JTAG_Set          sys.o
    0x08000f94   0x08000f94   0x00000030   Code   RO          284    i.LCD_Clear         lcd.o
    0x08000fc4   0x08000fc4   0x000000e8   Code   RO          288    i.LCD_Display_Dir   lcd.o
    0x080010ac   0x080010ac   0x000000b0   Code   RO          289    i.LCD_DrawLine      lcd.o
    0x0800115c   0x0800115c   0x00000020   Code   RO          290    i.LCD_DrawPoint     lcd.o
    0x0800117c   0x0800117c   0x00000098   Code   RO          292    i.LCD_Draw_Circle   lcd.o
    0x08001214   0x08001214   0x00000020   Code   RO          293    i.LCD_Fast_DrawPoint  lcd.o
    0x08001234   0x08001234   0x000000b8   Code   RO          294    i.LCD_Fill          lcd.o
    0x080012ec   0x080012ec   0x00000264   Code   RO          295    i.LCD_Init          lcd.o
    0x08001550   0x08001550   0x00000016   Code   RO          296    i.LCD_Pow           lcd.o
    0x08001566   0x08001566   0x00000002   PAD
    0x08001568   0x08001568   0x00000034   Code   RO          300    i.LCD_SetCursor     lcd.o
    0x0800159c   0x0800159c   0x00000064   Code   RO          301    i.LCD_Set_Window    lcd.o
    0x08001600   0x08001600   0x00000128   Code   RO          302    i.LCD_ShowChar      lcd.o
    0x08001728   0x08001728   0x00000094   Code   RO          303    i.LCD_ShowNum       lcd.o
    0x080017bc   0x080017bc   0x00000066   Code   RO          304    i.LCD_ShowString    lcd.o
    0x08001822   0x08001822   0x00000002   PAD
    0x08001824   0x08001824   0x00000058   Code   RO          306    i.LCD_WR_DATA       lcd.o
    0x0800187c   0x0800187c   0x00000058   Code   RO          307    i.LCD_WR_REG        lcd.o
    0x080018d4   0x080018d4   0x0000000c   Code   RO          308    i.LCD_WriteRAM      lcd.o
    0x080018e0   0x080018e0   0x00000010   Code   RO          309    i.LCD_WriteRAM_Prepare  lcd.o
    0x080018f0   0x080018f0   0x00000014   Code   RO          310    i.LCD_WriteReg      lcd.o
    0x08001904   0x08001904   0x00000068   Code   RO          161    i.MYRCC_DeInit      sys.o
    0x0800196c   0x0800196c   0x00000078   Code   RO          162    i.MY_NVIC_Init      sys.o
    0x080019e4   0x080019e4   0x00000028   Code   RO          163    i.MY_NVIC_PriorityGroupConfig  sys.o
    0x08001a0c   0x08001a0c   0x00000014   Code   RO          164    i.MY_NVIC_SetVectorTable  sys.o
    0x08001a20   0x08001a20   0x000000f4   Code   RO          312    i.Show_Str          lcd.o
    0x08001b14   0x08001b14   0x00000090   Code   RO          165    i.Stm32_Clock_Init  sys.o
    0x08001ba4   0x08001ba4   0x00000030   Code   RO         1037    i.TIM2_IRQHandler   ui_timing_detail_1.o
    0x08001bd4   0x08001bd4   0x000001a8   Code   RO          655    i.TP_Adj_Info_Show  touch.o
    0x08001d7c   0x08001d7c   0x00000858   Code   RO          656    i.TP_Adjust         touch.o
    0x080025d4   0x080025d4   0x00000070   Code   RO          658    i.TP_Drow_Touch_Point  touch.o
    0x08002644   0x08002644   0x00000014   Code   RO          659    i.TP_Flash_ClearStatus  touch.o
    0x08002658   0x08002658   0x00000040   Code   RO          660    i.TP_Flash_ErasePage  touch.o
    0x08002698   0x08002698   0x00000014   Code   RO          661    i.TP_Flash_Lock     touch.o
    0x080026ac   0x080026ac   0x00000038   Code   RO          662    i.TP_Flash_ProgramHalfWord  touch.o
    0x080026e4   0x080026e4   0x00000024   Code   RO          663    i.TP_Flash_Unlock   touch.o
    0x08002708   0x08002708   0x00000014   Code   RO          664    i.TP_Flash_WaitDone  touch.o
    0x0800271c   0x0800271c   0x000000d8   Code   RO          666    i.TP_Init           touch.o
    0x080027f4   0x080027f4   0x00000090   Code   RO          667    i.TP_Read_AD        touch.o
    0x08002884   0x08002884   0x00000078   Code   RO          668    i.TP_Read_XOY       touch.o
    0x080028fc   0x080028fc   0x00000030   Code   RO          669    i.TP_Read_XY        touch.o
    0x0800292c   0x0800292c   0x000000c0   Code   RO          670    i.TP_Read_XY2       touch.o
    0x080029ec   0x080029ec   0x000000e8   Code   RO          671    i.TP_Save_Adjdata   touch.o
    0x08002ad4   0x08002ad4   0x00000110   Code   RO          672    i.TP_Scan           touch.o
    0x08002be4   0x08002be4   0x0000004c   Code   RO          673    i.TP_Write_Byte     touch.o
    0x08002c30   0x08002c30   0x00000048   Code   RO          873    i.UI_Main_Draw      ui_main.o
    0x08002c78   0x08002c78   0x000000ac   Code   RO          874    i.UI_Main_Scan      ui_main.o
    0x08002d24   0x08002d24   0x0000006c   Code   RO         1325    i.UI_MechanicsDetail_Open  ui_mechanics_detail_1.o
    0x08002d90   0x08002d90   0x00000118   Code   RO         1326    i.UI_MechanicsDetail_Scan  ui_mechanics_detail_1.o
    0x08002ea8   0x08002ea8   0x00000058   Code   RO         1251    i.UI_MechanicsMenu_Draw  ui_mechanics_menu_1.o
    0x08002f00   0x08002f00   0x0000000c   Code   RO         1252    i.UI_MechanicsMenu_GetSelected  ui_mechanics_menu_1.o
    0x08002f0c   0x08002f0c   0x000000e0   Code   RO         1253    i.UI_MechanicsMenu_Scan  ui_mechanics_menu_1.o
    0x08002fec   0x08002fec   0x0000001c   Code   RO         1254    i.UI_MechanicsMenu_SetMeasuring  ui_mechanics_menu_1.o
    0x08003008   0x08003008   0x00000018   Code   RO         1642    i.UI_SettingsDetail_Open  ui_settings_detail_1.o
    0x08003020   0x08003020   0x000000b0   Code   RO         1643    i.UI_SettingsDetail_Scan  ui_settings_detail_1.o
    0x080030d0   0x080030d0   0x0000004e   Code   RO         1574    i.UI_SettingsMenu_Draw  ui_settings_menu_1.o
    0x0800311e   0x0800311e   0x00000002   PAD
    0x08003120   0x08003120   0x000000b8   Code   RO         1576    i.UI_SettingsMenu_Scan  ui_settings_menu_1.o
    0x080031d8   0x080031d8   0x00000018   Code   RO         1507    i.UI_SignalDetail_Open  ui_signal_detail_1.o
    0x080031f0   0x080031f0   0x000000c8   Code   RO         1508    i.UI_SignalDetail_Scan  ui_signal_detail_1.o
    0x080032b8   0x080032b8   0x0000004a   Code   RO         1438    i.UI_SignalMenu_Draw  ui_signal_menu_1.o
    0x08003302   0x08003302   0x00000002   PAD
    0x08003304   0x08003304   0x000000b8   Code   RO         1440    i.UI_SignalMenu_Scan  ui_signal_menu_1.o
    0x080033bc   0x080033bc   0x0000001c   Code   RO         1441    i.UI_SignalMenu_SetOutput  ui_signal_menu_1.o
    0x080033d8   0x080033d8   0x0000004c   Code   RO         1038    i.UI_TimingDetail_Open  ui_timing_detail_1.o
    0x08003424   0x08003424   0x00000168   Code   RO         1039    i.UI_TimingDetail_Scan  ui_timing_detail_1.o
    0x0800358c   0x0800358c   0x00000058   Code   RO          960    i.UI_TimingMenu_Draw  ui_timing_menu_1.o
    0x080035e4   0x080035e4   0x0000000c   Code   RO          961    i.UI_TimingMenu_GetSelected  ui_timing_menu_1.o
    0x080035f0   0x080035f0   0x000000e0   Code   RO          962    i.UI_TimingMenu_Scan  ui_timing_menu_1.o
    0x080036d0   0x080036d0   0x0000001c   Code   RO          963    i.UI_TimingMenu_SetMeasuring  ui_timing_menu_1.o
    0x080036ec   0x080036ec   0x00000084   Code   RO          238    i.USART1_IRQHandler  usart.o
    0x08003770   0x08003770   0x0000000e   Code   RO         1758    i._is_digit         c_w.l(__printf_wp.o)
    0x0800377e   0x0800377e   0x00000006   Code   RO          239    i._sys_exit         usart.o
    0x08003784   0x08003784   0x00000038   Code   RO         1327    i.confirm_popup     ui_mechanics_detail_1.o
    0x080037bc   0x080037bc   0x00000028   Code   RO         1040    i.current_status_text  ui_timing_detail_1.o
    0x080037e4   0x080037e4   0x000000a8   Code   RO         1328    i.current_value_text  ui_mechanics_detail_1.o
    0x0800388c   0x0800388c   0x00000040   Code   RO          130    i.delay_init        delay.o
    0x080038cc   0x080038cc   0x0000003c   Code   RO          131    i.delay_ms          delay.o
    0x08003908   0x08003908   0x0000003c   Code   RO          132    i.delay_us          delay.o
    0x08003944   0x08003944   0x00000048   Code   RO         1041    i.displayed_value_ticks  ui_timing_detail_1.o
    0x0800398c   0x0800398c   0x00000036   Code   RO         1509    i.draw_all          ui_signal_detail_1.o
    0x080039c2   0x080039c2   0x00000036   Code   RO         1644    i.draw_all          ui_settings_detail_1.o
    0x080039f8   0x080039f8   0x00000060   Code   RO         1042    i.draw_ascii_center  ui_timing_detail_1.o
    0x08003a58   0x08003a58   0x00000060   Code   RO         1329    i.draw_ascii_center  ui_mechanics_detail_1.o
    0x08003ab8   0x08003ab8   0x00000164   Code   RO         1043    i.draw_body         ui_timing_detail_1.o
    0x08003c1c   0x08003c1c   0x0000008c   Code   RO         1330    i.draw_body         ui_mechanics_detail_1.o
    0x08003ca8   0x08003ca8   0x0000010c   Code   RO         1044    i.draw_btn          ui_timing_detail_1.o
    0x08003db4   0x08003db4   0x0000010c   Code   RO         1331    i.draw_btn          ui_mechanics_detail_1.o
    0x08003ec0   0x08003ec0   0x0000002e   Code   RO         1045    i.draw_button_bar   ui_timing_detail_1.o
    0x08003eee   0x08003eee   0x0000002e   Code   RO         1332    i.draw_button_bar   ui_mechanics_detail_1.o
    0x08003f1c   0x08003f1c   0x000000e8   Code   RO         1510    i.draw_content      ui_signal_detail_1.o
    0x08004004   0x08004004   0x00000160   Code   RO         1645    i.draw_content      ui_settings_detail_1.o
    0x08004164   0x08004164   0x0000003c   Code   RO          964    i.draw_dot          ui_timing_menu_1.o
    0x080041a0   0x080041a0   0x0000003c   Code   RO         1255    i.draw_dot          ui_mechanics_menu_1.o
    0x080041dc   0x080041dc   0x00000038   Code   RO         1442    i.draw_dot          ui_signal_menu_1.o
    0x08004214   0x08004214   0x00000038   Code   RO         1577    i.draw_dot          ui_settings_menu_1.o
    0x0800424c   0x0800424c   0x00000094   Code   RO         1333    i.draw_footer       ui_mechanics_detail_1.o
    0x080042e0   0x080042e0   0x00000020   Code   RO         1046    i.draw_full_page    ui_timing_detail_1.o
    0x08004300   0x08004300   0x00000020   Code   RO         1334    i.draw_full_page    ui_mechanics_detail_1.o
    0x08004320   0x08004320   0x00000084   Code   RO         1047    i.draw_gb_ascii_right  ui_timing_detail_1.o
    0x080043a4   0x080043a4   0x00000058   Code   RO         1048    i.draw_gb_center    ui_timing_detail_1.o
    0x080043fc   0x080043fc   0x00000058   Code   RO         1335    i.draw_gb_center    ui_mechanics_detail_1.o
    0x08004454   0x08004454   0x000000f8   Code   RO          875    i.draw_icon_clock   ui_main.o
    0x0800454c   0x0800454c   0x00000128   Code   RO          876    i.draw_icon_gear    ui_main.o
    0x08004674   0x08004674   0x000000ec   Code   RO          877    i.draw_icon_pendulum  ui_main.o
    0x08004760   0x08004760   0x00000112   Code   RO          878    i.draw_icon_wave    ui_main.o
    0x08004872   0x08004872   0x00000002   PAD
    0x08004874   0x08004874   0x00000228   Code   RO         1578    i.draw_info         ui_settings_menu_1.o
    0x08004a9c   0x08004a9c   0x00000058   Code   RO         1443    i.draw_item         ui_signal_menu_1.o
    0x08004af4   0x08004af4   0x00000058   Code   RO         1579    i.draw_item         ui_settings_menu_1.o
    0x08004b4c   0x08004b4c   0x0000010c   Code   RO          879    i.draw_one_btn      ui_main.o
    0x08004c58   0x08004c58   0x0000010c   Code   RO          965    i.draw_one_btn      ui_timing_menu_1.o
    0x08004d64   0x08004d64   0x00000110   Code   RO         1256    i.draw_one_btn      ui_mechanics_menu_1.o
    0x08004e74   0x08004e74   0x00000110   Code   RO         1444    i.draw_one_btn      ui_signal_menu_1.o
    0x08004f84   0x08004f84   0x0000010c   Code   RO         1511    i.draw_one_btn      ui_signal_detail_1.o
    0x08005090   0x08005090   0x00000110   Code   RO         1580    i.draw_one_btn      ui_settings_menu_1.o
    0x080051a0   0x080051a0   0x0000010c   Code   RO         1646    i.draw_one_btn      ui_settings_detail_1.o
    0x080052ac   0x080052ac   0x000000c0   Code   RO          880    i.draw_one_card     ui_main.o
    0x0800536c   0x0800536c   0x00000088   Code   RO          966    i.draw_one_item     ui_timing_menu_1.o
    0x080053f4   0x080053f4   0x00000088   Code   RO         1257    i.draw_one_item     ui_mechanics_menu_1.o
    0x0800547c   0x0800547c   0x0000003c   Code   RO          881    i.draw_panel        ui_main.o
    0x080054b8   0x080054b8   0x0000003c   Code   RO          967    i.draw_panel        ui_timing_menu_1.o
    0x080054f4   0x080054f4   0x0000003c   Code   RO         1049    i.draw_panel        ui_timing_detail_1.o
    0x08005530   0x08005530   0x0000003c   Code   RO         1258    i.draw_panel        ui_mechanics_menu_1.o
    0x0800556c   0x0800556c   0x0000003c   Code   RO         1336    i.draw_panel        ui_mechanics_detail_1.o
    0x080055a8   0x080055a8   0x0000003c   Code   RO         1445    i.draw_panel        ui_signal_menu_1.o
    0x080055e4   0x080055e4   0x0000003c   Code   RO         1512    i.draw_panel        ui_signal_detail_1.o
    0x08005620   0x08005620   0x0000003c   Code   RO         1581    i.draw_panel        ui_settings_menu_1.o
    0x0800565c   0x0800565c   0x0000003c   Code   RO         1647    i.draw_panel        ui_settings_detail_1.o
    0x08005698   0x08005698   0x000000c8   Code   RO         1050    i.draw_popup        ui_timing_detail_1.o
    0x08005760   0x08005760   0x00000100   Code   RO         1337    i.draw_popup        ui_mechanics_detail_1.o
    0x08005860   0x08005860   0x0000003c   Code   RO          882    i.draw_ring         ui_main.o
    0x0800589c   0x0800589c   0x00000024   Code   RO          883    i.draw_thick_line   ui_main.o
    0x080058c0   0x080058c0   0x00000098   Code   RO          884    i.draw_titlebar     ui_main.o
    0x08005958   0x08005958   0x000000b4   Code   RO          968    i.draw_titlebar     ui_timing_menu_1.o
    0x08005a0c   0x08005a0c   0x000000f4   Code   RO         1051    i.draw_titlebar     ui_timing_detail_1.o
    0x08005b00   0x08005b00   0x000000b8   Code   RO         1259    i.draw_titlebar     ui_mechanics_menu_1.o
    0x08005bb8   0x08005bb8   0x00000098   Code   RO         1338    i.draw_titlebar     ui_mechanics_detail_1.o
    0x08005c50   0x08005c50   0x000000b4   Code   RO         1446    i.draw_titlebar     ui_signal_menu_1.o
    0x08005d04   0x08005d04   0x000000a0   Code   RO         1513    i.draw_titlebar     ui_signal_detail_1.o
    0x08005da4   0x08005da4   0x00000094   Code   RO         1582    i.draw_titlebar     ui_settings_menu_1.o
    0x08005e38   0x08005e38   0x0000008c   Code   RO         1648    i.draw_titlebar     ui_settings_detail_1.o
    0x08005ec4   0x08005ec4   0x00000032   Code   RO         1052    i.draw_value_area   ui_timing_detail_1.o
    0x08005ef6   0x08005ef6   0x0000002c   Code   RO         1339    i.draw_value_area   ui_mechanics_detail_1.o
    0x08005f22   0x08005f22   0x00000002   PAD
    0x08005f24   0x08005f24   0x0000005c   Code   RO         1053    i.edge_queue_pop    ui_timing_detail_1.o
    0x08005f80   0x08005f80   0x00000058   Code   RO         1054    i.edge_queue_push   ui_timing_detail_1.o
    0x08005fd8   0x08005fd8   0x00000020   Code   RO         1055    i.edge_queue_reset  ui_timing_detail_1.o
    0x08005ff8   0x08005ff8   0x000000a4   Code   RO          885    i.fill_round_rect   ui_main.o
    0x0800609c   0x0800609c   0x000000a4   Code   RO          969    i.fill_round_rect   ui_timing_menu_1.o
    0x08006140   0x08006140   0x000000a4   Code   RO         1056    i.fill_round_rect   ui_timing_detail_1.o
    0x080061e4   0x080061e4   0x000000a4   Code   RO         1260    i.fill_round_rect   ui_mechanics_menu_1.o
    0x08006288   0x08006288   0x000000a4   Code   RO         1340    i.fill_round_rect   ui_mechanics_detail_1.o
    0x0800632c   0x0800632c   0x000000a4   Code   RO         1447    i.fill_round_rect   ui_signal_menu_1.o
    0x080063d0   0x080063d0   0x000000a4   Code   RO         1514    i.fill_round_rect   ui_signal_detail_1.o
    0x08006474   0x08006474   0x000000a4   Code   RO         1583    i.fill_round_rect   ui_settings_menu_1.o
    0x08006518   0x08006518   0x000000a4   Code   RO         1649    i.fill_round_rect   ui_settings_detail_1.o
    0x080065bc   0x080065bc   0x000000b8   Code   RO         1057    i.format_main_value  ui_timing_detail_1.o
    0x08006674   0x08006674   0x00000024   Code   RO          313    i.gui_draw_hline    lcd.o
    0x08006698   0x08006698   0x000000b0   Code   RO          314    i.gui_fill_circle   lcd.o
    0x08006748   0x08006748   0x00000030   Code   RO         1058    i.handle_clear      ui_timing_detail_1.o
    0x08006778   0x08006778   0x0000003c   Code   RO         1059    i.handle_ok         ui_timing_detail_1.o
    0x080067b4   0x080067b4   0x00000054   Code   RO         1060    i.handle_switch     ui_timing_detail_1.o
    0x08006808   0x08006808   0x0000004c   Code   RO          886    i.hit_btn           ui_main.o
    0x08006854   0x08006854   0x0000004c   Code   RO          970    i.hit_btn           ui_timing_menu_1.o
    0x080068a0   0x080068a0   0x0000004c   Code   RO         1061    i.hit_btn           ui_timing_detail_1.o
    0x080068ec   0x080068ec   0x0000004c   Code   RO         1261    i.hit_btn           ui_mechanics_menu_1.o
    0x08006938   0x08006938   0x0000004c   Code   RO         1341    i.hit_btn           ui_mechanics_detail_1.o
    0x08006984   0x08006984   0x0000004c   Code   RO         1448    i.hit_btn           ui_signal_menu_1.o
    0x080069d0   0x080069d0   0x0000004c   Code   RO         1515    i.hit_btn           ui_signal_detail_1.o
    0x08006a1c   0x08006a1c   0x0000004c   Code   RO         1584    i.hit_btn           ui_settings_menu_1.o
    0x08006a68   0x08006a68   0x0000004c   Code   RO         1650    i.hit_btn           ui_settings_detail_1.o
    0x08006ab4   0x08006ab4   0x0000003a   Code   RO          887    i.hit_card          ui_main.o
    0x08006aee   0x08006aee   0x00000036   Code   RO          971    i.hit_item          ui_timing_menu_1.o
    0x08006b24   0x08006b24   0x00000036   Code   RO         1262    i.hit_item          ui_mechanics_menu_1.o
    0x08006b5a   0x08006b5a   0x00000002   PAD
    0x08006b5c   0x08006b5c   0x0000004c   Code   RO         1062    i.hit_popup_option  ui_timing_detail_1.o
    0x08006ba8   0x08006ba8   0x00000064   Code   RO         1342    i.hit_popup_option  ui_mechanics_detail_1.o
    0x08006c0c   0x08006c0c   0x000000d4   Code   RO          317    i.lcd_draw_bline    lcd.o
    0x08006ce0   0x08006ce0   0x000001d0   Code   RO           12    i.main              test.o
    0x08006eb0   0x08006eb0   0x0000003c   Code   RO         1063    i.process_count_event  ui_timing_detail_1.o
    0x08006eec   0x08006eec   0x00000080   Code   RO         1064    i.process_s1_event  ui_timing_detail_1.o
    0x08006f6c   0x08006f6c   0x00000080   Code   RO         1065    i.process_s2_event  ui_timing_detail_1.o
    0x08006fec   0x08006fec   0x000000a4   Code   RO           13    i.pulse_io_init     test.o
    0x08007090   0x08007090   0x0000001c   Code   RO         1343    i.reset_page        ui_mechanics_detail_1.o
    0x080070ac   0x080070ac   0x00000004   Code   RO         1651    i.run_selftest      ui_settings_detail_1.o
    0x080070b0   0x080070b0   0x0000006c   Code   RO         1066    i.save_history      ui_timing_detail_1.o
    0x0800711c   0x0800711c   0x00000028   Code   RO         1067    i.set_stopped       ui_timing_detail_1.o
    0x08007144   0x08007144   0x0000001c   Code   RO         1516    i.signal_detail_clear  ui_signal_detail_1.o
    0x08007160   0x08007160   0x00000024   Code   RO         1517    i.signal_detail_switch  ui_signal_detail_1.o
    0x08007184   0x08007184   0x0000004c   Code   RO         1832    i.sqrt              m_ws.l(sqrt.o)
    0x080071d0   0x080071d0   0x00000028   Code   RO         1652    i.start_selftest    ui_settings_detail_1.o
    0x080071f8   0x080071f8   0x00000024   Code   RO         1344    i.switch_view       ui_mechanics_detail_1.o
    0x0800721c   0x0800721c   0x00000054   Code   RO         1068    i.timer_base_init   ui_timing_detail_1.o
    0x08007270   0x08007270   0x00000024   Code   RO         1069    i.timer_base_now    ui_timing_detail_1.o
    0x08007294   0x08007294   0x00000014   Code   RO         1070    i.timer_base_start  ui_timing_detail_1.o
    0x080072a8   0x080072a8   0x00000010   Code   RO         1071    i.timer_base_stop   ui_timing_detail_1.o
    0x080072b8   0x080072b8   0x00000028   Code   RO         1072    i.timing_exti_enable  ui_timing_detail_1.o
    0x080072e0   0x080072e0   0x000000ac   Code   RO         1073    i.timing_exti_init  ui_timing_detail_1.o
    0x0800738c   0x0800738c   0x00000028   Code   RO           19    i.wait_touch_release  test.o
    0x080073b4   0x080073b4   0x00000018   Code   RO         1853    x$fpl$dcmpinf       fz_ws.l(dcmpi.o)
    0x080073cc   0x080073cc   0x0000005a   Code   RO         1783    x$fpl$dfixu         fz_ws.l(dfixu.o)
    0x08007426   0x08007426   0x00000026   Code   RO         1787    x$fpl$dfltu         fz_ws.l(dflt_clz.o)
    0x0800744c   0x0800744c   0x00000078   Code   RO         1793    x$fpl$dleqf         fz_ws.l(dleqf.o)
    0x080074c4   0x080074c4   0x00000154   Code   RO         1795    x$fpl$dmul          fz_ws.l(dmul.o)
    0x08007618   0x08007618   0x0000009c   Code   RO         1855    x$fpl$dnaninf       fz_ws.l(dnaninf.o)
    0x080076b4   0x080076b4   0x0000000c   Code   RO         1857    x$fpl$dretinf       fz_ws.l(dretinf.o)
    0x080076c0   0x080076c0   0x0000006c   Code   RO         1797    x$fpl$drleqf        fz_ws.l(drleqf.o)
    0x0800772c   0x0800772c   0x000001cc   Code   RO         1859    x$fpl$dsqrt         fz_ws.l(dsqrt_noumaal.o)
    0x080078f8   0x080078f8   0x00000056   Code   RO         1799    x$fpl$f2d           fz_ws.l(f2d.o)
    0x0800794e   0x0800794e   0x00000002   PAD
    0x08007950   0x08007950   0x000000c4   Code   RO         1801    x$fpl$fadd          fz_ws.l(faddsub_clz.o)
    0x08007a14   0x08007a14   0x00000184   Code   RO         1808    x$fpl$fdiv          fz_ws.l(fdiv.o)
    0x08007b98   0x08007b98   0x00000036   Code   RO         1811    x$fpl$ffix          fz_ws.l(ffix.o)
    0x08007bce   0x08007bce   0x00000002   PAD
    0x08007bd0   0x08007bd0   0x0000003e   Code   RO         1815    x$fpl$ffixu         fz_ws.l(ffixu.o)
    0x08007c0e   0x08007c0e   0x00000002   PAD
    0x08007c10   0x08007c10   0x00000030   Code   RO         1820    x$fpl$fflt          fz_ws.l(fflt_clz.o)
    0x08007c40   0x08007c40   0x00000026   Code   RO         1819    x$fpl$ffltu         fz_ws.l(fflt_clz.o)
    0x08007c66   0x08007c66   0x00000002   PAD
    0x08007c68   0x08007c68   0x00000102   Code   RO         1827    x$fpl$fmul          fz_ws.l(fmul.o)
    0x08007d6a   0x08007d6a   0x0000008c   Code   RO         1863    x$fpl$fnaninf       fz_ws.l(fnaninf.o)
    0x08007df6   0x08007df6   0x0000000a   Code   RO         1865    x$fpl$fretinf       fz_ws.l(fretinf.o)
    0x08007e00   0x08007e00   0x000000ea   Code   RO         1803    x$fpl$fsub          fz_ws.l(faddsub_clz.o)
    0x08007eea   0x08007eea   0x00000000   Code   RO         1867    x$fpl$usenofp       fz_ws.l(usenofp.o)
    0x08007eea   0x08007eea   0x000034ca   Data   RO          320    .constdata          lcd.o
    0x0800b3b4   0x0800b3b4   0x0000000a   Data   RO          552    .constdata          ctp.o
    0x0800b3be   0x0800b3be   0x00000002   PAD
    0x0800b3c0   0x0800b3c0   0x00000004   Data   RO          674    .constdata          touch.o
    0x0800b3c4   0x0800b3c4   0x0000005c   Data   RO          888    .constdata          ui_main.o
    0x0800b420   0x0800b420   0x00000034   Data   RO          972    .constdata          ui_timing_menu_1.o
    0x0800b454   0x0800b454   0x00000074   Data   RO         1075    .constdata          ui_timing_detail_1.o
    0x0800b4c8   0x0800b4c8   0x0000003c   Data   RO         1263    .constdata          ui_mechanics_menu_1.o
    0x0800b504   0x0800b504   0x000000e4   Data   RO         1346    .constdata          ui_mechanics_detail_1.o
    0x0800b5e8   0x0800b5e8   0x00000028   Data   RO         1449    .constdata          ui_signal_menu_1.o
    0x0800b610   0x0800b610   0x0000003c   Data   RO         1518    .constdata          ui_signal_detail_1.o
    0x0800b64c   0x0800b64c   0x00000028   Data   RO         1585    .constdata          ui_settings_menu_1.o
    0x0800b674   0x0800b674   0x00000028   Data   RO         1653    .constdata          ui_settings_detail_1.o
    0x0800b69c   0x0800b69c   0x00000011   Data   RO         1766    .constdata          c_w.l(__printf_flags_ss_wp.o)
    0x0800b6ad   0x0800b6ad   0x00000003   PAD
    0x0800b6b0   0x0800b6b0   0x00000079   Data   RO          675    .conststring        touch.o
    0x0800b729   0x0800b729   0x00000003   PAD
    0x0800b72c   0x0800b72c   0x00000059   Data   RO          889    .conststring        ui_main.o
    0x0800b785   0x0800b785   0x00000003   PAD
    0x0800b788   0x0800b788   0x00000021   Data   RO          973    .conststring        ui_timing_menu_1.o
    0x0800b7a9   0x0800b7a9   0x00000003   PAD
    0x0800b7ac   0x0800b7ac   0x00000049   Data   RO         1076    .conststring        ui_timing_detail_1.o
    0x0800b7f5   0x0800b7f5   0x00000003   PAD
    0x0800b7f8   0x0800b7f8   0x00000041   Data   RO         1264    .conststring        ui_mechanics_menu_1.o
    0x0800b839   0x0800b839   0x00000003   PAD
    0x0800b83c   0x0800b83c   0x00000181   Data   RO         1347    .conststring        ui_mechanics_detail_1.o
    0x0800b9bd   0x0800b9bd   0x00000003   PAD
    0x0800b9c0   0x0800b9c0   0x00000021   Data   RO         1519    .conststring        ui_signal_detail_1.o
    0x0800b9e1   0x0800b9e1   0x00000003   PAD
    0x0800b9e4   0x0800b9e4   0x00000020   Data   RO         2025    Region$$Table       anon$$obj.o


    Execution Region RW_IRAM1 (Exec base: 0x20000000, Load base: 0x0800ba04, Size: 0x00000948, Max: 0x00005000, ABSOLUTE)

    Exec Addr    Load Addr    Size         Type   Attr      Idx    E Section Name        Object

    0x20000000   0x0800ba04   0x00000004   Data   RW          133    .data               delay.o
    0x20000004   0x0800ba08   0x00000006   Data   RW          243    .data               usart.o
    0x2000000a   0x0800ba0e   0x00000004   Data   RW          321    .data               lcd.o
    0x2000000e   0x0800ba12   0x00000001   Data   RW          553    .data               ctp.o
    0x2000000f   0x0800ba13   0x00000001   PAD
    0x20000010   0x0800ba14   0x00000036   Data   RW          676    .data               touch.o
    0x20000046   0x0800ba4a   0x00000001   Data   RW          890    .data               ui_main.o
    0x20000047   0x0800ba4b   0x00000003   Data   RW          974    .data               ui_timing_menu_1.o
    0x2000004a   0x0800ba4e   0x00000002   PAD
    0x2000004c   0x0800ba50   0x00000009   Data   RW         1077    .data               ui_timing_detail_1.o
    0x20000055   0x0800ba59   0x00000003   Data   RW         1265    .data               ui_mechanics_menu_1.o
    0x20000058   0x0800ba5c   0x00000001   Data   RW         1348    .data               ui_mechanics_detail_1.o
    0x20000059   0x0800ba5d   0x00000002   Data   RW         1451    .data               ui_signal_menu_1.o
    0x2000005b   0x0800ba5f   0x00000003   Data   RW         1520    .data               ui_signal_detail_1.o
    0x2000005e   0x0800ba62   0x00000001   Data   RW         1587    .data               ui_settings_menu_1.o
    0x2000005f   0x0800ba63   0x00000003   Data   RW         1655    .data               ui_settings_detail_1.o
    0x20000062   0x0800ba66   0x00000002   PAD
    0x20000064        -       0x000000c8   Zero   RW          242    .bss                usart.o
    0x2000012c        -       0x0000000e   Zero   RW          319    .bss                lcd.o
    0x2000013a   0x0800ba66   0x00000002   PAD
    0x2000013c        -       0x0000019c   Zero   RW         1074    .bss                ui_timing_detail_1.o
    0x200002d8        -       0x0000000b   Zero   RW         1345    .bss                ui_mechanics_detail_1.o
    0x200002e3   0x0800ba66   0x00000001   PAD
    0x200002e4        -       0x00000060   Zero   RW         1891    .bss                c_w.l(libspace.o)
    0x20000344   0x0800ba66   0x00000004   PAD
    0x20000348        -       0x00000200   Zero   RW            2    HEAP                startup_stm32f10x_hd.o
    0x20000548        -       0x00000400   Zero   RW            1    STACK               startup_stm32f10x_hd.o


==============================================================================

Image component sizes


      Code (inc. data)   RO Data    RW Data    ZI Data      Debug   Object Name

       694        104          0          0          0       4973   ctiic.o
       540         22         10          1          0       4001   ctp.o
       184         16          0          4          0       1855   delay.o
      3852        162      13514          4         14      22799   lcd.o
        56         22        304          0       1536        836   startup_stm32f10x_hd.o
       484         54          0          0          0       4436   sys.o
       668         34          0          0          0     208419   test.o
      4188        300        125         54          0      13184   touch.o
      2364        122        181          1          0      11002   ui_main.o
      2346        238        613          1         11      14704   ui_mechanics_detail_1.o
      1358        138        125          3          0       9235   ui_mechanics_menu_1.o
      1358        188         40          3          0       7998   ui_settings_detail_1.o
      1678        338         40          1          0       7454   ui_settings_menu_1.o
      1302        168         93          3          0       7902   ui_signal_detail_1.o
      1182        126         40          2          0       7468   ui_signal_menu_1.o
      4052        438        189          9        412      26857   ui_timing_detail_1.o
      1350        134         85          3          0       9127   ui_timing_menu_1.o
       138         14          0          6        200       3008   usart.o

    ----------------------------------------------------------------------
     27810       2618      15414        100       2176     365258   Object Totals
         0          0         32          0          0          0   (incl. Generated)
        16          0         23          5          3          0   (incl. Padding)

    ----------------------------------------------------------------------

      Code (inc. data)   RO Data    RW Data    ZI Data      Debug   Library Member Name

         8          0          0          0          0         68   __main.o
       392          4         17          0          0         92   __printf_flags_ss_wp.o
        14          0          0          0          0         68   __printf_wp.o
         0          0          0          0          0          0   __rtentry.o
        12          0          0          0          0          0   __rtentry2.o
         6          0          0          0          0          0   __rtentry4.o
        52          8          0          0          0          0   __scatter.o
        26          0          0          0          0          0   __scatter_copy.o
        28          0          0          0          0          0   __scatter_zi.o
        48          6          0          0          0         96   _printf_char_common.o
       120         16          0          0          0         92   _printf_dec.o
       178          0          0          0          0         88   _printf_intcommon.o
        78          0          0          0          0        108   _printf_pad.o
         0          0          0          0          0          0   _printf_percent.o
         4          0          0          0          0          0   _printf_percent_end.o
         6          0          0          0          0          0   _printf_u.o
        22          0          0          0          0        100   _rserrno.o
        16          0          0          0          0         68   _snputc.o
        10          0          0          0          0         68   _sputc.o
        18          0          0          0          0         80   exit.o
         6          0          0          0          0        152   heapauxi.o
         2          0          0          0          0          0   libinit.o
         2          0          0          0          0          0   libinit2.o
         2          0          0          0          0          0   libshutdown.o
         2          0          0          0          0          0   libshutdown2.o
         8          4          0          0         96         68   libspace.o
        52          4          0          0          0         84   noretval__2snprintf.o
         8          4          0          0          0         68   rt_errno_addr_intlibspace.o
        78          0          0          0          0         80   rt_memclr_w.o
         2          0          0          0          0          0   rtexit.o
        10          0          0          0          0          0   rtexit2.o
        72          0          0          0          0         80   strcpy.o
        62          0          0          0          0         76   strlen.o
        74          0          0          0          0         80   sys_stackheap_outer.o
         2          0          0          0          0         68   use_no_semi.o
         2          0          0          0          0         68   use_no_semi_2.o
        24          0          0          0          0         68   dcmpi.o
        90          4          0          0          0         92   dfixu.o
        38          0          0          0          0         68   dflt_clz.o
       120          4          0          0          0         92   dleqf.o
       340         12          0          0          0        104   dmul.o
       156          4          0          0          0         92   dnaninf.o
        12          0          0          0          0         68   dretinf.o
       108          0          0          0          0         80   drleqf.o
       460         56          0          0          0        120   dsqrt_noumaal.o
        86          4          0          0          0         84   f2d.o
       430          8          0          0          0        168   faddsub_clz.o
       388         76          0          0          0         96   fdiv.o
        54          4          0          0          0         84   ffix.o
        62          4          0          0          0         84   ffixu.o
        86          0          0          0          0        136   fflt_clz.o
       258          4          0          0          0         84   fmul.o
       140          4          0          0          0         84   fnaninf.o
        10          0          0          0          0         68   fretinf.o
         0          0          0          0          0          0   usenofp.o
        76          0          0          0          0         84   sqrt.o

    ----------------------------------------------------------------------
      4376        230         20          0        100       3508   Library Totals
        16          0          3          0          4          0   (incl. Padding)

    ----------------------------------------------------------------------

      Code (inc. data)   RO Data    RW Data    ZI Data      Debug   Library Name

      1422         46         17          0         96       1752   c_w.l
      2862        184          0          0          0       1672   fz_ws.l
        76          0          0          0          0         84   m_ws.l

    ----------------------------------------------------------------------
      4376        230         20          0        100       3508   Library Totals

    ----------------------------------------------------------------------

==============================================================================


      Code (inc. data)   RO Data    RW Data    ZI Data      Debug   

     32186       2848      15434        100       2276     356022   Grand Totals
     32186       2848      15434        100       2276     356022   ELF Image Totals
     32186       2848      15434        100          0          0   ROM Totals

==============================================================================

    Total RO  Size (Code + RO Data)                47620 (  46.50kB)
    Total RW  Size (RW Data + ZI Data)              2376 (   2.32kB)
    Total ROM Size (Code + RO Data + RW Data)      47720 (  46.60kB)

==============================================================================

